Device: cpu

🔬 ABLATION — meta_mode=random, seed=42

  Instantiated parameters: 231,050
  Parameters that train and act: 152,518
  (GRU meta-controller + meta-value head unused in this arm: 78,532 params)

======================================================================
PHASE 1: TRAINING
======================================================================

  Interleaved training from scratch (shared optimizer, meta_mode=random)...
  . rollout 0 (morr) collect=0.51s update=1.51s elapsed=0.0m
  . rollout 20 (morr) collect=0.37s update=1.22s elapsed=0.6m
  . rollout 40 (morr) collect=0.41s update=1.35s elapsed=1.2m
  . rollout 60 (morr) collect=0.40s update=1.33s elapsed=1.9m
  . rollout 80 (morr) collect=0.41s update=1.32s elapsed=2.5m
  . rollout 100 (morr) collect=0.41s update=1.31s elapsed=3.2m
  . rollout 120 (morr) collect=0.41s update=1.30s elapsed=3.8m
  . rollout 140 (morr) collect=0.39s update=1.25s elapsed=4.4m
  [interleaved] total_eps≈990 | morr=0.57 | visu=0.50 | dyna=0.93 | visu=0.13 | above25=3 | score=8.13 | obj_ent=0.000 | 3.6 ep/s
  . rollout 160 (morr) collect=0.38s update=1.22s elapsed=5.0m
  . rollout 180 (morr) collect=0.37s update=1.22s elapsed=5.6m
  . rollout 200 (morr) collect=0.45s update=1.42s elapsed=6.2m
  . rollout 220 (morr) collect=0.39s update=1.30s elapsed=6.8m
  . rollout 240 (morr) collect=0.40s update=1.42s elapsed=7.4m
  . rollout 260 (morr) collect=0.40s update=1.45s elapsed=8.1m
  . rollout 280 (morr) collect=0.41s update=1.41s elapsed=8.7m
  [interleaved] total_eps≈1973 | morr=0.60 | visu=0.43 | dyna=0.90 | visu=0.23 | above25=3 | score=8.17 | obj_ent=0.000 | 3.6 ep/s
  . rollout 300 (morr) collect=0.38s update=1.45s elapsed=9.4m
  . rollout 320 (morr) collect=0.46s update=1.45s elapsed=10.1m
  . rollout 340 (morr) collect=0.39s update=1.32s elapsed=10.6m
  . rollout 360 (morr) collect=0.40s update=1.35s elapsed=11.2m
  . rollout 380 (morr) collect=0.44s update=1.55s elapsed=11.8m
  . rollout 400 (morr) collect=0.41s update=1.33s elapsed=12.5m
  . rollout 420 (morr) collect=0.38s update=1.33s elapsed=13.1m
  [interleaved] total_eps≈2956 | morr=0.50 | visu=0.47 | dyna=1.00 | visu=0.27 | above25=4 | score=10.23 | obj_ent=0.000 | 3.7 ep/s
  . rollout 440 (morr) collect=0.38s update=1.23s elapsed=13.7m
  . rollout 460 (morr) collect=0.37s update=1.35s elapsed=14.3m
  . rollout 480 (morr) collect=0.42s update=1.48s elapsed=14.9m
  . rollout 500 (morr) collect=0.43s update=1.42s elapsed=15.5m
  . rollout 520 (morr) collect=0.42s update=1.35s elapsed=16.1m
  . rollout 540 (morr) collect=0.42s update=1.43s elapsed=16.7m
  . rollout 560 (morr) collect=0.43s update=1.66s elapsed=17.4m
  [interleaved] total_eps≈3939 | morr=0.60 | visu=0.67 | dyna=0.93 | visu=0.07 | above25=3 | score=8.27 | obj_ent=0.000 | 3.7 ep/s
  . rollout 580 (morr) collect=0.37s update=1.24s elapsed=18.1m
  . rollout 600 (morr) collect=0.38s update=1.26s elapsed=18.6m
  . rollout 620 (morr) collect=0.39s update=1.38s elapsed=19.2m
  . rollout 640 (morr) collect=0.38s update=1.23s elapsed=19.8m
  . rollout 660 (morr) collect=0.44s update=1.35s elapsed=20.4m
  . rollout 680 (morr) collect=0.40s update=1.25s elapsed=20.9m
  . rollout 700 (morr) collect=0.37s update=1.23s elapsed=21.5m
  . rollout 720 (morr) collect=0.47s update=1.37s elapsed=22.1m
  [interleaved] total_eps≈4922 | morr=0.50 | visu=0.60 | dyna=0.93 | visu=0.37 | above25=4 | score=10.40 | obj_ent=0.000 | 3.7 ep/s
  . rollout 740 (morr) collect=0.38s update=1.24s elapsed=22.7m
  . rollout 760 (morr) collect=0.39s update=1.26s elapsed=23.3m
  . rollout 780 (morr) collect=0.55s update=1.88s elapsed=23.9m
  . rollout 800 (morr) collect=0.42s update=1.53s elapsed=24.6m
  . rollout 820 (morr) collect=0.51s update=1.57s elapsed=25.3m
  . rollout 840 (morr) collect=0.41s update=1.37s elapsed=26.0m
  . rollout 860 (morr) collect=0.43s update=1.42s elapsed=26.6m
  [interleaved] total_eps≈5905 | morr=0.37 | visu=0.43 | dyna=0.77 | visu=0.20 | above25=3 | score=7.77 | obj_ent=0.000 | 3.7 ep/s
  . rollout 880 (morr) collect=0.40s update=1.34s elapsed=27.4m
  . rollout 900 (morr) collect=0.48s update=1.52s elapsed=28.0m
  . rollout 920 (morr) collect=0.43s update=1.41s elapsed=28.7m
  . rollout 940 (morr) collect=0.46s update=1.45s elapsed=29.3m
  . rollout 960 (morr) collect=0.38s update=1.32s elapsed=29.9m
  . rollout 980 (morr) collect=0.43s update=1.37s elapsed=30.5m
  . rollout 1000 (morr) collect=0.46s update=1.43s elapsed=31.1m
  [interleaved] total_eps≈6888 | morr=0.60 | visu=0.63 | dyna=0.80 | visu=0.00 | above25=3 | score=8.03 | obj_ent=0.000 | 3.7 ep/s
  . rollout 1020 (morr) collect=0.42s update=1.43s elapsed=31.8m
  . rollout 1040 (morr) collect=0.41s update=1.31s elapsed=32.4m
  . rollout 1060 (morr) collect=0.37s update=1.24s elapsed=33.0m
  . rollout 1080 (morr) collect=0.38s update=1.24s elapsed=33.5m
  . rollout 1100 (morr) collect=0.38s update=1.24s elapsed=34.1m
  . rollout 1120 (morr) collect=0.37s update=1.23s elapsed=34.6m
  . rollout 1140 (morr) collect=0.37s update=1.22s elapsed=35.2m
  [interleaved] total_eps≈7871 | morr=0.67 | visu=0.70 | dyna=0.97 | visu=0.33 | above25=4 | score=10.67 | obj_ent=0.000 | 3.7 ep/s
  . rollout 1160 (morr) collect=0.39s update=1.37s elapsed=35.9m
  . rollout 1180 (morr) collect=0.38s update=1.23s elapsed=36.5m
  . rollout 1200 (morr) collect=0.40s update=1.29s elapsed=37.0m
  . rollout 1220 (morr) collect=0.48s update=1.45s elapsed=37.7m
  . rollout 1240 (morr) collect=0.48s update=1.47s elapsed=38.3m
  . rollout 1260 (morr) collect=0.38s update=1.34s elapsed=39.0m
  . rollout 1280 (morr) collect=0.38s update=1.32s elapsed=39.6m
  [interleaved] total_eps≈8854 | morr=0.53 | visu=0.53 | dyna=0.83 | visu=0.20 | above25=3 | score=8.10 | obj_ent=0.000 | 3.7 ep/s
  . rollout 1300 (morr) collect=0.37s update=1.24s elapsed=40.3m
  . rollout 1320 (morr) collect=0.45s update=1.54s elapsed=40.9m
  . rollout 1340 (morr) collect=0.46s update=1.42s elapsed=41.6m
  . rollout 1360 (morr) collect=0.39s update=1.45s elapsed=42.2m
  . rollout 1380 (morr) collect=0.52s update=1.55s elapsed=42.9m
  . rollout 1400 (morr) collect=0.44s update=1.52s elapsed=43.6m
  . rollout 1420 (morr) collect=0.41s update=1.31s elapsed=44.2m
  . rollout 1440 (morr) collect=0.42s update=1.28s elapsed=44.8m
  [interleaved] total_eps≈9837 | morr=0.57 | visu=0.57 | dyna=0.93 | visu=0.17 | above25=3 | score=8.23 | obj_ent=0.000 | 3.6 ep/s
  . rollout 1460 (morr) collect=0.49s update=1.73s elapsed=45.7m
  . rollout 1480 (morr) collect=0.38s update=1.45s elapsed=46.4m
  . rollout 1500 (morr) collect=0.44s update=1.38s elapsed=47.1m
  . rollout 1520 (morr) collect=0.49s update=1.45s elapsed=47.7m
  . rollout 1540 (morr) collect=0.49s update=1.54s elapsed=48.4m
  . rollout 1560 (morr) collect=0.41s update=1.43s elapsed=49.2m
  . rollout 1580 (morr) collect=0.45s update=1.61s elapsed=49.8m
  [interleaved] total_eps≈10820 | morr=0.43 | visu=0.80 | dyna=0.87 | visu=0.40 | above25=4 | score=10.50 | obj_ent=0.000 | 3.6 ep/s
  . rollout 1600 (morr) collect=0.47s update=1.59s elapsed=50.6m
  . rollout 1620 (morr) collect=0.48s update=1.58s elapsed=51.3m
  . rollout 1640 (morr) collect=0.44s update=1.44s elapsed=52.0m
  . rollout 1660 (morr) collect=0.51s update=1.44s elapsed=52.7m
  . rollout 1680 (morr) collect=0.48s update=1.50s elapsed=53.3m
  . rollout 1700 (morr) collect=0.46s update=1.83s elapsed=54.0m
  . rollout 1720 (morr) collect=0.45s update=1.39s elapsed=54.7m
  [interleaved] total_eps≈11803 | morr=0.63 | visu=0.67 | dyna=0.93 | visu=0.37 | above25=4 | score=10.60 | obj_ent=0.000 | 3.6 ep/s
  . rollout 1740 (morr) collect=0.46s update=1.51s elapsed=55.4m
  . rollout 1760 (morr) collect=0.45s update=1.55s elapsed=56.1m
  . rollout 1780 (morr) collect=0.42s update=1.36s elapsed=56.8m
  . rollout 1800 (morr) collect=0.40s update=1.37s elapsed=57.4m
  . rollout 1820 (morr) collect=0.39s update=1.39s elapsed=58.1m
  . rollout 1840 (morr) collect=0.47s update=1.67s elapsed=58.7m
  . rollout 1860 (morr) collect=0.41s update=1.39s elapsed=59.4m
  [interleaved] total_eps≈12786 | morr=0.57 | visu=0.60 | dyna=0.67 | visu=0.20 | above25=3 | score=8.03 | obj_ent=0.000 | 3.6 ep/s
  . rollout 1880 (morr) collect=0.44s update=1.34s elapsed=60.2m
  . rollout 1900 (morr) collect=0.41s update=1.47s elapsed=60.8m
  . rollout 1920 (morr) collect=0.42s update=1.41s elapsed=61.5m
  . rollout 1940 (morr) collect=0.39s update=1.28s elapsed=62.2m
  . rollout 1960 (morr) collect=0.46s update=1.46s elapsed=62.8m
  . rollout 1980 (morr) collect=0.66s update=1.40s elapsed=63.5m
  . rollout 2000 (morr) collect=0.47s update=1.47s elapsed=64.1m
  [interleaved] total_eps≈13769 | morr=0.67 | visu=0.80 | dyna=0.87 | visu=0.10 | above25=3 | score=8.43 | obj_ent=0.000 | 3.5 ep/s
  . rollout 2020 (morr) collect=0.43s update=1.45s elapsed=64.9m
  . rollout 2040 (morr) collect=0.42s update=1.53s elapsed=65.5m
  . rollout 2060 (morr) collect=0.48s update=1.40s elapsed=66.1m
  . rollout 2080 (morr) collect=0.41s update=1.45s elapsed=66.8m
  . rollout 2100 (morr) collect=0.50s update=1.57s elapsed=67.4m
  . rollout 2120 (morr) collect=0.47s update=1.55s elapsed=68.1m
  . rollout 2140 (morr) collect=0.38s update=1.37s elapsed=68.7m
  . rollout 2160 (morr) collect=0.42s update=1.50s elapsed=69.3m
  [interleaved] total_eps≈14752 | morr=0.50 | visu=0.73 | dyna=0.90 | visu=0.23 | above25=3 | score=8.37 | obj_ent=0.000 | 3.5 ep/s
  . rollout 2180 (morr) collect=0.48s update=1.54s elapsed=70.1m
  . rollout 2200 (morr) collect=0.44s update=1.50s elapsed=70.7m
  . rollout 2220 (morr) collect=0.45s update=1.55s elapsed=71.4m
  . rollout 2240 (morr) collect=0.49s update=1.53s elapsed=72.0m
  . rollout 2260 (morr) collect=0.43s update=1.77s elapsed=72.7m
  . rollout 2280 (morr) collect=0.40s update=1.48s elapsed=73.4m
  . rollout 2300 (morr) collect=0.44s update=1.43s elapsed=74.1m
  [interleaved] total_eps≈15735 | morr=0.50 | visu=0.73 | dyna=0.90 | visu=0.27 | above25=4 | score=10.40 | obj_ent=0.000 | 3.5 ep/s
  . rollout 2320 (morr) collect=0.43s update=1.38s elapsed=74.9m
  . rollout 2340 (morr) collect=0.47s update=1.58s elapsed=75.5m
  . rollout 2360 (morr) collect=0.47s update=1.56s elapsed=76.2m
  . rollout 2380 (morr) collect=0.44s update=1.76s elapsed=76.9m
  . rollout 2400 (morr) collect=0.51s update=1.56s elapsed=77.6m
  . rollout 2420 (morr) collect=0.46s update=1.44s elapsed=78.3m
  . rollout 2440 (morr) collect=0.52s update=1.69s elapsed=78.9m
  [interleaved] total_eps≈16719 | morr=0.63 | visu=0.77 | dyna=0.90 | visu=0.30 | above25=4 | score=10.60 | obj_ent=0.000 | 3.5 ep/s
  . rollout 2460 (morr) collect=0.46s update=1.55s elapsed=79.7m
  . rollout 2480 (morr) collect=0.44s update=1.53s elapsed=80.4m
  . rollout 2500 (morr) collect=0.50s update=1.41s elapsed=81.1m
  . rollout 2520 (morr) collect=0.37s update=1.27s elapsed=81.7m
  . rollout 2540 (morr) collect=0.56s update=1.54s elapsed=82.4m
  . rollout 2560 (morr) collect=0.44s update=1.31s elapsed=83.1m
  . rollout 2580 (morr) collect=0.47s update=1.59s elapsed=83.8m
  [interleaved] total_eps≈17702 | morr=0.57 | visu=0.73 | dyna=0.83 | visu=0.27 | above25=4 | score=10.40 | obj_ent=0.000 | 3.5 ep/s
  [multi-task early stop: best_score=10.67, current=10.40, restoring best]
  [restoring best model: sum=10.67]

======================================================================
PHASE 2: EVALUATION
======================================================================
  ✓ random on morris_water_maze: success_rate=0.630
  ✓ random on visual_foraging: success_rate=0.520
  ✓ random on dynamic_obstacles: success_rate=0.930
  ✓ random on visual_search: success_rate=0.200

  random: multi-task avg=0.570, zero-shot avg=0.603
  Saved ablation report: results_ablation_random/seed42/evaluation_report.json

✓ Experiment complete. Results saved to: results_ablation_random/seed42
