Device: cpu

🔬 FULL EXPERIMENT — All tasks, both models

============================================================
MODEL PARAMETER COMPARISON
============================================================
  Augmented (PFC) model: 231,050 parameters
  Baseline (Fixed) model: 231,590 parameters
  Ratio: 1.00x
  Difference: 540 params
============================================================
  Estimated VRAM (model + optimizer):
    Augmented: ~2.6 MB
    Baseline:  ~2.7 MB
    Combined:  ~5.3 MB
============================================================

======================================================================
PHASE 1: TRAINING
======================================================================

  Interleaved training from scratch (shared optimizer, meta_mode=learned)...
  . rollout 0 (morr) collect=0.45s update=1.52s elapsed=0.0m
  . rollout 20 (morr) collect=0.49s update=1.38s elapsed=0.7m
  . rollout 40 (morr) collect=0.50s update=1.50s elapsed=1.4m
  . rollout 60 (morr) collect=0.65s update=1.68s elapsed=2.1m
  . rollout 80 (morr) collect=0.56s update=1.61s elapsed=2.8m
  . rollout 100 (morr) collect=0.76s update=1.74s elapsed=3.5m
  . rollout 120 (morr) collect=0.52s update=1.44s elapsed=4.2m
  . rollout 140 (morr) collect=0.55s update=1.47s elapsed=4.9m
  [interleaved] total_eps≈990 | morr=0.23 | visu=0.43 | dyna=0.33 | visu=0.13 | above25=2 | score=5.13 | obj_ent=0.896 | 3.1 ep/s
  . rollout 160 (morr) collect=0.49s update=1.48s elapsed=5.8m
  . rollout 180 (morr) collect=0.51s update=1.48s elapsed=6.6m
  . rollout 200 (morr) collect=0.54s update=1.44s elapsed=7.3m
  . rollout 220 (morr) collect=0.52s update=1.43s elapsed=7.9m
  . rollout 240 (morr) collect=0.51s update=1.37s elapsed=8.6m
  . rollout 260 (morr) collect=0.48s update=1.37s elapsed=9.2m
  . rollout 280 (morr) collect=0.53s update=1.56s elapsed=9.9m
  [interleaved] total_eps≈1973 | morr=0.37 | visu=0.43 | dyna=0.87 | visu=0.27 | above25=4 | score=9.93 | obj_ent=0.941 | 3.2 ep/s
  . rollout 300 (morr) collect=0.51s update=1.45s elapsed=10.7m
  . rollout 320 (morr) collect=0.48s update=1.44s elapsed=11.4m
  . rollout 340 (morr) collect=0.56s update=1.51s elapsed=12.2m
  . rollout 360 (morr) collect=0.55s update=1.67s elapsed=12.9m
  . rollout 380 (morr) collect=0.88s update=1.70s elapsed=13.5m
  . rollout 400 (morr) collect=0.48s update=1.43s elapsed=14.3m
  . rollout 420 (morr) collect=0.51s update=1.40s elapsed=14.9m
  [interleaved] total_eps≈2956 | morr=0.20 | visu=0.43 | dyna=0.57 | visu=0.17 | above25=2 | score=5.37 | obj_ent=0.810 | 3.2 ep/s
  . rollout 440 (morr) collect=0.61s update=1.77s elapsed=15.8m
  . rollout 460 (morr) collect=0.51s update=1.64s elapsed=16.5m
  . rollout 480 (morr) collect=0.45s update=1.35s elapsed=17.2m
  . rollout 500 (morr) collect=0.46s update=1.44s elapsed=17.8m
  . rollout 520 (morr) collect=0.46s update=1.33s elapsed=18.5m
  . rollout 540 (morr) collect=0.54s update=1.45s elapsed=19.2m
  . rollout 560 (morr) collect=0.66s update=1.63s elapsed=19.9m
  [interleaved] total_eps≈3939 | morr=0.37 | visu=0.50 | dyna=0.73 | visu=0.17 | above25=3 | score=7.77 | obj_ent=0.802 | 3.2 ep/s
  . rollout 580 (morr) collect=0.50s update=1.43s elapsed=20.9m
  . rollout 600 (morr) collect=0.54s update=1.71s elapsed=21.7m
  . rollout 620 (morr) collect=0.51s update=1.42s elapsed=22.4m
  . rollout 640 (morr) collect=0.50s update=1.60s elapsed=23.0m
  . rollout 660 (morr) collect=0.51s update=1.33s elapsed=23.7m
  . rollout 680 (morr) collect=0.60s update=1.52s elapsed=24.4m
  . rollout 700 (morr) collect=0.50s update=1.32s elapsed=25.0m
  . rollout 720 (morr) collect=0.47s update=1.32s elapsed=25.7m
  [interleaved] total_eps≈4922 | morr=0.40 | visu=0.43 | dyna=0.80 | visu=0.03 | above25=3 | score=7.67 | obj_ent=0.790 | 3.2 ep/s
  . rollout 740 (morr) collect=0.50s update=1.36s elapsed=26.5m
  . rollout 760 (morr) collect=0.46s update=1.36s elapsed=27.2m
  . rollout 780 (morr) collect=0.63s update=1.93s elapsed=27.9m
  . rollout 800 (morr) collect=0.61s update=1.64s elapsed=28.6m
  . rollout 820 (morr) collect=0.64s update=1.63s elapsed=29.4m
  . rollout 840 (morr) collect=0.68s update=1.74s elapsed=30.2m
  . rollout 860 (morr) collect=0.65s update=1.72s elapsed=30.9m
  [interleaved] total_eps≈5905 | morr=0.30 | visu=0.67 | dyna=0.90 | visu=0.23 | above25=3 | score=8.10 | obj_ent=0.863 | 3.2 ep/s
  . rollout 880 (morr) collect=0.62s update=1.73s elapsed=31.8m
  . rollout 900 (morr) collect=0.57s update=1.51s elapsed=32.5m
  . rollout 920 (morr) collect=0.61s update=1.79s elapsed=33.3m
  . rollout 940 (morr) collect=0.59s update=1.58s elapsed=34.0m
  . rollout 960 (morr) collect=0.50s update=1.50s elapsed=34.7m
  . rollout 980 (morr) collect=0.76s update=1.68s elapsed=35.4m
  . rollout 1000 (morr) collect=0.53s update=1.47s elapsed=36.1m
  [interleaved] total_eps≈6888 | morr=0.33 | visu=0.73 | dyna=0.83 | visu=0.07 | above25=3 | score=7.97 | obj_ent=0.853 | 3.1 ep/s
  . rollout 1020 (morr) collect=0.48s update=1.35s elapsed=36.9m
  . rollout 1040 (morr) collect=0.51s update=1.34s elapsed=37.6m
  . rollout 1060 (morr) collect=0.47s update=1.42s elapsed=38.2m
  . rollout 1080 (morr) collect=0.46s update=1.33s elapsed=38.8m
  . rollout 1100 (morr) collect=0.67s update=1.73s elapsed=39.5m
  . rollout 1120 (morr) collect=0.49s update=1.34s elapsed=40.2m
  . rollout 1140 (morr) collect=0.50s update=1.34s elapsed=40.8m
  [interleaved] total_eps≈7871 | morr=0.60 | visu=0.60 | dyna=0.77 | visu=0.17 | above25=3 | score=8.13 | obj_ent=0.778 | 3.2 ep/s
  . rollout 1160 (morr) collect=0.59s update=1.64s elapsed=41.7m
  . rollout 1180 (morr) collect=1.17s update=2.58s elapsed=42.5m
  . rollout 1200 (morr) collect=0.89s update=2.04s elapsed=43.3m
  . rollout 1220 (morr) collect=0.54s update=1.51s elapsed=44.0m
  . rollout 1240 (morr) collect=0.69s update=1.90s elapsed=44.8m
  . rollout 1260 (morr) collect=0.57s update=1.73s elapsed=45.6m
  . rollout 1280 (morr) collect=0.64s update=1.61s elapsed=46.4m
  [interleaved] total_eps≈8854 | morr=0.43 | visu=0.70 | dyna=0.83 | visu=0.07 | above25=3 | score=8.03 | obj_ent=0.881 | 3.1 ep/s
  . rollout 1300 (morr) collect=0.68s update=1.87s elapsed=47.4m
  . rollout 1320 (morr) collect=0.57s update=1.35s elapsed=48.1m
  . rollout 1340 (morr) collect=0.51s update=1.62s elapsed=48.8m
  . rollout 1360 (morr) collect=0.77s update=1.81s elapsed=49.6m
  . rollout 1380 (morr) collect=0.79s update=2.14s elapsed=50.5m
  . rollout 1400 (morr) collect=0.94s update=1.86s elapsed=51.3m
  . rollout 1420 (morr) collect=0.64s update=1.88s elapsed=52.1m
  . rollout 1440 (morr) collect=0.68s update=1.75s elapsed=52.9m
  [interleaved] total_eps≈9837 | morr=0.70 | visu=0.63 | dyna=0.80 | visu=0.13 | above25=3 | score=8.27 | obj_ent=0.801 | 3.1 ep/s
  . rollout 1460 (morr) collect=0.69s update=1.92s elapsed=53.9m
  . rollout 1480 (morr) collect=0.63s update=1.90s elapsed=54.7m
  . rollout 1500 (morr) collect=0.64s update=1.88s elapsed=55.5m
  . rollout 1520 (morr) collect=0.71s update=2.22s elapsed=56.4m
  . rollout 1540 (morr) collect=0.62s update=1.55s elapsed=57.2m
  . rollout 1560 (morr) collect=0.57s update=1.67s elapsed=58.0m
  . rollout 1580 (morr) collect=0.64s update=1.70s elapsed=58.8m
  [interleaved] total_eps≈10820 | morr=0.57 | visu=0.77 | dyna=0.87 | visu=0.07 | above25=3 | score=8.27 | obj_ent=0.809 | 3.1 ep/s
  . rollout 1600 (morr) collect=0.86s update=1.91s elapsed=59.8m
  . rollout 1620 (morr) collect=0.82s update=2.02s elapsed=60.6m
  . rollout 1640 (morr) collect=0.61s update=1.62s elapsed=61.4m
  . rollout 1660 (morr) collect=0.72s update=1.95s elapsed=62.2m
  . rollout 1680 (morr) collect=0.71s update=1.90s elapsed=63.0m
  . rollout 1700 (morr) collect=0.77s update=1.84s elapsed=63.8m
  . rollout 1720 (morr) collect=0.81s update=1.86s elapsed=64.7m
  [interleaved] total_eps≈11803 | morr=0.93 | visu=0.57 | dyna=0.97 | visu=0.10 | above25=3 | score=8.57 | obj_ent=0.708 | 3.0 ep/s
  . rollout 1740 (morr) collect=0.56s update=1.38s elapsed=65.6m
  . rollout 1760 (morr) collect=0.86s update=2.08s elapsed=66.4m
  . rollout 1780 (morr) collect=0.76s update=1.92s elapsed=67.2m
  . rollout 1800 (morr) collect=0.84s update=1.82s elapsed=68.0m
  . rollout 1820 (morr) collect=0.76s update=1.51s elapsed=68.8m
  . rollout 1840 (morr) collect=0.74s update=1.64s elapsed=69.6m
  . rollout 1860 (morr) collect=0.73s update=1.74s elapsed=70.3m
  [interleaved] total_eps≈12786 | morr=0.97 | visu=0.70 | dyna=0.90 | visu=0.13 | above25=3 | score=8.70 | obj_ent=0.786 | 3.0 ep/s
  . rollout 1880 (morr) collect=0.68s update=1.56s elapsed=71.2m
  . rollout 1900 (morr) collect=0.60s update=1.58s elapsed=71.9m
  . rollout 1920 (morr) collect=0.62s update=1.56s elapsed=72.7m
  . rollout 1940 (morr) collect=0.70s update=1.72s elapsed=73.4m
  . rollout 1960 (morr) collect=0.70s update=1.82s elapsed=74.2m
  . rollout 1980 (morr) collect=0.72s update=1.69s elapsed=75.0m
  . rollout 2000 (morr) collect=0.78s update=1.68s elapsed=75.7m
  [interleaved] total_eps≈13769 | morr=0.87 | visu=0.70 | dyna=0.97 | visu=0.17 | above25=3 | score=8.70 | obj_ent=0.742 | 3.0 ep/s
  . rollout 2020 (morr) collect=0.75s update=1.77s elapsed=76.7m
  . rollout 2040 (morr) collect=0.77s update=1.99s elapsed=77.5m
  . rollout 2060 (morr) collect=0.67s update=1.78s elapsed=78.3m
  . rollout 2080 (morr) collect=0.78s update=1.68s elapsed=79.1m
  . rollout 2100 (morr) collect=0.83s update=1.78s elapsed=80.0m
  . rollout 2120 (morr) collect=0.83s update=1.56s elapsed=80.8m
  . rollout 2140 (morr) collect=0.65s update=1.48s elapsed=81.6m
  . rollout 2160 (morr) collect=0.75s update=1.65s elapsed=82.4m
  [interleaved] total_eps≈14752 | morr=0.97 | visu=0.83 | dyna=0.87 | visu=0.07 | above25=3 | score=8.73 | obj_ent=0.723 | 3.0 ep/s
  . rollout 2180 (morr) collect=0.66s update=1.66s elapsed=83.2m
  . rollout 2200 (morr) collect=0.78s update=1.77s elapsed=84.0m
  . rollout 2220 (morr) collect=0.67s update=1.68s elapsed=84.8m
  . rollout 2240 (morr) collect=0.75s update=1.54s elapsed=85.6m
  . rollout 2260 (morr) collect=0.66s update=1.64s elapsed=86.3m
  . rollout 2280 (morr) collect=0.66s update=1.51s elapsed=87.1m
  . rollout 2300 (morr) collect=0.81s update=1.71s elapsed=87.9m
  [interleaved] total_eps≈15735 | morr=0.97 | visu=0.73 | dyna=0.77 | visu=0.20 | above25=3 | score=8.67 | obj_ent=0.725 | 3.0 ep/s
  . rollout 2320 (morr) collect=0.83s update=1.83s elapsed=88.8m
  . rollout 2340 (morr) collect=0.75s update=1.72s elapsed=89.6m
  . rollout 2360 (morr) collect=0.69s update=1.57s elapsed=90.3m
  . rollout 2380 (morr) collect=0.60s update=1.39s elapsed=91.0m
  . rollout 2400 (morr) collect=0.59s update=1.37s elapsed=91.6m
  . rollout 2420 (morr) collect=0.61s update=1.38s elapsed=92.3m
  . rollout 2440 (morr) collect=0.59s update=1.39s elapsed=92.9m
  [interleaved] total_eps≈16719 | morr=0.93 | visu=0.87 | dyna=0.90 | visu=0.13 | above25=3 | score=8.83 | obj_ent=0.779 | 3.0 ep/s
  . rollout 2460 (morr) collect=0.82s update=1.85s elapsed=93.7m
  . rollout 2480 (morr) collect=0.71s update=1.54s elapsed=94.5m
  . rollout 2500 (morr) collect=0.66s update=1.57s elapsed=95.2m
  . rollout 2520 (morr) collect=0.68s update=1.68s elapsed=96.0m
  . rollout 2540 (morr) collect=0.85s update=1.63s elapsed=96.8m
  . rollout 2560 (morr) collect=0.78s update=1.59s elapsed=97.7m
  . rollout 2580 (morr) collect=0.67s update=1.52s elapsed=98.5m
  [interleaved] total_eps≈17702 | morr=1.00 | visu=0.83 | dyna=0.87 | visu=0.07 | above25=3 | score=8.77 | obj_ent=0.801 | 3.0 ep/s
  . rollout 2600 (morr) collect=0.75s update=1.68s elapsed=99.3m
  . rollout 2620 (morr) collect=0.79s update=1.62s elapsed=100.0m
  . rollout 2640 (morr) collect=0.90s update=1.58s elapsed=100.8m
  . rollout 2660 (morr) collect=0.76s update=1.65s elapsed=101.6m
  . rollout 2680 (morr) collect=0.68s update=1.60s elapsed=102.4m
  . rollout 2700 (morr) collect=0.78s update=1.60s elapsed=103.2m
  . rollout 2720 (morr) collect=0.77s update=1.87s elapsed=104.0m
  [interleaved] total_eps≈18685 | morr=0.93 | visu=0.83 | dyna=0.93 | visu=0.07 | above25=3 | score=8.77 | obj_ent=0.789 | 3.0 ep/s
  . rollout 2740 (morr) collect=0.66s update=1.49s elapsed=104.9m
  . rollout 2760 (morr) collect=0.85s update=1.72s elapsed=105.7m
  . rollout 2780 (morr) collect=0.90s update=2.06s elapsed=106.4m
  . rollout 2800 (morr) collect=1.11s update=1.87s elapsed=107.3m
  . rollout 2820 (morr) collect=0.69s update=1.77s elapsed=108.2m
  . rollout 2840 (morr) collect=0.76s update=1.56s elapsed=109.0m
  . rollout 2860 (morr) collect=0.79s update=1.96s elapsed=109.7m
  . rollout 2880 (morr) collect=0.93s update=1.83s elapsed=110.6m
  [interleaved] total_eps≈19668 | morr=0.97 | visu=0.83 | dyna=0.93 | visu=0.23 | above25=3 | score=8.97 | obj_ent=0.826 | 3.0 ep/s
  . rollout 2900 (morr) collect=0.68s update=1.62s elapsed=111.5m
  . rollout 2920 (morr) collect=0.68s update=1.80s elapsed=112.3m
  [restoring best model: sum=9.93]
  ✓ augmented on morris_water_maze: success_rate=0.260
  ✓ augmented on visual_foraging: success_rate=0.590
  ✓ augmented on dynamic_obstacles: success_rate=0.910
  ✓ augmented on visual_search: success_rate=0.090

  Interleaved baseline training (shared model)...
  [baseline-interleaved] total_eps≈990 | morr=0.10 | visu=0.47 | dyna=0.33 | visu=0.10 | above25=2 | score=5.00 | 3.2 ep/s
  [baseline-interleaved] total_eps≈1973 | morr=0.17 | visu=0.43 | dyna=0.23 | visu=0.07 | above25=1 | score=2.90 | 3.2 ep/s
  [baseline-interleaved] total_eps≈2956 | morr=0.10 | visu=0.67 | dyna=0.47 | visu=0.10 | above25=2 | score=5.33 | 3.2 ep/s
  [baseline-interleaved] total_eps≈3939 | morr=0.10 | visu=0.57 | dyna=0.50 | visu=0.13 | above25=2 | score=5.30 | 3.2 ep/s
  [baseline-interleaved] total_eps≈4922 | morr=0.17 | visu=0.43 | dyna=0.73 | visu=0.17 | above25=2 | score=5.50 | 3.4 ep/s
  [baseline-interleaved] total_eps≈5905 | morr=0.17 | visu=0.40 | dyna=0.63 | visu=0.07 | above25=2 | score=5.27 | 3.4 ep/s
  [baseline-interleaved] total_eps≈6888 | morr=0.20 | visu=0.40 | dyna=0.40 | visu=0.10 | above25=2 | score=5.10 | 3.4 ep/s
  [baseline-interleaved] total_eps≈7871 | morr=0.10 | visu=0.53 | dyna=0.43 | visu=0.13 | above25=2 | score=5.20 | 3.5 ep/s
  [baseline-interleaved] total_eps≈8854 | morr=0.13 | visu=0.50 | dyna=0.70 | visu=0.17 | above25=2 | score=5.50 | 3.5 ep/s
  [baseline-interleaved] total_eps≈9837 | morr=0.17 | visu=0.47 | dyna=0.30 | visu=0.23 | above25=2 | score=5.17 | 3.5 ep/s
  [baseline-interleaved] total_eps≈10820 | morr=0.13 | visu=0.50 | dyna=0.73 | visu=0.00 | above25=2 | score=5.37 | 3.6 ep/s
  [baseline-interleaved] total_eps≈11803 | morr=0.13 | visu=0.57 | dyna=0.57 | visu=0.20 | above25=2 | score=5.47 | 3.6 ep/s
  [baseline-interleaved] total_eps≈12786 | morr=0.07 | visu=0.60 | dyna=0.60 | visu=0.10 | above25=2 | score=5.37 | 3.6 ep/s
  [baseline-interleaved] total_eps≈13769 | morr=0.07 | visu=0.60 | dyna=0.67 | visu=0.13 | above25=2 | score=5.47 | 3.6 ep/s
  [baseline-interleaved] total_eps≈14752 | morr=0.23 | visu=0.57 | dyna=0.53 | visu=0.13 | above25=2 | score=5.47 | 3.6 ep/s
  [baseline-interleaved] total_eps≈15735 | morr=0.10 | visu=0.77 | dyna=0.70 | visu=0.10 | above25=2 | score=5.67 | 3.6 ep/s
  [baseline-interleaved] total_eps≈16719 | morr=0.43 | visu=0.80 | dyna=0.33 | visu=0.07 | above25=3 | score=7.63 | 3.6 ep/s
  [baseline-interleaved] total_eps≈17702 | morr=0.50 | visu=0.70 | dyna=0.10 | visu=0.03 | above25=2 | score=5.33 | 3.6 ep/s
  [baseline-interleaved] total_eps≈18685 | morr=0.80 | visu=0.83 | dyna=0.87 | visu=0.00 | above25=3 | score=8.50 | 3.6 ep/s
  [baseline-interleaved] total_eps≈19668 | morr=0.57 | visu=0.83 | dyna=0.40 | visu=0.03 | above25=3 | score=7.83 | 3.7 ep/s
  [restoring best baseline model: score=8.50]
  ✓ baseline on morris_water_maze: success_rate=0.890
  ✓ baseline on visual_foraging: success_rate=0.770
  ✓ baseline on dynamic_obstacles: success_rate=0.700
  ✓ baseline on visual_search: success_rate=0.060

======================================================================
PHASE 2: GENERATING PLOTS
======================================================================
  Saved plot: results_main/seed3/comparison_morris_water_maze.png
  Saved plot: results_main/seed3/comparison_visual_foraging.png
  Saved plot: results_main/seed3/comparison_dynamic_obstacles.png
  Saved plot: results_main/seed3/comparison_visual_search.png
  Saved plot: results_main/seed3/final_comparison.png

======================================================================
PHASE 3: EVALUATION
======================================================================

======================================================================
RUNNING FULL GENERALIZABILITY EVALUATION
======================================================================

[1/5] Multi-task performance...
[2/5] Zero-shot transfer...
[3/5] Few-shot adaptation...
[4/5] Catastrophic forgetting...
[5/5] Strategy diversity analysis...

======================================================================
EVALUATION SUMMARY
======================================================================

Multi-task average success rate:
  Augmented (PFC):  0.470
  Baseline (Fixed): 0.580
  Delta:            -0.110

Zero-shot transfer (avg across tasks):
  Augmented: 0.436
  Baseline:  0.586

Few-shot adaptation on 'morris_water_maze':
  Augmented: 20 episodes
  Baseline:  20 episodes

Strategy diversity (augmented model):
  morris_water_maze: entropy=1.079, dist={'EXPLORE': np.float64(0.2892096461890512), 'APPROACH': np.float64(0.2815525435662735), 'EXPLOIT': np.float64(0.4292378102446752)}
  visual_foraging: entropy=0.976, dist={'EXPLORE': np.float64(0.21032688973091002), 'APPROACH': np.float64(0.21437287264787105), 'EXPLOIT': np.float64(0.575300237621219)}
  dynamic_obstacles: entropy=0.978, dist={'EXPLORE': np.float64(0.5277470705284103), 'APPROACH': np.float64(0.3331859385363697), 'EXPLOIT': np.float64(0.13906699093522)}
  visual_search: entropy=0.980, dist={'EXPLORE': np.float64(0.29495750708215296), 'APPROACH': np.float64(0.5480642115203022), 'EXPLOIT': np.float64(0.15697828139754486)}
======================================================================
  Saved plot: results_main/seed3/strategy_distribution.png

  Saved evaluation report: results_main/seed3/evaluation_report.json

✓ Experiment complete. Results saved to: results_main/seed3
