Device: cpu

🔬 ABLATION — meta_mode=fixed-explore, seed=123

  Instantiated parameters: 231,050
  Parameters that train and act: 152,518
  (GRU meta-controller + meta-value head unused in this arm: 78,532 params)

======================================================================
PHASE 1: TRAINING
======================================================================

  Interleaved training from scratch (shared optimizer, meta_mode=fixed-explore)...
  . rollout 0 (morr) collect=0.36s update=1.26s elapsed=0.0m
  . rollout 20 (morr) collect=0.37s update=1.23s elapsed=0.6m
  . rollout 40 (morr) collect=0.36s update=1.28s elapsed=1.1m
  . rollout 60 (morr) collect=0.38s update=1.25s elapsed=1.7m
  . rollout 80 (morr) collect=0.38s update=1.24s elapsed=2.2m
  . rollout 100 (morr) collect=0.37s update=1.24s elapsed=2.8m
  . rollout 120 (morr) collect=0.37s update=1.26s elapsed=3.3m
  . rollout 140 (morr) collect=0.35s update=1.24s elapsed=3.9m
  [interleaved] total_eps≈990 | morr=0.10 | visu=0.47 | dyna=0.43 | visu=0.07 | above25=2 | score=5.07 | obj_ent=0.000 | 4.0 ep/s
  . rollout 160 (morr) collect=0.37s update=1.24s elapsed=4.6m
  . rollout 180 (morr) collect=0.37s update=1.23s elapsed=5.1m
  . rollout 200 (morr) collect=0.37s update=1.23s elapsed=5.7m
  . rollout 220 (morr) collect=0.38s update=1.24s elapsed=6.2m
  . rollout 240 (morr) collect=0.38s update=1.25s elapsed=6.8m
  . rollout 260 (morr) collect=0.37s update=1.23s elapsed=7.3m
  . rollout 280 (morr) collect=0.37s update=1.24s elapsed=7.9m
  [interleaved] total_eps≈1973 | morr=0.13 | visu=0.23 | dyna=0.60 | visu=0.23 | above25=1 | score=3.20 | obj_ent=0.000 | 4.0 ep/s
  . rollout 300 (morr) collect=0.42s update=1.28s elapsed=8.6m
  . rollout 320 (morr) collect=0.42s update=1.31s elapsed=9.1m
  . rollout 340 (morr) collect=0.37s update=1.35s elapsed=9.7m
  . rollout 360 (morr) collect=0.41s update=1.47s elapsed=10.3m
  . rollout 380 (morr) collect=0.38s update=1.28s elapsed=10.8m
  . rollout 400 (morr) collect=0.38s update=1.32s elapsed=11.4m
  . rollout 420 (morr) collect=0.39s update=1.32s elapsed=12.0m
  [interleaved] total_eps≈2956 | morr=0.10 | visu=0.50 | dyna=0.70 | visu=0.17 | above25=2 | score=5.47 | obj_ent=0.000 | 4.0 ep/s
  . rollout 440 (morr) collect=0.37s update=1.34s elapsed=12.7m
  . rollout 460 (morr) collect=0.39s update=1.25s elapsed=13.2m
  . rollout 480 (morr) collect=0.38s update=1.25s elapsed=13.8m
  . rollout 500 (morr) collect=0.37s update=1.29s elapsed=14.4m
  . rollout 520 (morr) collect=0.40s update=1.30s elapsed=15.0m
  . rollout 540 (morr) collect=0.40s update=1.37s elapsed=15.5m
  . rollout 560 (morr) collect=0.39s update=1.52s elapsed=16.1m
  [interleaved] total_eps≈3939 | morr=0.20 | visu=0.40 | dyna=0.77 | visu=0.03 | above25=2 | score=5.40 | obj_ent=0.000 | 3.9 ep/s
  . rollout 580 (morr) collect=0.39s update=1.34s elapsed=16.8m
  . rollout 600 (morr) collect=0.40s update=1.29s elapsed=17.4m
  . rollout 620 (morr) collect=0.40s update=1.29s elapsed=18.0m
  . rollout 640 (morr) collect=0.42s update=1.28s elapsed=18.6m
  . rollout 660 (morr) collect=0.37s update=1.32s elapsed=19.2m
  . rollout 680 (morr) collect=0.44s update=1.26s elapsed=19.7m
  . rollout 700 (morr) collect=0.38s update=1.33s elapsed=20.3m
  . rollout 720 (morr) collect=0.37s update=1.24s elapsed=20.9m
  [interleaved] total_eps≈4922 | morr=0.33 | visu=0.43 | dyna=0.43 | visu=0.13 | above25=3 | score=7.33 | obj_ent=0.000 | 3.9 ep/s
  . rollout 740 (morr) collect=0.37s update=1.23s elapsed=21.5m
  . rollout 760 (morr) collect=0.36s update=1.24s elapsed=22.1m
  . rollout 780 (morr) collect=0.38s update=1.24s elapsed=22.6m
  . rollout 800 (morr) collect=0.36s update=1.22s elapsed=23.2m
  . rollout 820 (morr) collect=0.38s update=1.25s elapsed=23.7m
  . rollout 840 (morr) collect=0.37s update=1.23s elapsed=24.3m
  . rollout 860 (morr) collect=0.38s update=1.25s elapsed=24.8m
  [interleaved] total_eps≈5905 | morr=0.27 | visu=0.40 | dyna=0.47 | visu=0.07 | above25=3 | score=7.20 | obj_ent=0.000 | 3.9 ep/s
  . rollout 880 (morr) collect=0.36s update=1.22s elapsed=25.5m
  . rollout 900 (morr) collect=0.37s update=1.23s elapsed=26.0m
  . rollout 920 (morr) collect=0.36s update=1.23s elapsed=26.6m
  . rollout 940 (morr) collect=0.38s update=1.25s elapsed=27.1m
  . rollout 960 (morr) collect=0.37s update=1.23s elapsed=27.7m
  . rollout 980 (morr) collect=0.36s update=1.25s elapsed=28.2m
  . rollout 1000 (morr) collect=0.38s update=1.26s elapsed=28.8m
  [interleaved] total_eps≈6888 | morr=0.27 | visu=0.37 | dyna=0.77 | visu=0.10 | above25=3 | score=7.50 | obj_ent=0.000 | 3.9 ep/s
  . rollout 1020 (morr) collect=0.36s update=1.26s elapsed=29.4m
  . rollout 1040 (morr) collect=0.37s update=1.27s elapsed=30.0m
  . rollout 1060 (morr) collect=0.36s update=1.27s elapsed=30.5m
  . rollout 1080 (morr) collect=0.37s update=1.22s elapsed=31.1m
  . rollout 1100 (morr) collect=0.37s update=1.26s elapsed=31.6m
  . rollout 1120 (morr) collect=0.37s update=1.22s elapsed=32.2m
  . rollout 1140 (morr) collect=0.37s update=1.24s elapsed=32.7m
  [interleaved] total_eps≈7871 | morr=0.03 | visu=0.50 | dyna=0.67 | visu=0.13 | above25=2 | score=5.33 | obj_ent=0.000 | 4.0 ep/s
  . rollout 1160 (morr) collect=0.37s update=1.27s elapsed=33.4m
  . rollout 1180 (morr) collect=0.38s update=1.22s elapsed=33.9m
  . rollout 1200 (morr) collect=0.37s update=1.24s elapsed=34.5m
  . rollout 1220 (morr) collect=0.37s update=1.28s elapsed=35.1m
  . rollout 1240 (morr) collect=0.37s update=1.25s elapsed=35.6m
  . rollout 1260 (morr) collect=0.38s update=1.24s elapsed=36.2m
  . rollout 1280 (morr) collect=0.38s update=1.26s elapsed=36.7m
  [interleaved] total_eps≈8854 | morr=0.20 | visu=0.63 | dyna=0.80 | visu=0.13 | above25=2 | score=5.77 | obj_ent=0.000 | 4.0 ep/s
  . rollout 1300 (morr) collect=0.37s update=1.24s elapsed=37.3m
  . rollout 1320 (morr) collect=0.37s update=1.25s elapsed=37.9m
  . rollout 1340 (morr) collect=0.37s update=1.24s elapsed=38.4m
  . rollout 1360 (morr) collect=0.37s update=1.28s elapsed=39.0m
  . rollout 1380 (morr) collect=0.37s update=1.30s elapsed=39.5m
  . rollout 1400 (morr) collect=0.38s update=1.25s elapsed=40.1m
  . rollout 1420 (morr) collect=0.36s update=1.25s elapsed=40.6m
  . rollout 1440 (morr) collect=0.38s update=1.25s elapsed=41.2m
  [interleaved] total_eps≈9837 | morr=0.03 | visu=0.60 | dyna=0.43 | visu=0.10 | above25=2 | score=5.17 | obj_ent=0.000 | 4.0 ep/s
  . rollout 1460 (morr) collect=0.37s update=1.24s elapsed=41.8m
  . rollout 1480 (morr) collect=0.37s update=1.23s elapsed=42.4m
  . rollout 1500 (morr) collect=0.40s update=1.24s elapsed=42.9m
  . rollout 1520 (morr) collect=0.36s update=1.23s elapsed=43.5m
  . rollout 1540 (morr) collect=0.37s update=1.24s elapsed=44.0m
  . rollout 1560 (morr) collect=0.37s update=1.24s elapsed=44.6m
  . rollout 1580 (morr) collect=0.37s update=1.23s elapsed=45.2m
  [interleaved] total_eps≈10820 | morr=0.17 | visu=0.77 | dyna=0.80 | visu=0.10 | above25=2 | score=5.83 | obj_ent=0.000 | 4.0 ep/s
  . rollout 1600 (morr) collect=0.37s update=1.24s elapsed=45.8m
  . rollout 1620 (morr) collect=0.38s update=1.23s elapsed=46.3m
  . rollout 1640 (morr) collect=0.36s update=1.24s elapsed=46.9m
  . rollout 1660 (morr) collect=0.37s update=1.23s elapsed=47.4m
  . rollout 1680 (morr) collect=0.37s update=1.23s elapsed=48.0m
  . rollout 1700 (morr) collect=0.38s update=1.23s elapsed=48.5m
  . rollout 1720 (morr) collect=0.38s update=1.25s elapsed=49.1m
  [interleaved] total_eps≈11803 | morr=0.50 | visu=0.63 | dyna=0.37 | visu=0.10 | above25=3 | score=7.60 | obj_ent=0.000 | 4.0 ep/s
  . rollout 1740 (morr) collect=0.37s update=1.25s elapsed=49.7m
  . rollout 1760 (morr) collect=0.37s update=1.25s elapsed=50.3m
  . rollout 1780 (morr) collect=0.38s update=1.23s elapsed=50.9m
  . rollout 1800 (morr) collect=0.36s update=1.24s elapsed=51.4m
  . rollout 1820 (morr) collect=0.39s update=1.25s elapsed=51.9m
  . rollout 1840 (morr) collect=0.38s update=1.25s elapsed=52.5m
  . rollout 1860 (morr) collect=0.37s update=1.24s elapsed=53.0m
  [interleaved] total_eps≈12786 | morr=0.53 | visu=0.73 | dyna=0.83 | visu=0.07 | above25=3 | score=8.17 | obj_ent=0.000 | 4.0 ep/s
  . rollout 1880 (morr) collect=0.40s update=1.22s elapsed=53.7m
  . rollout 1900 (morr) collect=0.39s update=1.22s elapsed=54.2m
  . rollout 1920 (morr) collect=0.39s update=1.36s elapsed=54.8m
  . rollout 1940 (morr) collect=0.40s update=1.28s elapsed=55.3m
  . rollout 1960 (morr) collect=0.40s update=1.24s elapsed=55.9m
  . rollout 1980 (morr) collect=0.40s update=1.24s elapsed=56.4m
  . rollout 2000 (morr) collect=0.39s update=1.23s elapsed=57.0m
  [interleaved] total_eps≈13769 | morr=0.70 | visu=0.60 | dyna=0.67 | visu=0.03 | above25=3 | score=8.00 | obj_ent=0.000 | 4.0 ep/s
  . rollout 2020 (morr) collect=0.39s update=1.23s elapsed=57.6m
  . rollout 2040 (morr) collect=0.37s update=1.26s elapsed=58.2m
  . rollout 2060 (morr) collect=0.38s update=1.23s elapsed=58.7m
  . rollout 2080 (morr) collect=0.38s update=1.23s elapsed=59.3m
  . rollout 2100 (morr) collect=0.41s update=1.27s elapsed=59.8m
  . rollout 2120 (morr) collect=0.42s update=1.34s elapsed=60.4m
  . rollout 2140 (morr) collect=0.43s update=1.30s elapsed=61.0m
  . rollout 2160 (morr) collect=0.42s update=1.33s elapsed=61.6m
  [interleaved] total_eps≈14752 | morr=0.80 | visu=0.70 | dyna=0.70 | visu=0.03 | above25=3 | score=8.23 | obj_ent=0.000 | 4.0 ep/s
  . rollout 2180 (morr) collect=0.39s update=1.23s elapsed=62.2m
  . rollout 2200 (morr) collect=0.42s update=1.30s elapsed=62.8m
  . rollout 2220 (morr) collect=0.41s update=1.27s elapsed=63.4m
  . rollout 2240 (morr) collect=0.39s update=1.23s elapsed=63.9m
  . rollout 2260 (morr) collect=0.41s update=1.30s elapsed=64.5m
  . rollout 2280 (morr) collect=0.41s update=1.24s elapsed=65.1m
  . rollout 2300 (morr) collect=0.42s update=1.28s elapsed=65.6m
  [interleaved] total_eps≈15735 | morr=0.87 | visu=0.77 | dyna=0.73 | visu=0.13 | above25=3 | score=8.50 | obj_ent=0.000 | 4.0 ep/s
  . rollout 2320 (morr) collect=0.40s update=1.28s elapsed=66.3m
  . rollout 2340 (morr) collect=0.42s update=1.29s elapsed=66.8m
  . rollout 2360 (morr) collect=0.40s update=1.27s elapsed=67.4m
  . rollout 2380 (morr) collect=0.39s update=1.26s elapsed=67.9m
  . rollout 2400 (morr) collect=0.42s update=1.28s elapsed=68.5m
  . rollout 2420 (morr) collect=0.44s update=1.30s elapsed=69.1m
  . rollout 2440 (morr) collect=0.41s update=1.29s elapsed=69.6m
  [interleaved] total_eps≈16719 | morr=0.87 | visu=0.83 | dyna=0.83 | visu=0.07 | above25=3 | score=8.60 | obj_ent=0.000 | 4.0 ep/s
  . rollout 2460 (morr) collect=0.42s update=1.27s elapsed=70.3m
  . rollout 2480 (morr) collect=0.40s update=1.24s elapsed=70.8m
  . rollout 2500 (morr) collect=0.40s update=1.24s elapsed=71.4m
  . rollout 2520 (morr) collect=0.47s update=1.70s elapsed=71.9m
  . rollout 2540 (morr) collect=0.39s update=1.24s elapsed=72.5m
  . rollout 2560 (morr) collect=0.40s update=1.26s elapsed=73.1m
  . rollout 2580 (morr) collect=0.40s update=1.22s elapsed=73.6m
  [interleaved] total_eps≈17702 | morr=0.90 | visu=0.93 | dyna=0.83 | visu=0.13 | above25=3 | score=8.80 | obj_ent=0.000 | 4.0 ep/s
  . rollout 2600 (morr) collect=0.40s update=1.23s elapsed=74.2m
  . rollout 2620 (morr) collect=0.41s update=1.23s elapsed=74.8m
  . rollout 2640 (morr) collect=0.41s update=1.27s elapsed=75.3m
  . rollout 2660 (morr) collect=0.40s update=1.30s elapsed=75.9m
  . rollout 2680 (morr) collect=0.42s update=1.26s elapsed=76.4m
  . rollout 2700 (morr) collect=0.41s update=1.28s elapsed=77.0m
  . rollout 2720 (morr) collect=0.43s update=1.26s elapsed=77.6m
  [interleaved] total_eps≈18685 | morr=0.90 | visu=0.93 | dyna=0.83 | visu=0.10 | above25=3 | score=8.77 | obj_ent=0.000 | 4.0 ep/s
  . rollout 2740 (morr) collect=0.39s update=1.26s elapsed=78.2m
  . rollout 2760 (morr) collect=0.40s update=1.26s elapsed=78.7m
  . rollout 2780 (morr) collect=0.40s update=1.22s elapsed=79.3m
  . rollout 2800 (morr) collect=0.40s update=1.23s elapsed=79.8m
  . rollout 2820 (morr) collect=0.41s update=1.25s elapsed=80.4m
  . rollout 2840 (morr) collect=0.40s update=1.23s elapsed=80.9m
  . rollout 2860 (morr) collect=0.41s update=1.26s elapsed=81.5m
  . rollout 2880 (morr) collect=0.39s update=1.26s elapsed=82.0m
  [interleaved] total_eps≈19668 | morr=0.83 | visu=0.93 | dyna=0.73 | visu=0.10 | above25=3 | score=8.60 | obj_ent=0.000 | 4.0 ep/s
  . rollout 2900 (morr) collect=0.40s update=1.22s elapsed=82.6m
  . rollout 2920 (morr) collect=0.41s update=1.26s elapsed=83.2m
  [restoring best model: sum=8.80]

======================================================================
PHASE 2: EVALUATION
======================================================================
  ✓ fixed-explore on morris_water_maze: success_rate=0.860
  ✓ fixed-explore on visual_foraging: success_rate=0.850
  ✓ fixed-explore on dynamic_obstacles: success_rate=0.810
  ✓ fixed-explore on visual_search: success_rate=0.060

  fixed-explore: multi-task avg=0.645, zero-shot avg=0.666
  Saved ablation report: results_ablation_fixed-explore/seed123/evaluation_report.json

✓ Experiment complete. Results saved to: results_ablation_fixed-explore/seed123
