Device: cpu

🔬 ABLATION — meta_mode=random, seed=123

  Instantiated parameters: 231,050
  Parameters that train and act: 152,518
  (GRU meta-controller + meta-value head unused in this arm: 78,532 params)

======================================================================
PHASE 1: TRAINING
======================================================================

  Interleaved training from scratch (shared optimizer, meta_mode=random)...
  . rollout 0 (morr) collect=0.40s update=1.36s elapsed=0.0m
  . rollout 20 (morr) collect=0.37s update=1.23s elapsed=0.6m
  . rollout 40 (morr) collect=0.36s update=1.22s elapsed=1.2m
  . rollout 60 (morr) collect=0.36s update=1.22s elapsed=1.7m
  . rollout 80 (morr) collect=0.37s update=1.29s elapsed=2.3m
  . rollout 100 (morr) collect=0.38s update=1.22s elapsed=2.8m
  . rollout 120 (morr) collect=0.37s update=1.22s elapsed=3.3m
  . rollout 140 (morr) collect=0.40s update=1.38s elapsed=4.0m
  [interleaved] total_eps≈990 | morr=0.47 | visu=0.47 | dyna=0.57 | visu=0.13 | above25=3 | score=7.63 | obj_ent=0.000 | 3.9 ep/s
  . rollout 160 (morr) collect=0.51s update=1.70s elapsed=4.7m
  . rollout 180 (morr) collect=0.40s update=1.48s elapsed=5.3m
  . rollout 200 (morr) collect=0.48s update=1.44s elapsed=6.0m
  . rollout 220 (morr) collect=0.48s update=1.39s elapsed=6.7m
  . rollout 240 (morr) collect=0.56s update=1.78s elapsed=7.4m
  . rollout 260 (morr) collect=0.56s update=1.57s elapsed=8.1m
  . rollout 280 (morr) collect=0.38s update=1.29s elapsed=8.7m
  [interleaved] total_eps≈1973 | morr=0.60 | visu=0.57 | dyna=0.70 | visu=0.20 | above25=3 | score=8.07 | obj_ent=0.000 | 3.6 ep/s
  . rollout 300 (morr) collect=0.48s update=1.89s elapsed=9.4m
  . rollout 320 (morr) collect=0.52s update=1.68s elapsed=10.1m
  . rollout 340 (morr) collect=0.48s update=1.80s elapsed=10.9m
  . rollout 360 (morr) collect=0.50s update=1.63s elapsed=11.6m
  . rollout 380 (morr) collect=0.38s update=1.45s elapsed=12.2m
  . rollout 400 (morr) collect=0.44s update=1.36s elapsed=12.9m
  . rollout 420 (morr) collect=0.43s update=1.39s elapsed=13.6m
  [interleaved] total_eps≈2956 | morr=0.50 | visu=0.70 | dyna=0.57 | visu=0.20 | above25=3 | score=7.97 | obj_ent=0.000 | 3.5 ep/s
  . rollout 440 (morr) collect=0.42s update=1.50s elapsed=14.3m
  . rollout 460 (morr) collect=0.44s update=1.48s elapsed=15.0m
  . rollout 480 (morr) collect=0.54s update=1.60s elapsed=15.8m
  . rollout 500 (morr) collect=0.48s update=1.44s elapsed=16.5m
  . rollout 520 (morr) collect=0.49s update=1.97s elapsed=17.2m
  . rollout 540 (morr) collect=0.40s update=1.49s elapsed=17.9m
  . rollout 560 (morr) collect=0.38s update=1.34s elapsed=18.6m
  [interleaved] total_eps≈3939 | morr=0.63 | visu=0.80 | dyna=0.87 | visu=0.10 | above25=3 | score=8.40 | obj_ent=0.000 | 3.4 ep/s
  . rollout 580 (morr) collect=0.64s update=1.64s elapsed=19.3m
  . rollout 600 (morr) collect=0.43s update=1.66s elapsed=20.0m
  . rollout 620 (morr) collect=0.51s update=1.55s elapsed=20.7m
  . rollout 640 (morr) collect=0.43s update=1.51s elapsed=21.4m
  . rollout 660 (morr) collect=0.42s update=1.43s elapsed=22.1m
  . rollout 680 (morr) collect=0.57s update=2.11s elapsed=22.8m
  . rollout 700 (morr) collect=0.47s update=1.62s elapsed=23.5m
  . rollout 720 (morr) collect=0.51s update=1.79s elapsed=24.2m
  [interleaved] total_eps≈4922 | morr=0.53 | visu=0.60 | dyna=0.80 | visu=0.13 | above25=3 | score=8.07 | obj_ent=0.000 | 3.4 ep/s
  . rollout 740 (morr) collect=0.45s update=1.49s elapsed=25.0m
  . rollout 760 (morr) collect=0.42s update=1.25s elapsed=25.7m
  . rollout 780 (morr) collect=0.48s update=1.54s elapsed=26.4m
  . rollout 800 (morr) collect=0.40s update=1.80s elapsed=27.1m
  . rollout 820 (morr) collect=0.40s update=1.46s elapsed=27.8m
  . rollout 840 (morr) collect=0.43s update=1.38s elapsed=28.4m
  . rollout 860 (morr) collect=0.39s update=1.37s elapsed=29.1m
  [interleaved] total_eps≈5905 | morr=0.50 | visu=0.43 | dyna=0.97 | visu=0.10 | above25=3 | score=8.00 | obj_ent=0.000 | 3.4 ep/s
  . rollout 880 (morr) collect=0.58s update=1.68s elapsed=29.9m
  . rollout 900 (morr) collect=0.47s update=1.47s elapsed=30.6m
  . rollout 920 (morr) collect=0.48s update=1.53s elapsed=31.2m
  . rollout 940 (morr) collect=0.43s update=1.50s elapsed=31.9m
  . rollout 960 (morr) collect=0.42s update=1.49s elapsed=32.5m
  . rollout 980 (morr) collect=0.44s update=1.48s elapsed=33.2m
  . rollout 1000 (morr) collect=0.47s update=1.53s elapsed=33.9m
  [interleaved] total_eps≈6888 | morr=0.63 | visu=0.63 | dyna=0.93 | visu=0.27 | above25=4 | score=10.47 | obj_ent=0.000 | 3.4 ep/s
  . rollout 1020 (morr) collect=0.53s update=1.50s elapsed=34.6m
  . rollout 1040 (morr) collect=0.51s update=1.59s elapsed=35.3m
  . rollout 1060 (morr) collect=0.47s update=1.80s elapsed=36.0m
  . rollout 1080 (morr) collect=0.43s update=1.44s elapsed=36.7m
  . rollout 1100 (morr) collect=0.42s update=1.40s elapsed=37.4m
  . rollout 1120 (morr) collect=0.49s update=1.63s elapsed=38.1m
  . rollout 1140 (morr) collect=0.43s update=1.48s elapsed=38.7m
  [interleaved] total_eps≈7871 | morr=0.70 | visu=0.50 | dyna=0.97 | visu=0.07 | above25=3 | score=8.23 | obj_ent=0.000 | 3.3 ep/s
  . rollout 1160 (morr) collect=0.42s update=1.44s elapsed=39.5m
  . rollout 1180 (morr) collect=0.39s update=1.47s elapsed=40.1m
  . rollout 1200 (morr) collect=0.42s update=1.39s elapsed=40.8m
  . rollout 1220 (morr) collect=0.50s update=1.51s elapsed=41.5m
  . rollout 1240 (morr) collect=0.37s update=1.27s elapsed=42.1m
  . rollout 1260 (morr) collect=0.38s update=1.28s elapsed=42.7m
  . rollout 1280 (morr) collect=0.37s update=1.27s elapsed=43.3m
  [interleaved] total_eps≈8854 | morr=0.37 | visu=0.60 | dyna=0.87 | visu=0.30 | above25=4 | score=10.13 | obj_ent=0.000 | 3.4 ep/s
  . rollout 1300 (morr) collect=0.36s update=1.25s elapsed=43.9m
  . rollout 1320 (morr) collect=0.38s update=1.29s elapsed=44.5m
  . rollout 1340 (morr) collect=0.37s update=1.29s elapsed=45.0m
  . rollout 1360 (morr) collect=0.37s update=1.26s elapsed=45.6m
  . rollout 1380 (morr) collect=0.37s update=1.28s elapsed=46.1m
  . rollout 1400 (morr) collect=0.36s update=1.26s elapsed=46.7m
  . rollout 1420 (morr) collect=0.38s update=1.28s elapsed=47.3m
  . rollout 1440 (morr) collect=0.37s update=1.27s elapsed=47.8m
  [interleaved] total_eps≈9837 | morr=0.37 | visu=0.77 | dyna=0.80 | visu=0.27 | above25=4 | score=10.20 | obj_ent=0.000 | 3.4 ep/s
  . rollout 1460 (morr) collect=0.39s update=1.31s elapsed=48.5m
  . rollout 1480 (morr) collect=0.40s update=1.32s elapsed=49.0m
  . rollout 1500 (morr) collect=0.37s update=1.26s elapsed=49.6m
  . rollout 1520 (morr) collect=0.40s update=1.32s elapsed=50.2m
  . rollout 1540 (morr) collect=0.37s update=1.29s elapsed=50.7m
  . rollout 1560 (morr) collect=0.40s update=1.36s elapsed=51.4m
  . rollout 1580 (morr) collect=0.50s update=1.59s elapsed=52.0m
  [interleaved] total_eps≈10820 | morr=0.57 | visu=0.60 | dyna=0.97 | visu=0.20 | above25=3 | score=8.33 | obj_ent=0.000 | 3.5 ep/s
  . rollout 1600 (morr) collect=0.42s update=1.49s elapsed=52.8m
  . rollout 1620 (morr) collect=0.40s update=1.55s elapsed=53.4m
  . rollout 1640 (morr) collect=0.39s update=1.40s elapsed=54.1m
  . rollout 1660 (morr) collect=0.41s update=1.37s elapsed=54.7m
  . rollout 1680 (morr) collect=0.39s update=1.27s elapsed=55.3m
  . rollout 1700 (morr) collect=0.37s update=1.25s elapsed=55.9m
  . rollout 1720 (morr) collect=0.39s update=1.27s elapsed=56.4m
  [interleaved] total_eps≈11803 | morr=0.63 | visu=0.70 | dyna=0.93 | visu=0.23 | above25=3 | score=8.50 | obj_ent=0.000 | 3.5 ep/s
  . rollout 1740 (morr) collect=0.37s update=1.25s elapsed=57.1m
  . rollout 1760 (morr) collect=0.37s update=1.27s elapsed=57.6m
  . rollout 1780 (morr) collect=0.39s update=1.33s elapsed=58.2m
  . rollout 1800 (morr) collect=0.37s update=1.25s elapsed=58.8m
  . rollout 1820 (morr) collect=0.37s update=1.27s elapsed=59.3m
  . rollout 1840 (morr) collect=0.37s update=1.26s elapsed=59.9m
  . rollout 1860 (morr) collect=0.46s update=1.33s elapsed=60.4m
  [interleaved] total_eps≈12786 | morr=0.53 | visu=0.77 | dyna=0.93 | visu=0.33 | above25=4 | score=10.57 | obj_ent=0.000 | 3.5 ep/s
  . rollout 1880 (morr) collect=0.37s update=1.26s elapsed=61.1m
  . rollout 1900 (morr) collect=0.36s update=1.27s elapsed=61.6m
  . rollout 1920 (morr) collect=0.39s update=1.38s elapsed=62.2m
  . rollout 1940 (morr) collect=0.38s update=1.28s elapsed=62.8m
  . rollout 1960 (morr) collect=0.38s update=1.27s elapsed=63.3m
  . rollout 1980 (morr) collect=0.37s update=1.26s elapsed=63.9m
  . rollout 2000 (morr) collect=0.37s update=1.27s elapsed=64.5m
  [interleaved] total_eps≈13769 | morr=0.70 | visu=0.63 | dyna=0.77 | visu=0.20 | above25=3 | score=8.30 | obj_ent=0.000 | 3.5 ep/s
  . rollout 2020 (morr) collect=0.37s update=1.29s elapsed=65.1m
  . rollout 2040 (morr) collect=0.37s update=1.29s elapsed=65.7m
  . rollout 2060 (morr) collect=0.42s update=1.25s elapsed=66.2m
  . rollout 2080 (morr) collect=0.40s update=1.25s elapsed=66.8m
  . rollout 2100 (morr) collect=0.37s update=1.26s elapsed=67.3m
  . rollout 2120 (morr) collect=0.37s update=1.25s elapsed=67.9m
  . rollout 2140 (morr) collect=0.37s update=1.36s elapsed=68.5m
  . rollout 2160 (morr) collect=0.37s update=1.26s elapsed=69.0m
  [interleaved] total_eps≈14752 | morr=0.60 | visu=0.70 | dyna=0.90 | visu=0.17 | above25=3 | score=8.37 | obj_ent=0.000 | 3.6 ep/s
  . rollout 2180 (morr) collect=0.36s update=1.41s elapsed=69.7m
  . rollout 2200 (morr) collect=0.41s update=1.28s elapsed=70.2m
  . rollout 2220 (morr) collect=0.41s update=1.33s elapsed=70.8m
  . rollout 2240 (morr) collect=0.42s update=1.36s elapsed=71.4m
  . rollout 2260 (morr) collect=0.43s update=1.36s elapsed=72.0m
  . rollout 2280 (morr) collect=0.40s update=1.30s elapsed=72.6m
  . rollout 2300 (morr) collect=0.38s update=1.31s elapsed=73.2m
  [interleaved] total_eps≈15735 | morr=0.63 | visu=0.67 | dyna=0.90 | visu=0.23 | above25=3 | score=8.43 | obj_ent=0.000 | 3.6 ep/s
  . rollout 2320 (morr) collect=0.41s update=1.30s elapsed=73.8m
  . rollout 2340 (morr) collect=0.37s update=1.27s elapsed=74.4m
  . rollout 2360 (morr) collect=0.38s update=1.26s elapsed=75.0m
  . rollout 2380 (morr) collect=0.39s update=1.38s elapsed=75.6m
  . rollout 2400 (morr) collect=0.43s update=1.34s elapsed=76.2m
  . rollout 2420 (morr) collect=0.39s update=1.28s elapsed=76.8m
  . rollout 2440 (morr) collect=0.40s update=1.37s elapsed=77.3m
  [interleaved] total_eps≈16719 | morr=0.67 | visu=0.67 | dyna=0.90 | visu=0.27 | above25=4 | score=10.50 | obj_ent=0.000 | 3.6 ep/s
  . rollout 2460 (morr) collect=0.41s update=1.35s elapsed=78.0m
  . rollout 2480 (morr) collect=0.38s update=1.35s elapsed=78.6m
  . rollout 2500 (morr) collect=0.41s update=1.37s elapsed=79.2m
  . rollout 2520 (morr) collect=0.37s update=1.30s elapsed=79.7m
  . rollout 2540 (morr) collect=0.41s update=1.35s elapsed=80.3m
  . rollout 2560 (morr) collect=0.37s update=1.27s elapsed=80.9m
  . rollout 2580 (morr) collect=0.42s update=1.29s elapsed=81.5m
  [interleaved] total_eps≈17702 | morr=0.63 | visu=0.67 | dyna=0.97 | visu=0.33 | above25=4 | score=10.60 | obj_ent=0.000 | 3.6 ep/s
  . rollout 2600 (morr) collect=0.38s update=1.31s elapsed=82.1m
  . rollout 2620 (morr) collect=0.38s update=1.32s elapsed=82.7m
  . rollout 2640 (morr) collect=0.38s update=1.31s elapsed=83.3m
  . rollout 2660 (morr) collect=0.37s update=1.29s elapsed=83.8m
  . rollout 2680 (morr) collect=0.37s update=1.29s elapsed=84.4m
  . rollout 2700 (morr) collect=0.38s update=1.26s elapsed=85.0m
  . rollout 2720 (morr) collect=0.37s update=1.27s elapsed=85.5m
  [interleaved] total_eps≈18685 | morr=0.53 | visu=0.73 | dyna=0.90 | visu=0.33 | above25=4 | score=10.50 | obj_ent=0.000 | 3.6 ep/s
  . rollout 2740 (morr) collect=0.36s update=1.29s elapsed=86.2m
  . rollout 2760 (morr) collect=0.37s update=1.33s elapsed=86.8m
  . rollout 2780 (morr) collect=0.43s update=1.28s elapsed=87.3m
  . rollout 2800 (morr) collect=0.38s update=1.29s elapsed=87.9m
  . rollout 2820 (morr) collect=0.37s update=1.32s elapsed=88.5m
  . rollout 2840 (morr) collect=0.41s update=1.33s elapsed=89.0m
  . rollout 2860 (morr) collect=0.37s update=1.27s elapsed=89.6m
  . rollout 2880 (morr) collect=0.37s update=1.31s elapsed=90.2m
  [interleaved] total_eps≈19668 | morr=0.73 | visu=0.77 | dyna=0.80 | visu=0.27 | above25=4 | score=10.57 | obj_ent=0.000 | 3.6 ep/s
  . rollout 2900 (morr) collect=0.40s update=1.30s elapsed=90.8m
  . rollout 2920 (morr) collect=0.39s update=1.31s elapsed=91.4m
  [restoring best model: sum=10.60]

======================================================================
PHASE 2: EVALUATION
======================================================================
  ✓ random on morris_water_maze: success_rate=0.590
  ✓ random on visual_foraging: success_rate=0.690
  ✓ random on dynamic_obstacles: success_rate=0.940
  ✓ random on visual_search: success_rate=0.240

  random: multi-task avg=0.615, zero-shot avg=0.633
  Saved ablation report: results_ablation_random/seed123/evaluation_report.json

✓ Experiment complete. Results saved to: results_ablation_random/seed123
