Device: cpu

🔬 ABLATION — meta_mode=random, seed=2

  Instantiated parameters: 231,050
  Parameters that train and act: 152,518
  (GRU meta-controller + meta-value head unused in this arm: 78,532 params)

======================================================================
PHASE 1: TRAINING
======================================================================

  Interleaved training from scratch (shared optimizer, meta_mode=random)...
  . rollout 0 (morr) collect=0.38s update=1.36s elapsed=0.0m
  . rollout 20 (morr) collect=0.41s update=1.28s elapsed=0.6m
  . rollout 40 (morr) collect=0.37s update=1.23s elapsed=1.1m
  . rollout 60 (morr) collect=0.37s update=1.24s elapsed=1.7m
  . rollout 80 (morr) collect=0.37s update=1.24s elapsed=2.2m
  . rollout 100 (morr) collect=0.37s update=1.24s elapsed=2.8m
  . rollout 120 (morr) collect=0.39s update=1.28s elapsed=3.4m
  . rollout 140 (morr) collect=0.38s update=1.23s elapsed=3.9m
  [interleaved] total_eps≈990 | morr=0.37 | visu=0.53 | dyna=0.53 | visu=0.17 | above25=3 | score=7.60 | obj_ent=0.000 | 4.0 ep/s
  . rollout 160 (morr) collect=0.41s update=1.24s elapsed=4.6m
  . rollout 180 (morr) collect=0.39s update=1.23s elapsed=5.1m
  . rollout 200 (morr) collect=0.37s update=1.26s elapsed=5.7m
  . rollout 220 (morr) collect=0.38s update=1.29s elapsed=6.3m
  . rollout 240 (morr) collect=0.38s update=1.25s elapsed=6.8m
  . rollout 260 (morr) collect=0.38s update=1.26s elapsed=7.4m
  . rollout 280 (morr) collect=0.39s update=1.27s elapsed=7.9m
  [interleaved] total_eps≈1973 | morr=0.37 | visu=0.50 | dyna=0.80 | visu=0.27 | above25=4 | score=9.93 | obj_ent=0.000 | 4.0 ep/s
  . rollout 300 (morr) collect=0.38s update=1.33s elapsed=8.6m
  . rollout 320 (morr) collect=0.37s update=1.25s elapsed=9.1m
  . rollout 340 (morr) collect=0.38s update=1.26s elapsed=9.7m
  . rollout 360 (morr) collect=0.38s update=1.25s elapsed=10.2m
  . rollout 380 (morr) collect=0.36s update=1.22s elapsed=10.8m
  . rollout 400 (morr) collect=0.37s update=1.27s elapsed=11.4m
  . rollout 420 (morr) collect=0.38s update=1.29s elapsed=11.9m
  [interleaved] total_eps≈2956 | morr=0.63 | visu=0.63 | dyna=1.00 | visu=0.20 | above25=3 | score=8.47 | obj_ent=0.000 | 4.0 ep/s
  . rollout 440 (morr) collect=0.41s update=1.32s elapsed=12.6m
  . rollout 460 (morr) collect=0.40s update=1.29s elapsed=13.2m
  . rollout 480 (morr) collect=0.42s update=1.34s elapsed=13.7m
  . rollout 500 (morr) collect=0.44s update=1.43s elapsed=14.3m
  . rollout 520 (morr) collect=0.42s update=1.30s elapsed=14.9m
  . rollout 540 (morr) collect=0.37s update=1.27s elapsed=15.4m
  . rollout 560 (morr) collect=0.41s update=1.31s elapsed=16.0m
  [interleaved] total_eps≈3939 | morr=0.60 | visu=0.37 | dyna=0.87 | visu=0.37 | above25=4 | score=10.20 | obj_ent=0.000 | 4.0 ep/s
  . rollout 580 (morr) collect=0.42s update=1.28s elapsed=16.7m
  . rollout 600 (morr) collect=0.36s update=1.28s elapsed=17.2m
  . rollout 620 (morr) collect=0.37s update=1.29s elapsed=17.8m
  . rollout 640 (morr) collect=0.39s update=1.28s elapsed=18.4m
  . rollout 660 (morr) collect=0.36s update=1.28s elapsed=18.9m
  . rollout 680 (morr) collect=0.42s update=1.27s elapsed=19.5m
  . rollout 700 (morr) collect=0.37s update=1.29s elapsed=20.1m
  . rollout 720 (morr) collect=0.37s update=1.27s elapsed=20.6m
  [interleaved] total_eps≈4922 | morr=0.53 | visu=0.53 | dyna=0.97 | visu=0.37 | above25=4 | score=10.40 | obj_ent=0.000 | 4.0 ep/s
  . rollout 740 (morr) collect=0.38s update=1.25s elapsed=21.3m
  . rollout 760 (morr) collect=0.36s update=1.34s elapsed=21.9m
  . rollout 780 (morr) collect=0.38s update=1.27s elapsed=22.4m
  . rollout 800 (morr) collect=0.38s update=1.29s elapsed=23.0m
  . rollout 820 (morr) collect=0.37s update=1.27s elapsed=23.6m
  . rollout 840 (morr) collect=0.38s update=1.31s elapsed=24.1m
  . rollout 860 (morr) collect=0.39s update=1.34s elapsed=24.7m
  [interleaved] total_eps≈5905 | morr=0.47 | visu=0.67 | dyna=0.93 | visu=0.23 | above25=3 | score=8.30 | obj_ent=0.000 | 4.0 ep/s
  . rollout 880 (morr) collect=0.38s update=1.32s elapsed=25.4m
  . rollout 900 (morr) collect=0.43s update=1.33s elapsed=25.9m
  . rollout 920 (morr) collect=0.37s update=1.29s elapsed=26.5m
  . rollout 940 (morr) collect=0.39s update=1.28s elapsed=27.1m
  . rollout 960 (morr) collect=0.42s update=1.30s elapsed=27.6m
  . rollout 980 (morr) collect=0.37s update=1.28s elapsed=28.2m
  . rollout 1000 (morr) collect=0.41s update=1.28s elapsed=28.8m
  [interleaved] total_eps≈6888 | morr=0.57 | visu=0.50 | dyna=0.83 | visu=0.17 | above25=3 | score=8.07 | obj_ent=0.000 | 3.9 ep/s
  . rollout 1020 (morr) collect=0.37s update=1.28s elapsed=29.4m
  . rollout 1040 (morr) collect=0.36s update=1.29s elapsed=30.0m
  . rollout 1060 (morr) collect=0.38s update=1.29s elapsed=30.6m
  . rollout 1080 (morr) collect=0.41s update=1.30s elapsed=31.1m
  . rollout 1100 (morr) collect=0.36s update=1.36s elapsed=31.7m
  . rollout 1120 (morr) collect=0.38s update=1.27s elapsed=32.3m
  . rollout 1140 (morr) collect=0.37s update=1.30s elapsed=32.9m
  [interleaved] total_eps≈7871 | morr=0.73 | visu=0.60 | dyna=0.97 | visu=0.43 | above25=4 | score=10.73 | obj_ent=0.000 | 3.9 ep/s
  . rollout 1160 (morr) collect=0.38s update=1.26s elapsed=33.5m
  . rollout 1180 (morr) collect=0.41s update=1.27s elapsed=34.1m
  . rollout 1200 (morr) collect=0.36s update=1.35s elapsed=34.7m
  . rollout 1220 (morr) collect=0.39s update=1.27s elapsed=35.2m
  . rollout 1240 (morr) collect=0.44s update=1.31s elapsed=35.8m
  . rollout 1260 (morr) collect=0.37s update=1.25s elapsed=36.4m
  . rollout 1280 (morr) collect=0.39s update=1.59s elapsed=37.0m
  [interleaved] total_eps≈8854 | morr=0.50 | visu=0.70 | dyna=1.00 | visu=0.27 | above25=4 | score=10.47 | obj_ent=0.000 | 3.9 ep/s
  . rollout 1300 (morr) collect=0.36s update=1.27s elapsed=37.6m
  . rollout 1320 (morr) collect=0.39s update=1.30s elapsed=38.2m
  . rollout 1340 (morr) collect=0.43s update=1.35s elapsed=38.8m
  . rollout 1360 (morr) collect=0.41s update=1.34s elapsed=39.4m
  . rollout 1380 (morr) collect=0.37s update=1.31s elapsed=40.0m
  . rollout 1400 (morr) collect=0.39s update=1.26s elapsed=40.5m
  . rollout 1420 (morr) collect=0.43s update=1.29s elapsed=41.1m
  . rollout 1440 (morr) collect=0.41s update=1.30s elapsed=41.7m
  [interleaved] total_eps≈9837 | morr=0.53 | visu=0.70 | dyna=0.90 | visu=0.33 | above25=4 | score=10.47 | obj_ent=0.000 | 3.9 ep/s
  . rollout 1460 (morr) collect=0.42s update=1.34s elapsed=42.4m
  . rollout 1480 (morr) collect=0.39s update=1.38s elapsed=43.0m
  . rollout 1500 (morr) collect=0.38s update=1.36s elapsed=43.6m
  . rollout 1520 (morr) collect=0.41s update=1.35s elapsed=44.2m
  . rollout 1540 (morr) collect=0.41s update=1.36s elapsed=44.8m
  . rollout 1560 (morr) collect=0.40s update=1.31s elapsed=45.3m
  . rollout 1580 (morr) collect=0.40s update=1.31s elapsed=45.9m
  [interleaved] total_eps≈10820 | morr=0.43 | visu=0.60 | dyna=0.97 | visu=0.20 | above25=3 | score=8.20 | obj_ent=0.000 | 3.9 ep/s
  . rollout 1600 (morr) collect=0.39s update=1.38s elapsed=46.6m
  . rollout 1620 (morr) collect=0.40s update=1.32s elapsed=47.2m
  . rollout 1640 (morr) collect=0.43s update=1.46s elapsed=47.8m
  . rollout 1660 (morr) collect=0.40s update=1.33s elapsed=48.4m
  . rollout 1680 (morr) collect=0.39s update=1.35s elapsed=49.1m
  . rollout 1700 (morr) collect=0.45s update=1.35s elapsed=49.6m
  . rollout 1720 (morr) collect=0.40s update=1.37s elapsed=50.2m
  [interleaved] total_eps≈11803 | morr=0.57 | visu=0.63 | dyna=0.93 | visu=0.27 | above25=4 | score=10.40 | obj_ent=0.000 | 3.9 ep/s
  . rollout 1740 (morr) collect=0.40s update=1.31s elapsed=50.9m
  . rollout 1760 (morr) collect=0.43s update=1.36s elapsed=51.5m
  . rollout 1780 (morr) collect=0.37s update=1.27s elapsed=52.1m
  . rollout 1800 (morr) collect=0.37s update=1.26s elapsed=52.7m
  . rollout 1820 (morr) collect=0.39s update=1.34s elapsed=53.3m
  . rollout 1840 (morr) collect=0.37s update=1.38s elapsed=53.8m
  . rollout 1860 (morr) collect=0.42s update=1.32s elapsed=54.4m
  [interleaved] total_eps≈12786 | morr=0.50 | visu=0.70 | dyna=0.93 | visu=0.27 | above25=4 | score=10.40 | obj_ent=0.000 | 3.9 ep/s
  . rollout 1880 (morr) collect=0.37s update=1.33s elapsed=55.1m
  . rollout 1900 (morr) collect=0.38s update=1.30s elapsed=55.6m
  . rollout 1920 (morr) collect=0.38s update=1.30s elapsed=56.2m
  . rollout 1940 (morr) collect=0.37s update=1.26s elapsed=56.8m
  . rollout 1960 (morr) collect=0.37s update=1.28s elapsed=57.3m
  . rollout 1980 (morr) collect=0.39s update=1.28s elapsed=57.9m
  . rollout 2000 (morr) collect=0.41s update=1.28s elapsed=58.5m
  [interleaved] total_eps≈13769 | morr=0.77 | visu=0.63 | dyna=0.80 | visu=0.40 | above25=4 | score=10.60 | obj_ent=0.000 | 3.9 ep/s
  . rollout 2020 (morr) collect=0.41s update=1.23s elapsed=59.1m
  . rollout 2040 (morr) collect=0.38s update=1.22s elapsed=59.7m
  . rollout 2060 (morr) collect=0.37s update=1.25s elapsed=60.2m
  . rollout 2080 (morr) collect=0.37s update=1.23s elapsed=60.8m
  . rollout 2100 (morr) collect=0.39s update=1.37s elapsed=61.4m
  . rollout 2120 (morr) collect=0.43s update=1.29s elapsed=61.9m
  . rollout 2140 (morr) collect=0.40s update=1.23s elapsed=62.5m
  . rollout 2160 (morr) collect=0.38s update=1.25s elapsed=63.1m
  [interleaved] total_eps≈14752 | morr=0.80 | visu=0.63 | dyna=0.83 | visu=0.17 | above25=3 | score=8.43 | obj_ent=0.000 | 3.9 ep/s
  . rollout 2180 (morr) collect=0.41s update=1.31s elapsed=63.7m
  . rollout 2200 (morr) collect=0.39s update=1.24s elapsed=64.3m
  . rollout 2220 (morr) collect=0.38s update=1.29s elapsed=64.8m
  . rollout 2240 (morr) collect=0.37s update=1.30s elapsed=65.4m
  . rollout 2260 (morr) collect=0.39s update=1.28s elapsed=65.9m
  . rollout 2280 (morr) collect=0.38s update=1.32s elapsed=66.5m
  . rollout 2300 (morr) collect=0.37s update=1.26s elapsed=67.1m
  [interleaved] total_eps≈15735 | morr=0.80 | visu=0.70 | dyna=0.87 | visu=0.30 | above25=4 | score=10.67 | obj_ent=0.000 | 3.9 ep/s
  . rollout 2320 (morr) collect=0.38s update=1.32s elapsed=67.7m
  . rollout 2340 (morr) collect=0.39s update=1.35s elapsed=68.3m
  . rollout 2360 (morr) collect=0.38s update=1.32s elapsed=68.8m
  . rollout 2380 (morr) collect=0.43s update=1.28s elapsed=69.4m
  . rollout 2400 (morr) collect=0.41s update=1.27s elapsed=70.0m
  . rollout 2420 (morr) collect=0.38s update=1.28s elapsed=70.6m
  . rollout 2440 (morr) collect=0.39s update=1.29s elapsed=71.1m
  [interleaved] total_eps≈16719 | morr=0.83 | visu=0.83 | dyna=0.93 | visu=0.20 | above25=3 | score=8.80 | obj_ent=0.000 | 3.9 ep/s
  . rollout 2460 (morr) collect=0.41s update=1.23s elapsed=71.8m
  . rollout 2480 (morr) collect=0.44s update=1.28s elapsed=72.3m
  . rollout 2500 (morr) collect=0.39s update=1.28s elapsed=72.9m
  . rollout 2520 (morr) collect=0.40s update=1.29s elapsed=73.5m
  . rollout 2540 (morr) collect=0.46s update=1.31s elapsed=74.0m
  . rollout 2560 (morr) collect=0.41s update=1.23s elapsed=74.6m
  . rollout 2580 (morr) collect=0.38s update=1.27s elapsed=75.2m
  [interleaved] total_eps≈17702 | morr=0.70 | visu=0.80 | dyna=0.80 | visu=0.07 | above25=3 | score=8.37 | obj_ent=0.000 | 3.9 ep/s
  [multi-task early stop: best_score=10.73, current=8.37, restoring best]
  [restoring best model: sum=10.73]

======================================================================
PHASE 2: EVALUATION
======================================================================
  ✓ random on morris_water_maze: success_rate=0.590
  ✓ random on visual_foraging: success_rate=0.520
  ✓ random on dynamic_obstacles: success_rate=0.940
  ✓ random on visual_search: success_rate=0.230

  random: multi-task avg=0.570, zero-shot avg=0.578
  Saved ablation report: results_ablation_random/seed2/evaluation_report.json

✓ Experiment complete. Results saved to: results_ablation_random/seed2
