Device: cpu

🔬 ABLATION — meta_mode=fixed-explore, seed=0

  Instantiated parameters: 231,050
  Parameters that train and act: 152,518
  (GRU meta-controller + meta-value head unused in this arm: 78,532 params)

======================================================================
PHASE 1: TRAINING
======================================================================

  Interleaved training from scratch (shared optimizer, meta_mode=fixed-explore)...
  . rollout 0 (morr) collect=0.38s update=1.28s elapsed=0.0m
  . rollout 20 (morr) collect=0.41s update=1.29s elapsed=0.6m
  . rollout 40 (morr) collect=0.41s update=1.31s elapsed=1.2m
  . rollout 60 (morr) collect=0.40s update=1.27s elapsed=1.7m
  . rollout 80 (morr) collect=0.37s update=1.31s elapsed=2.3m
  . rollout 100 (morr) collect=0.37s update=1.28s elapsed=2.9m
  . rollout 120 (morr) collect=0.36s update=1.27s elapsed=3.4m
  . rollout 140 (morr) collect=0.41s update=1.37s elapsed=4.0m
  [interleaved] total_eps≈990 | morr=0.17 | visu=0.40 | dyna=0.57 | visu=0.17 | above25=2 | score=5.30 | obj_ent=0.000 | 3.9 ep/s
  . rollout 160 (morr) collect=0.42s update=1.28s elapsed=4.7m
  . rollout 180 (morr) collect=0.37s update=1.35s elapsed=5.3m
  . rollout 200 (morr) collect=0.39s update=1.29s elapsed=5.9m
  . rollout 220 (morr) collect=0.41s update=1.32s elapsed=6.5m
  . rollout 240 (morr) collect=0.39s update=1.31s elapsed=7.0m
  . rollout 260 (morr) collect=0.38s update=1.31s elapsed=7.6m
  . rollout 280 (morr) collect=0.42s update=1.35s elapsed=8.2m
  [interleaved] total_eps≈1973 | morr=0.17 | visu=0.47 | dyna=0.60 | visu=0.03 | above25=2 | score=5.27 | obj_ent=0.000 | 3.8 ep/s
  . rollout 300 (morr) collect=0.40s update=1.29s elapsed=8.9m
  . rollout 320 (morr) collect=0.40s update=1.30s elapsed=9.5m
  . rollout 340 (morr) collect=0.37s update=1.23s elapsed=10.0m
  . rollout 360 (morr) collect=0.37s update=1.23s elapsed=10.6m
  . rollout 380 (morr) collect=0.36s update=1.23s elapsed=11.1m
  . rollout 400 (morr) collect=0.36s update=1.23s elapsed=11.7m
  . rollout 420 (morr) collect=0.39s update=1.29s elapsed=12.2m
  [interleaved] total_eps≈2956 | morr=0.03 | visu=0.47 | dyna=0.70 | visu=0.13 | above25=2 | score=5.33 | obj_ent=0.000 | 3.9 ep/s
  . rollout 440 (morr) collect=0.36s update=1.27s elapsed=12.9m
  . rollout 460 (morr) collect=0.36s update=1.26s elapsed=13.4m
  . rollout 480 (morr) collect=0.37s update=1.24s elapsed=14.0m
  . rollout 500 (morr) collect=0.36s update=1.27s elapsed=14.5m
  . rollout 520 (morr) collect=0.37s update=1.26s elapsed=15.1m
  . rollout 540 (morr) collect=0.37s update=1.22s elapsed=15.6m
  . rollout 560 (morr) collect=0.37s update=1.22s elapsed=16.2m
  [interleaved] total_eps≈3939 | morr=0.27 | visu=0.53 | dyna=0.60 | visu=0.07 | above25=3 | score=7.47 | obj_ent=0.000 | 3.9 ep/s
  . rollout 580 (morr) collect=0.37s update=1.22s elapsed=16.8m
  . rollout 600 (morr) collect=0.36s update=1.22s elapsed=17.4m
  . rollout 620 (morr) collect=0.37s update=1.30s elapsed=17.9m
  . rollout 640 (morr) collect=0.37s update=1.24s elapsed=18.5m
  . rollout 660 (morr) collect=0.38s update=1.26s elapsed=19.0m
  . rollout 680 (morr) collect=0.37s update=1.21s elapsed=19.5m
  . rollout 700 (morr) collect=0.37s update=1.21s elapsed=20.1m
  . rollout 720 (morr) collect=0.37s update=1.25s elapsed=20.6m
  [interleaved] total_eps≈4922 | morr=0.20 | visu=0.60 | dyna=0.80 | visu=0.00 | above25=2 | score=5.60 | obj_ent=0.000 | 4.0 ep/s
  . rollout 740 (morr) collect=0.36s update=1.22s elapsed=21.3m
  . rollout 760 (morr) collect=0.37s update=1.26s elapsed=21.8m
  . rollout 780 (morr) collect=0.36s update=1.22s elapsed=22.4m
  . rollout 800 (morr) collect=0.38s update=1.22s elapsed=22.9m
  . rollout 820 (morr) collect=0.37s update=1.43s elapsed=23.5m
  . rollout 840 (morr) collect=0.37s update=1.23s elapsed=24.0m
  . rollout 860 (morr) collect=0.39s update=1.24s elapsed=24.6m
  [interleaved] total_eps≈5905 | morr=0.17 | visu=0.50 | dyna=0.50 | visu=0.07 | above25=2 | score=5.23 | obj_ent=0.000 | 4.0 ep/s
  . rollout 880 (morr) collect=0.37s update=1.23s elapsed=25.2m
  . rollout 900 (morr) collect=0.37s update=1.22s elapsed=25.8m
  . rollout 920 (morr) collect=0.37s update=1.24s elapsed=26.3m
  . rollout 940 (morr) collect=0.37s update=1.21s elapsed=26.9m
  . rollout 960 (morr) collect=0.38s update=1.22s elapsed=27.4m
  . rollout 980 (morr) collect=0.37s update=1.29s elapsed=28.0m
  . rollout 1000 (morr) collect=0.38s update=1.30s elapsed=28.5m
  [interleaved] total_eps≈6888 | morr=0.33 | visu=0.43 | dyna=0.77 | visu=0.07 | above25=3 | score=7.60 | obj_ent=0.000 | 4.0 ep/s
  . rollout 1020 (morr) collect=0.38s update=1.25s elapsed=29.2m
  . rollout 1040 (morr) collect=0.37s update=1.22s elapsed=29.7m
  . rollout 1060 (morr) collect=0.38s update=1.23s elapsed=30.3m
  . rollout 1080 (morr) collect=0.36s update=1.22s elapsed=30.8m
  . rollout 1100 (morr) collect=0.37s update=1.23s elapsed=31.4m
  . rollout 1120 (morr) collect=0.37s update=1.24s elapsed=31.9m
  . rollout 1140 (morr) collect=0.37s update=1.24s elapsed=32.4m
  [interleaved] total_eps≈7871 | morr=0.13 | visu=0.63 | dyna=0.77 | visu=0.17 | above25=2 | score=5.70 | obj_ent=0.000 | 4.0 ep/s
  . rollout 1160 (morr) collect=0.37s update=1.23s elapsed=33.1m
  . rollout 1180 (morr) collect=0.36s update=1.22s elapsed=33.6m
  . rollout 1200 (morr) collect=0.38s update=1.27s elapsed=34.2m
  . rollout 1220 (morr) collect=0.38s update=1.24s elapsed=34.7m
  . rollout 1240 (morr) collect=0.37s update=1.21s elapsed=35.3m
  . rollout 1260 (morr) collect=0.37s update=1.24s elapsed=35.8m
  . rollout 1280 (morr) collect=0.37s update=1.24s elapsed=36.4m
  [interleaved] total_eps≈8854 | morr=0.27 | visu=0.43 | dyna=0.77 | visu=0.17 | above25=3 | score=7.63 | obj_ent=0.000 | 4.0 ep/s
  . rollout 1300 (morr) collect=0.37s update=1.22s elapsed=37.0m
  . rollout 1320 (morr) collect=0.37s update=1.21s elapsed=37.6m
  . rollout 1340 (morr) collect=0.39s update=1.21s elapsed=38.1m
  . rollout 1360 (morr) collect=0.37s update=1.22s elapsed=38.7m
  . rollout 1380 (morr) collect=0.42s update=1.32s elapsed=39.2m
  . rollout 1400 (morr) collect=0.40s update=1.23s elapsed=39.8m
  . rollout 1420 (morr) collect=0.37s update=1.22s elapsed=40.3m
  . rollout 1440 (morr) collect=0.38s update=1.22s elapsed=40.9m
  [interleaved] total_eps≈9837 | morr=0.23 | visu=0.47 | dyna=0.73 | visu=0.13 | above25=2 | score=5.57 | obj_ent=0.000 | 4.0 ep/s
  . rollout 1460 (morr) collect=0.39s update=1.28s elapsed=41.5m
  . rollout 1480 (morr) collect=0.41s update=1.29s elapsed=42.1m
  . rollout 1500 (morr) collect=0.38s update=1.22s elapsed=42.6m
  . rollout 1520 (morr) collect=0.38s update=1.22s elapsed=43.2m
  . rollout 1540 (morr) collect=0.38s update=1.22s elapsed=43.7m
  . rollout 1560 (morr) collect=0.40s update=1.31s elapsed=44.3m
  . rollout 1580 (morr) collect=0.39s update=1.26s elapsed=44.8m
  [interleaved] total_eps≈10820 | morr=0.57 | visu=0.80 | dyna=0.93 | visu=0.07 | above25=3 | score=8.37 | obj_ent=0.000 | 4.0 ep/s
  . rollout 1600 (morr) collect=0.38s update=1.24s elapsed=45.5m
  . rollout 1620 (morr) collect=0.37s update=1.23s elapsed=46.0m
  . rollout 1640 (morr) collect=0.38s update=1.24s elapsed=46.5m
  . rollout 1660 (morr) collect=0.38s update=1.23s elapsed=47.1m
  . rollout 1680 (morr) collect=0.38s update=1.22s elapsed=47.7m
  . rollout 1700 (morr) collect=0.40s update=1.30s elapsed=48.2m
  . rollout 1720 (morr) collect=0.39s update=1.24s elapsed=48.8m
  [interleaved] total_eps≈11803 | morr=0.70 | visu=0.70 | dyna=0.80 | visu=0.10 | above25=3 | score=8.30 | obj_ent=0.000 | 4.0 ep/s
  . rollout 1740 (morr) collect=0.39s update=1.29s elapsed=49.4m
  . rollout 1760 (morr) collect=0.48s update=1.33s elapsed=50.0m
  . rollout 1780 (morr) collect=0.42s update=1.29s elapsed=50.6m
  . rollout 1800 (morr) collect=0.40s update=1.29s elapsed=51.1m
  . rollout 1820 (morr) collect=0.44s update=1.31s elapsed=51.7m
  . rollout 1840 (morr) collect=0.38s update=1.32s elapsed=52.3m
  . rollout 1860 (morr) collect=0.39s update=1.27s elapsed=52.8m
  [interleaved] total_eps≈12786 | morr=0.57 | visu=0.60 | dyna=0.77 | visu=0.13 | above25=3 | score=8.07 | obj_ent=0.000 | 4.0 ep/s
  . rollout 1880 (morr) collect=0.40s update=1.25s elapsed=53.5m
  . rollout 1900 (morr) collect=0.37s update=1.23s elapsed=54.0m
  . rollout 1920 (morr) collect=0.39s update=1.28s elapsed=54.6m
  . rollout 1940 (morr) collect=0.39s update=1.28s elapsed=55.2m
  . rollout 1960 (morr) collect=0.36s update=1.28s elapsed=55.7m
  . rollout 1980 (morr) collect=0.39s update=1.27s elapsed=56.3m
  . rollout 2000 (morr) collect=0.41s update=1.32s elapsed=56.9m
  [interleaved] total_eps≈13769 | morr=0.70 | visu=0.80 | dyna=0.70 | visu=0.03 | above25=3 | score=8.23 | obj_ent=0.000 | 4.0 ep/s
  . rollout 2020 (morr) collect=0.40s update=1.25s elapsed=57.5m
  . rollout 2040 (morr) collect=0.38s update=1.30s elapsed=58.1m
  . rollout 2060 (morr) collect=0.42s update=1.27s elapsed=58.6m
  . rollout 2080 (morr) collect=0.38s update=1.28s elapsed=59.2m
  . rollout 2100 (morr) collect=0.39s update=1.22s elapsed=59.7m
  . rollout 2120 (morr) collect=0.40s update=1.21s elapsed=60.3m
  . rollout 2140 (morr) collect=0.40s update=1.23s elapsed=60.8m
  . rollout 2160 (morr) collect=0.41s update=1.29s elapsed=61.4m
  [interleaved] total_eps≈14752 | morr=0.80 | visu=0.93 | dyna=0.77 | visu=0.17 | above25=3 | score=8.67 | obj_ent=0.000 | 4.0 ep/s
  . rollout 2180 (morr) collect=0.40s update=1.24s elapsed=62.0m
  . rollout 2200 (morr) collect=0.39s update=1.24s elapsed=62.6m
  . rollout 2220 (morr) collect=0.40s update=1.25s elapsed=63.1m
  . rollout 2240 (morr) collect=0.39s update=1.22s elapsed=63.7m
  . rollout 2260 (morr) collect=0.41s update=1.26s elapsed=64.2m
  . rollout 2280 (morr) collect=0.40s update=1.24s elapsed=64.8m
  . rollout 2300 (morr) collect=0.40s update=1.24s elapsed=65.3m
  [interleaved] total_eps≈15735 | morr=0.80 | visu=0.97 | dyna=0.70 | visu=0.20 | above25=3 | score=8.67 | obj_ent=0.000 | 4.0 ep/s
  . rollout 2320 (morr) collect=0.40s update=1.25s elapsed=65.9m
  . rollout 2340 (morr) collect=0.42s update=1.29s elapsed=66.5m
  . rollout 2360 (morr) collect=0.40s update=1.24s elapsed=67.0m
  . rollout 2380 (morr) collect=0.42s update=1.39s elapsed=67.6m
  . rollout 2400 (morr) collect=0.41s update=1.26s elapsed=68.2m
  . rollout 2420 (morr) collect=0.40s update=1.22s elapsed=68.7m
  . rollout 2440 (morr) collect=0.41s update=1.22s elapsed=69.3m
  [interleaved] total_eps≈16719 | morr=1.00 | visu=0.93 | dyna=0.70 | visu=0.17 | above25=3 | score=8.80 | obj_ent=0.000 | 4.0 ep/s
  . rollout 2460 (morr) collect=0.40s update=1.23s elapsed=69.8m
  . rollout 2480 (morr) collect=0.40s update=1.27s elapsed=70.4m
  . rollout 2500 (morr) collect=0.40s update=1.23s elapsed=70.9m
  . rollout 2520 (morr) collect=0.40s update=1.22s elapsed=71.5m
  . rollout 2540 (morr) collect=0.39s update=1.22s elapsed=72.0m
  . rollout 2560 (morr) collect=0.41s update=1.27s elapsed=72.6m
  . rollout 2580 (morr) collect=0.42s update=1.36s elapsed=73.2m
  [interleaved] total_eps≈17702 | morr=0.57 | visu=0.97 | dyna=0.80 | visu=0.17 | above25=3 | score=8.50 | obj_ent=0.000 | 4.0 ep/s
  . rollout 2600 (morr) collect=0.40s update=1.23s elapsed=73.8m
  . rollout 2620 (morr) collect=0.39s update=1.22s elapsed=74.3m
  . rollout 2640 (morr) collect=0.40s update=1.22s elapsed=74.9m
  . rollout 2660 (morr) collect=0.40s update=1.24s elapsed=75.4m
  . rollout 2680 (morr) collect=0.40s update=1.22s elapsed=76.0m
  . rollout 2700 (morr) collect=0.39s update=1.24s elapsed=76.5m
  . rollout 2720 (morr) collect=0.40s update=1.26s elapsed=77.0m
  [interleaved] total_eps≈18685 | morr=0.83 | visu=1.00 | dyna=0.80 | visu=0.27 | above25=4 | score=10.90 | obj_ent=0.000 | 4.0 ep/s
  . rollout 2740 (morr) collect=0.40s update=1.22s elapsed=77.6m
  . rollout 2760 (morr) collect=0.41s update=1.24s elapsed=78.2m
  . rollout 2780 (morr) collect=0.41s update=1.23s elapsed=78.7m
  . rollout 2800 (morr) collect=0.38s update=1.23s elapsed=79.3m
  . rollout 2820 (morr) collect=0.39s update=1.23s elapsed=79.8m
  . rollout 2840 (morr) collect=0.38s update=1.22s elapsed=80.4m
  . rollout 2860 (morr) collect=0.40s update=1.22s elapsed=80.9m
  . rollout 2880 (morr) collect=0.40s update=1.23s elapsed=81.5m
  [interleaved] total_eps≈19668 | morr=0.83 | visu=1.00 | dyna=0.93 | visu=0.33 | above25=4 | score=11.10 | obj_ent=0.000 | 4.0 ep/s
  . rollout 2900 (morr) collect=0.39s update=1.26s elapsed=82.1m
  . rollout 2920 (morr) collect=0.39s update=1.23s elapsed=82.6m

======================================================================
PHASE 2: EVALUATION
======================================================================
  ✓ fixed-explore on morris_water_maze: success_rate=0.700
  ✓ fixed-explore on visual_foraging: success_rate=0.990
  ✓ fixed-explore on dynamic_obstacles: success_rate=0.780
  ✓ fixed-explore on visual_search: success_rate=0.280

  fixed-explore: multi-task avg=0.688, zero-shot avg=0.684
  Saved ablation report: results_ablation_fixed-explore/seed0/evaluation_report.json

✓ Experiment complete. Results saved to: results_ablation_fixed-explore/seed0
