Device: cpu

🔬 ABLATION — meta_mode=random, seed=0

  Instantiated parameters: 231,050
  Parameters that train and act: 152,518
  (GRU meta-controller + meta-value head unused in this arm: 78,532 params)

======================================================================
PHASE 1: TRAINING
======================================================================

  Interleaved training from scratch (shared optimizer, meta_mode=random)...
  . rollout 0 (morr) collect=0.54s update=1.83s elapsed=0.0m
  . rollout 20 (morr) collect=0.42s update=1.51s elapsed=0.7m
  . rollout 40 (morr) collect=0.43s update=1.56s elapsed=1.4m
  . rollout 60 (morr) collect=0.49s update=1.64s elapsed=2.1m
  . rollout 80 (morr) collect=0.48s update=1.62s elapsed=2.8m
  . rollout 100 (morr) collect=0.46s update=1.96s elapsed=3.5m
  . rollout 120 (morr) collect=0.44s update=1.53s elapsed=4.3m
  . rollout 140 (morr) collect=0.48s update=1.53s elapsed=5.0m
  [interleaved] total_eps≈990 | morr=0.73 | visu=0.37 | dyna=0.60 | visu=0.20 | above25=3 | score=7.90 | obj_ent=0.000 | 3.1 ep/s
  . rollout 160 (morr) collect=0.56s update=2.14s elapsed=5.9m
  . rollout 180 (morr) collect=0.52s update=1.69s elapsed=6.7m
  . rollout 200 (morr) collect=0.47s update=1.52s elapsed=7.3m
  . rollout 220 (morr) collect=0.52s update=1.97s elapsed=8.0m
  . rollout 240 (morr) collect=0.53s update=1.81s elapsed=8.8m
  . rollout 260 (morr) collect=0.45s update=1.60s elapsed=9.5m
  . rollout 280 (morr) collect=0.51s update=1.62s elapsed=10.3m
  [interleaved] total_eps≈1973 | morr=0.43 | visu=0.70 | dyna=0.73 | visu=0.27 | above25=4 | score=10.13 | obj_ent=0.000 | 3.1 ep/s
  . rollout 300 (morr) collect=0.48s update=1.77s elapsed=11.2m
  . rollout 320 (morr) collect=0.51s update=1.84s elapsed=11.9m
  . rollout 340 (morr) collect=0.57s update=1.89s elapsed=12.7m
  . rollout 360 (morr) collect=0.45s update=1.54s elapsed=13.4m
  . rollout 380 (morr) collect=0.42s update=1.40s elapsed=14.2m
  . rollout 400 (morr) collect=0.54s update=1.70s elapsed=14.9m
  . rollout 420 (morr) collect=0.47s update=1.76s elapsed=15.7m
  [interleaved] total_eps≈2956 | morr=0.80 | visu=0.50 | dyna=0.83 | visu=0.23 | above25=3 | score=8.37 | obj_ent=0.000 | 3.0 ep/s
  . rollout 440 (morr) collect=0.38s update=1.34s elapsed=16.5m
  . rollout 460 (morr) collect=0.41s update=1.44s elapsed=17.2m
  . rollout 480 (morr) collect=0.44s update=2.01s elapsed=17.9m
  . rollout 500 (morr) collect=0.45s update=1.70s elapsed=18.7m
  . rollout 520 (morr) collect=0.41s update=1.51s elapsed=19.4m
  . rollout 540 (morr) collect=0.43s update=1.54s elapsed=20.1m
  . rollout 560 (morr) collect=0.45s update=1.56s elapsed=20.8m
  [interleaved] total_eps≈3939 | morr=0.67 | visu=0.47 | dyna=0.80 | visu=0.07 | above25=3 | score=8.00 | obj_ent=0.000 | 3.1 ep/s
  . rollout 580 (morr) collect=0.45s update=1.54s elapsed=21.6m
  . rollout 600 (morr) collect=0.52s update=1.71s elapsed=22.4m
  . rollout 620 (morr) collect=0.53s update=1.95s elapsed=23.1m
  . rollout 640 (morr) collect=0.45s update=1.71s elapsed=23.9m
  . rollout 660 (morr) collect=0.48s update=1.87s elapsed=24.6m
  . rollout 680 (morr) collect=0.46s update=1.81s elapsed=25.4m
  . rollout 700 (morr) collect=0.42s update=1.51s elapsed=26.1m
  . rollout 720 (morr) collect=0.39s update=1.37s elapsed=26.8m
  [interleaved] total_eps≈4922 | morr=0.47 | visu=0.50 | dyna=0.80 | visu=0.33 | above25=4 | score=10.10 | obj_ent=0.000 | 3.0 ep/s
  . rollout 740 (morr) collect=0.51s update=1.68s elapsed=27.6m
  . rollout 760 (morr) collect=0.43s update=1.45s elapsed=28.3m
  . rollout 780 (morr) collect=0.47s update=1.67s elapsed=29.1m
  . rollout 800 (morr) collect=0.52s update=1.64s elapsed=29.8m
  . rollout 820 (morr) collect=0.42s update=1.56s elapsed=30.5m
  . rollout 840 (morr) collect=0.41s update=1.32s elapsed=31.1m
  . rollout 860 (morr) collect=0.38s update=1.43s elapsed=31.7m
  [interleaved] total_eps≈5905 | morr=0.73 | visu=0.50 | dyna=0.90 | visu=0.23 | above25=3 | score=8.37 | obj_ent=0.000 | 3.1 ep/s
  . rollout 880 (morr) collect=0.41s update=1.35s elapsed=32.4m
  . rollout 900 (morr) collect=0.38s update=1.31s elapsed=32.9m
  . rollout 920 (morr) collect=0.38s update=1.35s elapsed=33.5m
  . rollout 940 (morr) collect=0.38s update=1.36s elapsed=34.1m
  . rollout 960 (morr) collect=0.43s update=1.49s elapsed=34.7m
  . rollout 980 (morr) collect=0.41s update=1.34s elapsed=35.3m
  . rollout 1000 (morr) collect=0.37s update=1.32s elapsed=35.9m
  [interleaved] total_eps≈6888 | morr=0.53 | visu=0.40 | dyna=0.83 | visu=0.27 | above25=4 | score=10.03 | obj_ent=0.000 | 3.2 ep/s
  . rollout 1020 (morr) collect=0.37s update=1.35s elapsed=36.6m
  . rollout 1040 (morr) collect=0.37s update=1.37s elapsed=37.2m
  . rollout 1060 (morr) collect=0.38s update=1.37s elapsed=37.8m
  . rollout 1080 (morr) collect=0.37s update=1.35s elapsed=38.4m
  . rollout 1100 (morr) collect=0.38s update=1.36s elapsed=39.0m
  . rollout 1120 (morr) collect=0.53s update=1.75s elapsed=39.7m
  . rollout 1140 (morr) collect=0.58s update=1.82s elapsed=40.4m
  [interleaved] total_eps≈7871 | morr=0.47 | visu=0.57 | dyna=0.87 | visu=0.23 | above25=3 | score=8.13 | obj_ent=0.000 | 3.2 ep/s
  . rollout 1160 (morr) collect=0.38s update=1.62s elapsed=41.2m
  . rollout 1180 (morr) collect=0.40s update=1.72s elapsed=41.9m
  . rollout 1200 (morr) collect=0.50s update=1.81s elapsed=42.7m
  . rollout 1220 (morr) collect=0.43s update=1.77s elapsed=43.3m
  . rollout 1240 (morr) collect=0.36s update=1.30s elapsed=43.9m
  . rollout 1260 (morr) collect=0.37s update=1.33s elapsed=44.5m
  . rollout 1280 (morr) collect=0.40s update=1.37s elapsed=45.1m
  [interleaved] total_eps≈8854 | morr=0.60 | visu=0.57 | dyna=0.90 | visu=0.20 | above25=3 | score=8.27 | obj_ent=0.000 | 3.2 ep/s
  . rollout 1300 (morr) collect=0.36s update=1.32s elapsed=45.8m
  . rollout 1320 (morr) collect=0.38s update=1.41s elapsed=46.4m
  . rollout 1340 (morr) collect=0.40s update=1.32s elapsed=47.0m
  . rollout 1360 (morr) collect=0.37s update=1.36s elapsed=47.5m
  . rollout 1380 (morr) collect=0.40s update=1.32s elapsed=48.1m
  . rollout 1400 (morr) collect=0.45s update=1.45s elapsed=48.7m
  . rollout 1420 (morr) collect=0.38s update=1.34s elapsed=49.3m
  . rollout 1440 (morr) collect=0.38s update=1.31s elapsed=49.9m
  [interleaved] total_eps≈9837 | morr=0.43 | visu=0.47 | dyna=0.87 | visu=0.23 | above25=3 | score=8.00 | obj_ent=0.000 | 3.3 ep/s
  . rollout 1460 (morr) collect=0.38s update=1.41s elapsed=50.6m
  . rollout 1480 (morr) collect=0.37s update=1.39s elapsed=51.2m
  . rollout 1500 (morr) collect=0.40s update=1.33s elapsed=51.8m
  . rollout 1520 (morr) collect=0.37s update=1.31s elapsed=52.4m
  . rollout 1540 (morr) collect=0.38s update=1.35s elapsed=53.0m
  . rollout 1560 (morr) collect=0.42s update=1.39s elapsed=53.5m
  . rollout 1580 (morr) collect=0.38s update=1.31s elapsed=54.1m
  [interleaved] total_eps≈10820 | morr=0.60 | visu=0.67 | dyna=0.93 | visu=0.30 | above25=4 | score=10.50 | obj_ent=0.000 | 3.3 ep/s
  . rollout 1600 (morr) collect=0.37s update=1.35s elapsed=54.8m
  . rollout 1620 (morr) collect=0.38s update=1.33s elapsed=55.4m
  . rollout 1640 (morr) collect=0.38s update=1.33s elapsed=56.0m
  . rollout 1660 (morr) collect=0.37s update=1.38s elapsed=56.6m
  . rollout 1680 (morr) collect=0.39s update=1.34s elapsed=57.2m
  . rollout 1700 (morr) collect=0.37s update=1.34s elapsed=57.7m
  . rollout 1720 (morr) collect=0.40s update=1.43s elapsed=58.3m
  [interleaved] total_eps≈11803 | morr=0.43 | visu=0.70 | dyna=0.87 | visu=0.10 | above25=3 | score=8.10 | obj_ent=0.000 | 3.4 ep/s
  . rollout 1740 (morr) collect=0.40s update=1.46s elapsed=59.0m
  . rollout 1760 (morr) collect=0.46s update=1.39s elapsed=59.7m
  . rollout 1780 (morr) collect=0.40s update=1.47s elapsed=60.3m
  . rollout 1800 (morr) collect=0.38s update=1.38s elapsed=60.9m
  . rollout 1820 (morr) collect=0.42s update=1.39s elapsed=61.5m
  . rollout 1840 (morr) collect=0.45s update=1.37s elapsed=62.1m
  . rollout 1860 (morr) collect=0.42s update=1.38s elapsed=62.7m
  [interleaved] total_eps≈12786 | morr=0.40 | visu=0.57 | dyna=0.83 | visu=0.10 | above25=3 | score=7.90 | obj_ent=0.000 | 3.4 ep/s
  . rollout 1880 (morr) collect=0.38s update=1.39s elapsed=63.5m
  . rollout 1900 (morr) collect=0.41s update=1.46s elapsed=64.1m
  . rollout 1920 (morr) collect=0.42s update=1.69s elapsed=64.8m
  . rollout 1940 (morr) collect=0.43s update=1.44s elapsed=65.4m
  . rollout 1960 (morr) collect=0.42s update=1.44s elapsed=66.0m
  . rollout 1980 (morr) collect=0.38s update=1.46s elapsed=66.7m
  . rollout 2000 (morr) collect=0.38s update=1.43s elapsed=67.3m
  [interleaved] total_eps≈13769 | morr=0.63 | visu=0.60 | dyna=0.97 | visu=0.27 | above25=4 | score=10.47 | obj_ent=0.000 | 3.4 ep/s
  . rollout 2020 (morr) collect=0.42s update=1.38s elapsed=68.0m
  . rollout 2040 (morr) collect=0.42s update=1.44s elapsed=68.6m
  . rollout 2060 (morr) collect=0.40s update=1.33s elapsed=69.2m
  . rollout 2080 (morr) collect=0.47s update=1.39s elapsed=69.8m
  . rollout 2100 (morr) collect=0.44s update=1.39s elapsed=70.4m
  . rollout 2120 (morr) collect=0.41s update=1.37s elapsed=71.1m
  . rollout 2140 (morr) collect=0.42s update=1.41s elapsed=71.7m
  . rollout 2160 (morr) collect=0.42s update=1.35s elapsed=72.3m
  [interleaved] total_eps≈14752 | morr=0.57 | visu=0.60 | dyna=0.87 | visu=0.27 | above25=4 | score=10.30 | obj_ent=0.000 | 3.4 ep/s
  . rollout 2180 (morr) collect=0.42s update=1.34s elapsed=73.0m
  . rollout 2200 (morr) collect=0.44s update=1.35s elapsed=73.5m
  . rollout 2220 (morr) collect=0.39s update=1.37s elapsed=74.1m
  . rollout 2240 (morr) collect=0.37s update=1.39s elapsed=74.7m
  . rollout 2260 (morr) collect=0.36s update=1.36s elapsed=75.3m
  . rollout 2280 (morr) collect=0.42s update=1.37s elapsed=75.9m
  . rollout 2300 (morr) collect=0.38s update=1.34s elapsed=76.5m
  [interleaved] total_eps≈15735 | morr=0.60 | visu=0.60 | dyna=0.97 | visu=0.20 | above25=3 | score=8.37 | obj_ent=0.000 | 3.4 ep/s
  . rollout 2320 (morr) collect=0.37s update=1.33s elapsed=77.2m
  . rollout 2340 (morr) collect=0.44s update=1.37s elapsed=77.8m
  . rollout 2360 (morr) collect=0.38s update=1.34s elapsed=78.4m
  . rollout 2380 (morr) collect=0.42s update=1.37s elapsed=79.0m
  . rollout 2400 (morr) collect=0.42s update=1.40s elapsed=79.6m
  . rollout 2420 (morr) collect=0.38s update=1.37s elapsed=80.2m
  . rollout 2440 (morr) collect=0.42s update=1.33s elapsed=80.8m
  [interleaved] total_eps≈16719 | morr=0.70 | visu=0.80 | dyna=0.87 | visu=0.27 | above25=4 | score=10.63 | obj_ent=0.000 | 3.4 ep/s
  . rollout 2460 (morr) collect=0.38s update=1.37s elapsed=81.5m
  . rollout 2480 (morr) collect=0.38s update=1.35s elapsed=82.1m
  . rollout 2500 (morr) collect=0.41s update=1.33s elapsed=82.7m
  . rollout 2520 (morr) collect=0.43s update=1.34s elapsed=83.3m
  . rollout 2540 (morr) collect=0.41s update=1.35s elapsed=83.9m
  . rollout 2560 (morr) collect=0.38s update=1.34s elapsed=84.5m
  . rollout 2580 (morr) collect=0.40s update=1.35s elapsed=85.1m
  [interleaved] total_eps≈17702 | morr=0.60 | visu=0.70 | dyna=0.90 | visu=0.17 | above25=3 | score=8.37 | obj_ent=0.000 | 3.4 ep/s
  . rollout 2600 (morr) collect=0.39s update=1.38s elapsed=85.8m
  . rollout 2620 (morr) collect=0.39s update=1.35s elapsed=86.4m
  . rollout 2640 (morr) collect=0.42s update=1.41s elapsed=87.0m
  . rollout 2660 (morr) collect=0.42s update=1.46s elapsed=87.6m
  . rollout 2680 (morr) collect=0.41s update=1.45s elapsed=88.2m
  . rollout 2700 (morr) collect=0.43s update=1.43s elapsed=88.8m
  . rollout 2720 (morr) collect=0.43s update=1.38s elapsed=89.4m
  [interleaved] total_eps≈18685 | morr=0.53 | visu=0.43 | dyna=0.93 | visu=0.20 | above25=3 | score=8.10 | obj_ent=0.000 | 3.5 ep/s
  . rollout 2740 (morr) collect=0.47s update=1.46s elapsed=90.2m
  . rollout 2760 (morr) collect=0.39s update=1.45s elapsed=90.8m
  . rollout 2780 (morr) collect=0.41s update=1.36s elapsed=91.4m
  . rollout 2800 (morr) collect=0.39s update=1.41s elapsed=92.0m
  . rollout 2820 (morr) collect=0.44s update=1.41s elapsed=92.6m
  . rollout 2840 (morr) collect=0.38s update=1.37s elapsed=93.3m
  . rollout 2860 (morr) collect=0.38s update=1.36s elapsed=93.9m
  . rollout 2880 (morr) collect=0.39s update=1.41s elapsed=94.5m
  [interleaved] total_eps≈19668 | morr=0.60 | visu=0.67 | dyna=0.73 | visu=0.10 | above25=3 | score=8.10 | obj_ent=0.000 | 3.5 ep/s
  . rollout 2900 (morr) collect=0.39s update=1.38s elapsed=95.2m
  . rollout 2920 (morr) collect=0.44s update=1.47s elapsed=95.9m
  [restoring best model: sum=10.63]

======================================================================
PHASE 2: EVALUATION
======================================================================
  ✓ random on morris_water_maze: success_rate=0.710
  ✓ random on visual_foraging: success_rate=0.660
  ✓ random on dynamic_obstacles: success_rate=0.890
  ✓ random on visual_search: success_rate=0.250

  random: multi-task avg=0.628, zero-shot avg=0.624
  Saved ablation report: results_ablation_random/seed0/evaluation_report.json

✓ Experiment complete. Results saved to: results_ablation_random/seed0
