Device: cpu

🔬 ABLATION — meta_mode=fixed-explore, seed=1

  Instantiated parameters: 231,050
  Parameters that train and act: 152,518
  (GRU meta-controller + meta-value head unused in this arm: 78,532 params)

======================================================================
PHASE 1: TRAINING
======================================================================

  Interleaved training from scratch (shared optimizer, meta_mode=fixed-explore)...
  . rollout 0 (morr) collect=0.37s update=1.33s elapsed=0.0m
  . rollout 20 (morr) collect=0.37s update=1.32s elapsed=0.6m
  . rollout 40 (morr) collect=0.39s update=1.25s elapsed=1.2m
  . rollout 60 (morr) collect=0.39s update=1.39s elapsed=1.8m
  . rollout 80 (morr) collect=0.40s update=1.31s elapsed=2.4m
  . rollout 100 (morr) collect=0.37s update=1.25s elapsed=3.0m
  . rollout 120 (morr) collect=0.40s update=1.32s elapsed=3.5m
  . rollout 140 (morr) collect=0.37s update=1.23s elapsed=4.1m
  [interleaved] total_eps≈990 | morr=0.13 | visu=0.40 | dyna=0.30 | visu=0.03 | above25=2 | score=4.87 | obj_ent=0.000 | 3.8 ep/s
  . rollout 160 (morr) collect=0.37s update=1.23s elapsed=4.8m
  . rollout 180 (morr) collect=0.37s update=1.23s elapsed=5.3m
  . rollout 200 (morr) collect=0.37s update=1.23s elapsed=5.8m
  . rollout 220 (morr) collect=0.40s update=1.24s elapsed=6.4m
  . rollout 240 (morr) collect=0.37s update=1.39s elapsed=7.0m
  . rollout 260 (morr) collect=0.37s update=1.24s elapsed=7.5m
  . rollout 280 (morr) collect=0.36s update=1.25s elapsed=8.1m
  [interleaved] total_eps≈1973 | morr=0.20 | visu=0.40 | dyna=0.67 | visu=0.17 | above25=2 | score=5.43 | obj_ent=0.000 | 3.9 ep/s
  . rollout 300 (morr) collect=0.37s update=1.24s elapsed=8.7m
  . rollout 320 (morr) collect=0.37s update=1.24s elapsed=9.3m
  . rollout 340 (morr) collect=0.37s update=1.24s elapsed=9.8m
  . rollout 360 (morr) collect=0.36s update=1.23s elapsed=10.4m
  . rollout 380 (morr) collect=0.39s update=1.24s elapsed=10.9m
  . rollout 400 (morr) collect=0.37s update=1.23s elapsed=11.5m
  . rollout 420 (morr) collect=0.41s update=1.22s elapsed=12.0m
  [interleaved] total_eps≈2956 | morr=0.23 | visu=0.50 | dyna=0.53 | visu=0.20 | above25=2 | score=5.47 | obj_ent=0.000 | 4.0 ep/s
  . rollout 440 (morr) collect=0.37s update=1.23s elapsed=12.7m
  . rollout 460 (morr) collect=0.38s update=1.23s elapsed=13.2m
  . rollout 480 (morr) collect=0.37s update=1.22s elapsed=13.8m
  . rollout 500 (morr) collect=0.37s update=1.24s elapsed=14.3m
  . rollout 520 (morr) collect=0.37s update=1.22s elapsed=14.8m
  . rollout 540 (morr) collect=0.37s update=1.24s elapsed=15.4m
  . rollout 560 (morr) collect=0.38s update=1.24s elapsed=15.9m
  [interleaved] total_eps≈3939 | morr=0.13 | visu=0.27 | dyna=0.73 | visu=0.00 | above25=2 | score=5.13 | obj_ent=0.000 | 4.0 ep/s
  . rollout 580 (morr) collect=0.37s update=1.32s elapsed=16.6m
  . rollout 600 (morr) collect=0.37s update=1.27s elapsed=17.2m
  . rollout 620 (morr) collect=0.37s update=1.24s elapsed=17.7m
  . rollout 640 (morr) collect=0.37s update=1.23s elapsed=18.3m
  . rollout 660 (morr) collect=0.38s update=1.23s elapsed=18.8m
  . rollout 680 (morr) collect=0.37s update=1.23s elapsed=19.4m
  . rollout 700 (morr) collect=0.37s update=1.23s elapsed=19.9m
  . rollout 720 (morr) collect=0.36s update=1.23s elapsed=20.5m
  [interleaved] total_eps≈4922 | morr=0.37 | visu=0.33 | dyna=0.77 | visu=0.07 | above25=3 | score=7.53 | obj_ent=0.000 | 4.0 ep/s
  . rollout 740 (morr) collect=0.37s update=1.22s elapsed=21.1m
  . rollout 760 (morr) collect=0.37s update=1.23s elapsed=21.7m
  . rollout 780 (morr) collect=0.38s update=1.23s elapsed=22.2m
  . rollout 800 (morr) collect=0.36s update=1.27s elapsed=22.8m
  . rollout 820 (morr) collect=0.38s update=1.24s elapsed=23.3m
  . rollout 840 (morr) collect=0.37s update=1.23s elapsed=23.9m
  . rollout 860 (morr) collect=0.36s update=1.27s elapsed=24.4m
  [interleaved] total_eps≈5905 | morr=0.17 | visu=0.50 | dyna=0.40 | visu=0.07 | above25=2 | score=5.13 | obj_ent=0.000 | 4.0 ep/s
  . rollout 880 (morr) collect=0.37s update=1.23s elapsed=25.1m
  . rollout 900 (morr) collect=0.36s update=1.24s elapsed=25.6m
  . rollout 920 (morr) collect=0.36s update=1.24s elapsed=26.2m
  . rollout 940 (morr) collect=0.37s update=1.23s elapsed=26.7m
  . rollout 960 (morr) collect=0.37s update=1.22s elapsed=27.3m
  . rollout 980 (morr) collect=0.38s update=1.24s elapsed=27.8m
  . rollout 1000 (morr) collect=0.37s update=1.25s elapsed=28.4m
  [interleaved] total_eps≈6888 | morr=0.13 | visu=0.57 | dyna=0.63 | visu=0.10 | above25=2 | score=5.43 | obj_ent=0.000 | 4.0 ep/s
  . rollout 1020 (morr) collect=0.37s update=1.23s elapsed=29.0m
  . rollout 1040 (morr) collect=0.37s update=1.22s elapsed=29.6m
  . rollout 1060 (morr) collect=0.36s update=1.22s elapsed=30.1m
  . rollout 1080 (morr) collect=0.37s update=1.24s elapsed=30.7m
  . rollout 1100 (morr) collect=0.37s update=1.23s elapsed=31.2m
  . rollout 1120 (morr) collect=0.37s update=1.23s elapsed=31.8m
  . rollout 1140 (morr) collect=0.37s update=1.22s elapsed=32.3m
  [interleaved] total_eps≈7871 | morr=0.20 | visu=0.63 | dyna=0.73 | visu=0.07 | above25=2 | score=5.63 | obj_ent=0.000 | 4.0 ep/s
  . rollout 1160 (morr) collect=0.39s update=1.26s elapsed=33.0m
  . rollout 1180 (morr) collect=0.44s update=1.30s elapsed=33.5m
  . rollout 1200 (morr) collect=0.37s update=1.23s elapsed=34.1m
  . rollout 1220 (morr) collect=0.37s update=1.23s elapsed=34.6m
  . rollout 1240 (morr) collect=0.37s update=1.25s elapsed=35.2m
  . rollout 1260 (morr) collect=0.38s update=1.25s elapsed=35.7m
  . rollout 1280 (morr) collect=0.38s update=1.25s elapsed=36.3m
  [interleaved] total_eps≈8854 | morr=0.40 | visu=0.63 | dyna=0.90 | visu=0.23 | above25=3 | score=8.17 | obj_ent=0.000 | 4.0 ep/s
  . rollout 1300 (morr) collect=0.38s update=1.22s elapsed=36.9m
  . rollout 1320 (morr) collect=0.39s update=1.24s elapsed=37.5m
  . rollout 1340 (morr) collect=0.37s update=1.28s elapsed=38.0m
  . rollout 1360 (morr) collect=0.37s update=1.26s elapsed=38.6m
  . rollout 1380 (morr) collect=0.37s update=1.25s elapsed=39.1m
  . rollout 1400 (morr) collect=0.37s update=1.24s elapsed=39.7m
  . rollout 1420 (morr) collect=0.36s update=1.23s elapsed=40.2m
  . rollout 1440 (morr) collect=0.37s update=1.23s elapsed=40.8m
  [interleaved] total_eps≈9837 | morr=0.20 | visu=0.47 | dyna=0.53 | visu=0.10 | above25=2 | score=5.30 | obj_ent=0.000 | 4.0 ep/s
  . rollout 1460 (morr) collect=0.41s update=1.31s elapsed=41.4m
  . rollout 1480 (morr) collect=0.39s update=1.31s elapsed=42.0m
  . rollout 1500 (morr) collect=0.42s update=1.31s elapsed=42.5m
  . rollout 1520 (morr) collect=0.38s update=1.24s elapsed=43.1m
  . rollout 1540 (morr) collect=0.41s update=1.26s elapsed=43.7m
  . rollout 1560 (morr) collect=0.39s update=1.34s elapsed=44.2m
  . rollout 1580 (morr) collect=0.40s update=1.34s elapsed=44.8m
  [interleaved] total_eps≈10820 | morr=0.73 | visu=0.60 | dyna=0.87 | visu=0.10 | above25=3 | score=8.30 | obj_ent=0.000 | 4.0 ep/s
  . rollout 1600 (morr) collect=0.40s update=1.42s elapsed=45.5m
  . rollout 1620 (morr) collect=0.41s update=1.32s elapsed=46.1m
  . rollout 1640 (morr) collect=0.41s update=1.25s elapsed=46.6m
  . rollout 1660 (morr) collect=0.40s update=1.24s elapsed=47.2m
  . rollout 1680 (morr) collect=0.37s update=1.27s elapsed=47.8m
  . rollout 1700 (morr) collect=0.43s update=1.28s elapsed=48.3m
  . rollout 1720 (morr) collect=0.42s update=1.26s elapsed=48.9m
  [interleaved] total_eps≈11803 | morr=0.57 | visu=0.60 | dyna=0.77 | visu=0.17 | above25=3 | score=8.10 | obj_ent=0.000 | 4.0 ep/s
  . rollout 1740 (morr) collect=0.39s update=1.27s elapsed=49.5m
  . rollout 1760 (morr) collect=0.37s update=1.24s elapsed=50.1m
  . rollout 1780 (morr) collect=0.39s update=1.23s elapsed=50.7m
  . rollout 1800 (morr) collect=0.39s update=1.23s elapsed=51.2m
  . rollout 1820 (morr) collect=0.40s update=1.29s elapsed=51.8m
  . rollout 1840 (morr) collect=0.39s update=1.29s elapsed=52.4m
  . rollout 1860 (morr) collect=0.39s update=1.24s elapsed=52.9m
  [interleaved] total_eps≈12786 | morr=0.70 | visu=0.73 | dyna=0.83 | visu=0.17 | above25=3 | score=8.43 | obj_ent=0.000 | 4.0 ep/s
  . rollout 1880 (morr) collect=0.39s update=1.28s elapsed=53.5m
  . rollout 1900 (morr) collect=0.41s update=1.26s elapsed=54.1m
  . rollout 1920 (morr) collect=0.41s update=1.24s elapsed=54.7m
  . rollout 1940 (morr) collect=0.39s update=1.22s elapsed=55.2m
  . rollout 1960 (morr) collect=0.40s update=1.23s elapsed=55.8m
  . rollout 1980 (morr) collect=0.39s update=1.23s elapsed=56.3m
  . rollout 2000 (morr) collect=0.40s update=1.25s elapsed=56.9m
  [interleaved] total_eps≈13769 | morr=0.90 | visu=0.73 | dyna=0.80 | visu=0.33 | above25=4 | score=10.77 | obj_ent=0.000 | 4.0 ep/s
  . rollout 2020 (morr) collect=0.43s update=1.23s elapsed=57.5m
  . rollout 2040 (morr) collect=0.40s update=1.23s elapsed=58.0m
  . rollout 2060 (morr) collect=0.40s update=1.25s elapsed=58.6m
  . rollout 2080 (morr) collect=0.39s update=1.24s elapsed=59.1m
  . rollout 2100 (morr) collect=0.40s update=1.23s elapsed=59.7m
  . rollout 2120 (morr) collect=0.44s update=1.29s elapsed=60.3m
  . rollout 2140 (morr) collect=0.42s update=1.27s elapsed=60.8m
  . rollout 2160 (morr) collect=0.40s update=1.24s elapsed=61.4m
  [interleaved] total_eps≈14752 | morr=0.83 | visu=0.73 | dyna=0.77 | visu=0.10 | above25=3 | score=8.43 | obj_ent=0.000 | 4.0 ep/s
  . rollout 2180 (morr) collect=0.42s update=1.23s elapsed=62.0m
  . rollout 2200 (morr) collect=0.39s update=1.23s elapsed=62.6m
  . rollout 2220 (morr) collect=0.39s update=1.25s elapsed=63.1m
  . rollout 2240 (morr) collect=0.40s update=1.25s elapsed=63.7m
  . rollout 2260 (morr) collect=0.40s update=1.24s elapsed=64.2m
  . rollout 2280 (morr) collect=0.37s update=1.23s elapsed=64.8m
  . rollout 2300 (morr) collect=0.41s update=1.23s elapsed=65.3m
  [interleaved] total_eps≈15735 | morr=0.93 | visu=0.83 | dyna=0.73 | visu=0.20 | above25=3 | score=8.70 | obj_ent=0.000 | 4.0 ep/s
  . rollout 2320 (morr) collect=0.41s update=1.24s elapsed=65.9m
  . rollout 2340 (morr) collect=0.40s update=1.25s elapsed=66.5m
  . rollout 2360 (morr) collect=0.41s update=1.29s elapsed=67.0m
  . rollout 2380 (morr) collect=0.39s update=1.23s elapsed=67.6m
  . rollout 2400 (morr) collect=0.42s update=1.26s elapsed=68.2m
  . rollout 2420 (morr) collect=0.40s update=1.24s elapsed=68.7m
  . rollout 2440 (morr) collect=0.40s update=1.24s elapsed=69.3m
  [interleaved] total_eps≈16719 | morr=0.73 | visu=0.93 | dyna=0.90 | visu=0.17 | above25=3 | score=8.73 | obj_ent=0.000 | 4.0 ep/s
  . rollout 2460 (morr) collect=0.40s update=1.24s elapsed=69.9m
  . rollout 2480 (morr) collect=0.40s update=1.24s elapsed=70.4m
  . rollout 2500 (morr) collect=0.41s update=1.23s elapsed=71.0m
  . rollout 2520 (morr) collect=0.40s update=1.25s elapsed=71.5m
  . rollout 2540 (morr) collect=0.40s update=1.25s elapsed=72.1m
  . rollout 2560 (morr) collect=0.39s update=1.27s elapsed=72.6m
  . rollout 2580 (morr) collect=0.39s update=1.26s elapsed=73.2m
  [interleaved] total_eps≈17702 | morr=0.70 | visu=0.93 | dyna=0.87 | visu=0.30 | above25=4 | score=10.80 | obj_ent=0.000 | 4.0 ep/s
  . rollout 2600 (morr) collect=0.39s update=1.24s elapsed=73.8m
  . rollout 2620 (morr) collect=0.41s update=1.24s elapsed=74.3m
  . rollout 2640 (morr) collect=0.40s update=1.24s elapsed=74.8m
  . rollout 2660 (morr) collect=0.40s update=1.26s elapsed=75.4m
  . rollout 2680 (morr) collect=0.41s update=1.23s elapsed=75.9m
  . rollout 2700 (morr) collect=0.42s update=1.24s elapsed=76.5m
  . rollout 2720 (morr) collect=0.41s update=1.26s elapsed=77.1m
  [interleaved] total_eps≈18685 | morr=0.97 | visu=0.97 | dyna=0.77 | visu=0.20 | above25=3 | score=8.90 | obj_ent=0.000 | 4.0 ep/s
  . rollout 2740 (morr) collect=0.41s update=1.22s elapsed=77.7m
  . rollout 2760 (morr) collect=0.39s update=1.23s elapsed=78.2m
  . rollout 2780 (morr) collect=0.38s update=1.23s elapsed=78.7m
  . rollout 2800 (morr) collect=0.41s update=1.24s elapsed=79.3m
  . rollout 2820 (morr) collect=0.39s update=1.22s elapsed=79.8m
  . rollout 2840 (morr) collect=0.41s update=1.24s elapsed=80.4m
  . rollout 2860 (morr) collect=0.41s update=1.24s elapsed=80.9m
  . rollout 2880 (morr) collect=0.40s update=1.22s elapsed=81.5m
  [interleaved] total_eps≈19668 | morr=0.83 | visu=1.00 | dyna=0.87 | visu=0.20 | above25=3 | score=8.90 | obj_ent=0.000 | 4.0 ep/s
  . rollout 2900 (morr) collect=0.40s update=1.28s elapsed=82.1m
  . rollout 2920 (morr) collect=0.39s update=1.22s elapsed=82.6m
  [restoring best model: sum=10.80]

======================================================================
PHASE 2: EVALUATION
======================================================================
  ✓ fixed-explore on morris_water_maze: success_rate=0.610
  ✓ fixed-explore on visual_foraging: success_rate=0.940
  ✓ fixed-explore on dynamic_obstacles: success_rate=0.890
  ✓ fixed-explore on visual_search: success_rate=0.210

  fixed-explore: multi-task avg=0.662, zero-shot avg=0.653
  Saved ablation report: results_ablation_fixed-explore/seed1/evaluation_report.json

✓ Experiment complete. Results saved to: results_ablation_fixed-explore/seed1
