Device: cpu

🔬 ABLATION — meta_mode=random, seed=5

  Instantiated parameters: 231,050
  Parameters that train and act: 152,518
  (GRU meta-controller + meta-value head unused in this arm: 78,532 params)

======================================================================
PHASE 1: TRAINING
======================================================================

  Interleaved training from scratch (shared optimizer, meta_mode=random)...
  . rollout 0 (morr) collect=0.45s update=1.30s elapsed=0.0m
  . rollout 20 (morr) collect=0.38s update=1.23s elapsed=0.6m
  . rollout 40 (morr) collect=0.38s update=1.29s elapsed=1.1m
  . rollout 60 (morr) collect=0.38s update=1.27s elapsed=1.7m
  . rollout 80 (morr) collect=0.38s update=1.25s elapsed=2.2m
  . rollout 100 (morr) collect=0.40s update=1.27s elapsed=2.8m
  . rollout 120 (morr) collect=0.37s update=1.32s elapsed=3.4m
  . rollout 140 (morr) collect=0.37s update=1.24s elapsed=3.9m
  [interleaved] total_eps≈990 | morr=0.20 | visu=0.63 | dyna=0.43 | visu=0.23 | above25=2 | score=5.50 | obj_ent=0.000 | 4.0 ep/s
  . rollout 160 (morr) collect=0.37s update=1.31s elapsed=4.6m
  . rollout 180 (morr) collect=0.37s update=1.23s elapsed=5.1m
  . rollout 200 (morr) collect=0.38s update=1.24s elapsed=5.7m
  . rollout 220 (morr) collect=0.39s update=1.26s elapsed=6.2m
  . rollout 240 (morr) collect=0.37s update=1.25s elapsed=6.8m
  . rollout 260 (morr) collect=0.37s update=1.22s elapsed=7.3m
  . rollout 280 (morr) collect=0.39s update=1.32s elapsed=7.9m
  [interleaved] total_eps≈1973 | morr=0.63 | visu=0.53 | dyna=0.60 | visu=0.27 | above25=4 | score=10.03 | obj_ent=0.000 | 4.0 ep/s
  . rollout 300 (morr) collect=0.37s update=1.23s elapsed=8.6m
  . rollout 320 (morr) collect=0.37s update=1.27s elapsed=9.1m
  . rollout 340 (morr) collect=0.38s update=1.22s elapsed=9.7m
  . rollout 360 (morr) collect=0.37s update=1.27s elapsed=10.2m
  . rollout 380 (morr) collect=0.37s update=1.23s elapsed=10.8m
  . rollout 400 (morr) collect=0.38s update=1.29s elapsed=11.3m
  . rollout 420 (morr) collect=0.37s update=1.24s elapsed=11.9m
  [interleaved] total_eps≈2956 | morr=0.53 | visu=0.50 | dyna=0.60 | visu=0.23 | above25=3 | score=7.87 | obj_ent=0.000 | 4.0 ep/s
  . rollout 440 (morr) collect=0.37s update=1.24s elapsed=12.5m
  . rollout 460 (morr) collect=0.38s update=1.26s elapsed=13.1m
  . rollout 480 (morr) collect=0.38s update=1.24s elapsed=13.6m
  . rollout 500 (morr) collect=0.40s update=1.25s elapsed=14.2m
  . rollout 520 (morr) collect=0.38s update=1.25s elapsed=14.8m
  . rollout 540 (morr) collect=0.36s update=1.23s elapsed=15.3m
  . rollout 560 (morr) collect=0.37s update=1.23s elapsed=15.9m
  [interleaved] total_eps≈3939 | morr=0.50 | visu=0.50 | dyna=1.00 | visu=0.17 | above25=3 | score=8.17 | obj_ent=0.000 | 4.0 ep/s
  . rollout 580 (morr) collect=0.37s update=1.22s elapsed=16.5m
  . rollout 600 (morr) collect=0.38s update=1.21s elapsed=17.1m
  . rollout 620 (morr) collect=0.37s update=1.24s elapsed=17.6m
  . rollout 640 (morr) collect=0.37s update=1.24s elapsed=18.2m
  . rollout 660 (morr) collect=0.37s update=1.26s elapsed=18.7m
  . rollout 680 (morr) collect=0.38s update=1.25s elapsed=19.3m
  . rollout 700 (morr) collect=0.38s update=1.23s elapsed=19.9m
  . rollout 720 (morr) collect=0.37s update=1.24s elapsed=20.4m
  [interleaved] total_eps≈4922 | morr=0.67 | visu=0.57 | dyna=0.93 | visu=0.17 | above25=3 | score=8.33 | obj_ent=0.000 | 4.0 ep/s
  . rollout 740 (morr) collect=0.37s update=1.29s elapsed=21.0m
  . rollout 760 (morr) collect=0.38s update=1.22s elapsed=21.6m
  . rollout 780 (morr) collect=0.39s update=1.23s elapsed=22.2m
  . rollout 800 (morr) collect=0.41s update=1.23s elapsed=22.7m
  . rollout 820 (morr) collect=0.37s update=1.23s elapsed=23.3m
  . rollout 840 (morr) collect=0.37s update=1.22s elapsed=23.8m
  . rollout 860 (morr) collect=0.38s update=1.27s elapsed=24.4m
  [interleaved] total_eps≈5905 | morr=0.77 | visu=0.57 | dyna=0.87 | visu=0.30 | above25=4 | score=10.50 | obj_ent=0.000 | 4.0 ep/s
  . rollout 880 (morr) collect=0.37s update=1.23s elapsed=25.0m
  . rollout 900 (morr) collect=0.38s update=1.25s elapsed=25.6m
  . rollout 920 (morr) collect=0.38s update=1.23s elapsed=26.1m
  . rollout 940 (morr) collect=0.40s update=1.23s elapsed=26.7m
  . rollout 960 (morr) collect=0.38s update=1.33s elapsed=27.3m
  . rollout 980 (morr) collect=0.38s update=1.28s elapsed=27.8m
  . rollout 1000 (morr) collect=0.38s update=1.28s elapsed=28.4m
  [interleaved] total_eps≈6888 | morr=0.70 | visu=0.57 | dyna=0.97 | visu=0.30 | above25=4 | score=10.53 | obj_ent=0.000 | 4.0 ep/s
  . rollout 1020 (morr) collect=0.38s update=1.28s elapsed=29.0m
  . rollout 1040 (morr) collect=0.39s update=1.32s elapsed=29.6m
  . rollout 1060 (morr) collect=0.40s update=1.35s elapsed=30.1m
  . rollout 1080 (morr) collect=0.37s update=1.28s elapsed=30.7m
  . rollout 1100 (morr) collect=0.38s update=1.34s elapsed=31.3m
  . rollout 1120 (morr) collect=0.41s update=1.30s elapsed=31.9m
  . rollout 1140 (morr) collect=0.40s update=1.32s elapsed=32.5m
  [interleaved] total_eps≈7871 | morr=0.77 | visu=0.57 | dyna=0.93 | visu=0.30 | above25=4 | score=10.57 | obj_ent=0.000 | 4.0 ep/s
  . rollout 1160 (morr) collect=0.37s update=1.30s elapsed=33.1m
  . rollout 1180 (morr) collect=0.38s update=1.32s elapsed=33.7m
  . rollout 1200 (morr) collect=0.43s update=1.35s elapsed=34.3m
  . rollout 1220 (morr) collect=0.41s update=1.38s elapsed=34.9m
  . rollout 1240 (morr) collect=0.38s update=1.33s elapsed=35.5m
  . rollout 1260 (morr) collect=0.41s update=1.35s elapsed=36.1m
  . rollout 1280 (morr) collect=0.39s update=1.32s elapsed=36.7m
  [interleaved] total_eps≈8854 | morr=0.50 | visu=0.57 | dyna=0.83 | visu=0.17 | above25=3 | score=8.07 | obj_ent=0.000 | 4.0 ep/s
  . rollout 1300 (morr) collect=0.38s update=1.34s elapsed=37.4m
  . rollout 1320 (morr) collect=0.43s update=1.33s elapsed=37.9m
  . rollout 1340 (morr) collect=0.41s update=1.31s elapsed=38.5m
  . rollout 1360 (morr) collect=0.37s update=1.31s elapsed=39.1m
  . rollout 1380 (morr) collect=0.37s update=1.33s elapsed=39.7m
  . rollout 1400 (morr) collect=0.38s update=1.29s elapsed=40.3m
  . rollout 1420 (morr) collect=0.40s update=1.28s elapsed=40.9m
  . rollout 1440 (morr) collect=0.42s update=1.31s elapsed=41.4m
  [interleaved] total_eps≈9837 | morr=0.57 | visu=0.63 | dyna=0.83 | visu=0.03 | above25=3 | score=8.07 | obj_ent=0.000 | 3.9 ep/s
  . rollout 1460 (morr) collect=0.40s update=1.28s elapsed=42.1m
  . rollout 1480 (morr) collect=0.38s update=1.31s elapsed=42.7m
  . rollout 1500 (morr) collect=0.37s update=1.23s elapsed=43.2m
  . rollout 1520 (morr) collect=0.38s update=1.26s elapsed=43.8m
  . rollout 1540 (morr) collect=0.41s update=1.34s elapsed=44.4m
  . rollout 1560 (morr) collect=0.37s update=1.30s elapsed=44.9m
  . rollout 1580 (morr) collect=0.37s update=1.27s elapsed=45.5m
  [interleaved] total_eps≈10820 | morr=0.53 | visu=0.50 | dyna=0.73 | visu=0.37 | above25=4 | score=10.13 | obj_ent=0.000 | 3.9 ep/s
  . rollout 1600 (morr) collect=0.37s update=1.27s elapsed=46.1m
  . rollout 1620 (morr) collect=0.39s update=1.30s elapsed=46.7m
  . rollout 1640 (morr) collect=0.40s update=1.27s elapsed=47.3m
  . rollout 1660 (morr) collect=0.39s update=1.28s elapsed=47.8m
  . rollout 1680 (morr) collect=0.39s update=1.29s elapsed=48.4m
  . rollout 1700 (morr) collect=0.37s update=1.26s elapsed=49.0m
  . rollout 1720 (morr) collect=0.38s update=1.34s elapsed=49.5m
  [interleaved] total_eps≈11803 | morr=0.57 | visu=0.67 | dyna=0.83 | visu=0.10 | above25=3 | score=8.17 | obj_ent=0.000 | 3.9 ep/s
  . rollout 1740 (morr) collect=0.37s update=1.27s elapsed=50.2m
  . rollout 1760 (morr) collect=0.42s update=1.26s elapsed=50.8m
  . rollout 1780 (morr) collect=0.41s update=1.32s elapsed=51.3m
  . rollout 1800 (morr) collect=0.37s update=1.30s elapsed=51.9m
  . rollout 1820 (morr) collect=0.36s update=1.29s elapsed=52.5m
  . rollout 1840 (morr) collect=0.39s update=1.28s elapsed=53.0m
  . rollout 1860 (morr) collect=0.36s update=1.27s elapsed=53.6m
  [interleaved] total_eps≈12786 | morr=0.57 | visu=0.57 | dyna=0.87 | visu=0.37 | above25=4 | score=10.37 | obj_ent=0.000 | 3.9 ep/s
  . rollout 1880 (morr) collect=0.37s update=1.27s elapsed=54.2m
  . rollout 1900 (morr) collect=0.37s update=1.27s elapsed=54.8m
  . rollout 1920 (morr) collect=0.38s update=1.28s elapsed=55.4m
  . rollout 1940 (morr) collect=0.43s update=1.35s elapsed=55.9m
  . rollout 1960 (morr) collect=0.38s update=1.27s elapsed=56.5m
  . rollout 1980 (morr) collect=0.37s update=1.26s elapsed=57.1m
  . rollout 2000 (morr) collect=0.37s update=1.32s elapsed=57.6m
  [interleaved] total_eps≈13769 | morr=0.53 | visu=0.57 | dyna=0.87 | visu=0.27 | above25=4 | score=10.23 | obj_ent=0.000 | 3.9 ep/s
  . rollout 2020 (morr) collect=0.37s update=1.27s elapsed=58.3m
  . rollout 2040 (morr) collect=0.38s update=1.29s elapsed=58.8m
  . rollout 2060 (morr) collect=0.37s update=1.27s elapsed=59.4m
  . rollout 2080 (morr) collect=0.38s update=1.26s elapsed=60.0m
  . rollout 2100 (morr) collect=0.37s update=1.27s elapsed=60.5m
  . rollout 2120 (morr) collect=0.39s update=1.39s elapsed=61.1m
  . rollout 2140 (morr) collect=0.41s update=1.38s elapsed=61.7m
  . rollout 2160 (morr) collect=0.37s update=1.29s elapsed=62.2m
  [interleaved] total_eps≈14752 | morr=0.63 | visu=0.43 | dyna=0.97 | visu=0.10 | above25=3 | score=8.13 | obj_ent=0.000 | 3.9 ep/s
  . rollout 2180 (morr) collect=0.45s update=1.32s elapsed=62.9m
  . rollout 2200 (morr) collect=0.40s update=1.29s elapsed=63.5m
  . rollout 2220 (morr) collect=0.37s update=1.28s elapsed=64.0m
  . rollout 2240 (morr) collect=0.38s update=1.28s elapsed=64.6m
  . rollout 2260 (morr) collect=0.43s update=1.30s elapsed=65.2m
  . rollout 2280 (morr) collect=0.37s update=1.36s elapsed=65.8m
  . rollout 2300 (morr) collect=0.36s update=1.32s elapsed=66.3m
  [interleaved] total_eps≈15735 | morr=0.83 | visu=0.60 | dyna=0.97 | visu=0.13 | above25=3 | score=8.53 | obj_ent=0.000 | 3.9 ep/s
  . rollout 2320 (morr) collect=0.37s update=1.28s elapsed=67.0m
  . rollout 2340 (morr) collect=0.40s update=1.28s elapsed=67.6m
  . rollout 2360 (morr) collect=0.37s update=1.29s elapsed=68.1m
  . rollout 2380 (morr) collect=0.39s update=1.26s elapsed=68.7m
  . rollout 2400 (morr) collect=0.39s update=1.32s elapsed=69.3m
  . rollout 2420 (morr) collect=0.39s update=1.26s elapsed=69.8m
  . rollout 2440 (morr) collect=0.37s update=1.28s elapsed=70.4m
  [interleaved] total_eps≈16719 | morr=0.73 | visu=0.57 | dyna=0.87 | visu=0.13 | above25=3 | score=8.30 | obj_ent=0.000 | 3.9 ep/s
  . rollout 2460 (morr) collect=0.37s update=1.28s elapsed=71.1m
  . rollout 2480 (morr) collect=0.37s update=1.28s elapsed=71.6m
  . rollout 2500 (morr) collect=0.39s update=1.26s elapsed=72.2m
  . rollout 2520 (morr) collect=0.44s update=1.36s elapsed=72.8m
  . rollout 2540 (morr) collect=0.38s update=1.29s elapsed=73.3m
  . rollout 2560 (morr) collect=0.40s update=1.32s elapsed=73.9m
  . rollout 2580 (morr) collect=0.37s update=1.28s elapsed=74.5m
  [interleaved] total_eps≈17702 | morr=0.67 | visu=0.77 | dyna=0.97 | visu=0.20 | above25=3 | score=8.60 | obj_ent=0.000 | 3.9 ep/s
  [multi-task early stop: best_score=10.57, current=8.60, restoring best]
  [restoring best model: sum=10.57]

======================================================================
PHASE 2: EVALUATION
======================================================================
  ✓ random on morris_water_maze: success_rate=0.550
  ✓ random on visual_foraging: success_rate=0.510
  ✓ random on dynamic_obstacles: success_rate=0.940
  ✓ random on visual_search: success_rate=0.230

  random: multi-task avg=0.557, zero-shot avg=0.526
  Saved ablation report: results_ablation_random/seed5/evaluation_report.json

✓ Experiment complete. Results saved to: results_ablation_random/seed5
