Device: cpu

🔬 ABLATION — meta_mode=fixed-approach, seed=7

  Instantiated parameters: 231,050
  Parameters that train and act: 152,518
  (GRU meta-controller + meta-value head unused in this arm: 78,532 params)

======================================================================
PHASE 1: TRAINING
======================================================================

  Interleaved training from scratch (shared optimizer, meta_mode=fixed-approach)...
  . rollout 0 (morr) collect=0.39s update=1.33s elapsed=0.0m
  . rollout 20 (morr) collect=0.37s update=1.26s elapsed=0.6m
  . rollout 40 (morr) collect=0.37s update=1.26s elapsed=1.1m
  . rollout 60 (morr) collect=0.42s update=1.25s elapsed=1.7m
  . rollout 80 (morr) collect=0.36s update=1.27s elapsed=2.3m
  . rollout 100 (morr) collect=0.38s update=1.31s elapsed=2.9m
  . rollout 120 (morr) collect=0.38s update=1.29s elapsed=3.5m
  . rollout 140 (morr) collect=0.38s update=1.30s elapsed=4.0m
  [interleaved] total_eps≈990 | morr=0.33 | visu=0.50 | dyna=0.57 | visu=0.17 | above25=3 | score=7.57 | obj_ent=0.000 | 3.9 ep/s
  . rollout 160 (morr) collect=0.37s update=1.25s elapsed=4.7m
  . rollout 180 (morr) collect=0.38s update=1.29s elapsed=5.3m
  . rollout 200 (morr) collect=0.44s update=1.27s elapsed=5.8m
  . rollout 220 (morr) collect=0.37s update=1.27s elapsed=6.4m
  . rollout 240 (morr) collect=0.37s update=1.34s elapsed=7.0m
  . rollout 260 (morr) collect=0.43s update=1.31s elapsed=7.5m
  . rollout 280 (morr) collect=0.37s update=1.27s elapsed=8.1m
  [interleaved] total_eps≈1973 | morr=0.13 | visu=0.30 | dyna=0.83 | visu=0.10 | above25=2 | score=5.37 | obj_ent=0.000 | 3.9 ep/s
  . rollout 300 (morr) collect=0.37s update=1.23s elapsed=8.8m
  . rollout 320 (morr) collect=0.35s update=1.27s elapsed=9.3m
  . rollout 340 (morr) collect=0.37s update=1.33s elapsed=9.9m
  . rollout 360 (morr) collect=0.37s update=1.25s elapsed=10.4m
  . rollout 380 (morr) collect=0.37s update=1.24s elapsed=11.0m
  . rollout 400 (morr) collect=0.37s update=1.23s elapsed=11.5m
  . rollout 420 (morr) collect=0.37s update=1.23s elapsed=12.1m
  [interleaved] total_eps≈2956 | morr=0.13 | visu=0.47 | dyna=0.80 | visu=0.07 | above25=2 | score=5.47 | obj_ent=0.000 | 3.9 ep/s
  . rollout 440 (morr) collect=0.37s update=1.26s elapsed=12.7m
  . rollout 460 (morr) collect=0.37s update=1.36s elapsed=13.3m
  . rollout 480 (morr) collect=0.44s update=1.32s elapsed=13.9m
  . rollout 500 (morr) collect=0.43s update=1.53s elapsed=14.5m
  . rollout 520 (morr) collect=0.37s update=1.31s elapsed=15.1m
  . rollout 540 (morr) collect=0.37s update=1.25s elapsed=15.7m
  . rollout 560 (morr) collect=0.37s update=1.23s elapsed=16.2m
  [interleaved] total_eps≈3939 | morr=0.17 | visu=0.40 | dyna=0.87 | visu=0.27 | above25=3 | score=7.70 | obj_ent=0.000 | 3.9 ep/s
  . rollout 580 (morr) collect=0.38s update=1.29s elapsed=16.9m
  . rollout 600 (morr) collect=0.37s update=1.22s elapsed=17.4m
  . rollout 620 (morr) collect=0.37s update=1.23s elapsed=18.0m
  . rollout 640 (morr) collect=0.38s update=1.24s elapsed=18.5m
  . rollout 660 (morr) collect=0.37s update=1.23s elapsed=19.1m
  . rollout 680 (morr) collect=0.36s update=1.22s elapsed=19.6m
  . rollout 700 (morr) collect=0.38s update=1.24s elapsed=20.2m
  . rollout 720 (morr) collect=0.41s update=1.27s elapsed=20.8m
  [interleaved] total_eps≈4922 | morr=0.13 | visu=0.40 | dyna=0.77 | visu=0.10 | above25=2 | score=5.40 | obj_ent=0.000 | 3.9 ep/s
  . rollout 740 (morr) collect=0.37s update=1.23s elapsed=21.4m
  . rollout 760 (morr) collect=0.37s update=1.24s elapsed=22.0m
  . rollout 780 (morr) collect=0.38s update=1.24s elapsed=22.5m
  . rollout 800 (morr) collect=0.37s update=1.23s elapsed=23.1m
  . rollout 820 (morr) collect=0.38s update=1.22s elapsed=23.6m
  . rollout 840 (morr) collect=0.38s update=1.23s elapsed=24.2m
  . rollout 860 (morr) collect=0.38s update=1.21s elapsed=24.7m
  [interleaved] total_eps≈5905 | morr=0.33 | visu=0.57 | dyna=0.67 | visu=0.07 | above25=3 | score=7.63 | obj_ent=0.000 | 3.9 ep/s
  . rollout 880 (morr) collect=0.39s update=1.26s elapsed=25.4m
  . rollout 900 (morr) collect=0.38s update=1.25s elapsed=25.9m
  . rollout 920 (morr) collect=0.37s update=1.24s elapsed=26.5m
  . rollout 940 (morr) collect=0.37s update=1.24s elapsed=27.0m
  . rollout 960 (morr) collect=0.37s update=1.25s elapsed=27.6m
  . rollout 980 (morr) collect=0.38s update=1.25s elapsed=28.1m
  . rollout 1000 (morr) collect=0.39s update=1.24s elapsed=28.7m
  [interleaved] total_eps≈6888 | morr=0.50 | visu=0.73 | dyna=0.63 | visu=0.23 | above25=3 | score=8.10 | obj_ent=0.000 | 4.0 ep/s
  . rollout 1020 (morr) collect=0.43s update=1.23s elapsed=29.3m
  . rollout 1040 (morr) collect=0.39s update=1.25s elapsed=29.9m
  . rollout 1060 (morr) collect=0.39s update=1.26s elapsed=30.4m
  . rollout 1080 (morr) collect=0.37s update=1.22s elapsed=31.0m
  . rollout 1100 (morr) collect=0.40s update=1.28s elapsed=31.5m
  . rollout 1120 (morr) collect=0.39s update=1.22s elapsed=32.1m
  . rollout 1140 (morr) collect=0.38s update=1.24s elapsed=32.6m
  [interleaved] total_eps≈7871 | morr=0.67 | visu=0.83 | dyna=0.90 | visu=0.10 | above25=3 | score=8.50 | obj_ent=0.000 | 4.0 ep/s
  . rollout 1160 (morr) collect=0.38s update=1.25s elapsed=33.2m
  . rollout 1180 (morr) collect=0.37s update=1.23s elapsed=33.8m
  . rollout 1200 (morr) collect=0.37s update=1.24s elapsed=34.3m
  . rollout 1220 (morr) collect=0.39s update=1.24s elapsed=34.9m
  . rollout 1240 (morr) collect=0.43s update=1.26s elapsed=35.4m
  . rollout 1260 (morr) collect=0.41s update=1.29s elapsed=36.0m
  . rollout 1280 (morr) collect=0.39s update=1.25s elapsed=36.6m
  [interleaved] total_eps≈8854 | morr=0.80 | visu=0.70 | dyna=0.80 | visu=0.10 | above25=3 | score=8.40 | obj_ent=0.000 | 4.0 ep/s
  . rollout 1300 (morr) collect=0.40s update=1.27s elapsed=37.2m
  . rollout 1320 (morr) collect=0.39s update=1.26s elapsed=37.7m
  . rollout 1340 (morr) collect=0.38s update=1.25s elapsed=38.3m
  . rollout 1360 (morr) collect=0.40s update=1.24s elapsed=38.8m
  . rollout 1380 (morr) collect=0.38s update=1.25s elapsed=39.4m
  . rollout 1400 (morr) collect=0.39s update=1.22s elapsed=39.9m
  . rollout 1420 (morr) collect=0.38s update=1.23s elapsed=40.5m
  . rollout 1440 (morr) collect=0.37s update=1.23s elapsed=41.0m
  [interleaved] total_eps≈9837 | morr=0.43 | visu=0.63 | dyna=0.67 | visu=0.20 | above25=3 | score=7.93 | obj_ent=0.000 | 4.0 ep/s
  . rollout 1460 (morr) collect=0.38s update=1.22s elapsed=41.7m
  . rollout 1480 (morr) collect=0.35s update=1.24s elapsed=42.2m
  . rollout 1500 (morr) collect=0.38s update=1.28s elapsed=42.8m
  . rollout 1520 (morr) collect=0.41s update=1.25s elapsed=43.3m
  . rollout 1540 (morr) collect=0.37s update=1.22s elapsed=43.9m
  . rollout 1560 (morr) collect=0.38s update=1.23s elapsed=44.4m
  . rollout 1580 (morr) collect=0.42s update=1.25s elapsed=45.0m
  [interleaved] total_eps≈10820 | morr=0.50 | visu=0.80 | dyna=0.73 | visu=0.00 | above25=3 | score=8.03 | obj_ent=0.000 | 4.0 ep/s
  . rollout 1600 (morr) collect=0.36s update=1.45s elapsed=45.6m
  . rollout 1620 (morr) collect=0.36s update=1.26s elapsed=46.2m
  . rollout 1640 (morr) collect=0.43s update=1.29s elapsed=46.7m
  . rollout 1660 (morr) collect=0.38s update=1.29s elapsed=47.3m
  . rollout 1680 (morr) collect=0.44s update=1.34s elapsed=47.9m
  . rollout 1700 (morr) collect=0.40s update=1.22s elapsed=48.4m
  . rollout 1720 (morr) collect=0.39s update=1.26s elapsed=49.0m
  [interleaved] total_eps≈11803 | morr=0.87 | visu=0.60 | dyna=0.63 | visu=0.07 | above25=3 | score=8.17 | obj_ent=0.000 | 4.0 ep/s
  . rollout 1740 (morr) collect=0.41s update=1.26s elapsed=49.6m
  . rollout 1760 (morr) collect=0.40s update=1.34s elapsed=50.2m
  . rollout 1780 (morr) collect=0.41s update=1.27s elapsed=50.8m
  . rollout 1800 (morr) collect=0.45s update=1.34s elapsed=51.4m
  . rollout 1820 (morr) collect=0.38s update=1.34s elapsed=52.0m
  . rollout 1840 (morr) collect=0.39s update=1.27s elapsed=52.5m
  . rollout 1860 (morr) collect=0.44s update=1.28s elapsed=53.1m
  [interleaved] total_eps≈12786 | morr=0.73 | visu=0.83 | dyna=0.73 | visu=0.13 | above25=3 | score=8.43 | obj_ent=0.000 | 4.0 ep/s
  . rollout 1880 (morr) collect=0.41s update=1.27s elapsed=53.7m
  . rollout 1900 (morr) collect=0.39s update=1.28s elapsed=54.3m
  . rollout 1920 (morr) collect=0.39s update=1.29s elapsed=54.9m
  . rollout 1940 (morr) collect=0.37s update=1.28s elapsed=55.4m
  . rollout 1960 (morr) collect=0.41s update=1.26s elapsed=56.0m
  . rollout 1980 (morr) collect=0.39s update=1.30s elapsed=56.6m
  . rollout 2000 (morr) collect=0.40s update=1.24s elapsed=57.1m
  [interleaved] total_eps≈13769 | morr=0.87 | visu=0.90 | dyna=0.77 | visu=0.17 | above25=3 | score=8.70 | obj_ent=0.000 | 4.0 ep/s
  . rollout 2020 (morr) collect=0.40s update=1.23s elapsed=57.7m
  . rollout 2040 (morr) collect=0.39s update=1.23s elapsed=58.3m
  . rollout 2060 (morr) collect=0.40s update=1.25s elapsed=58.8m
  . rollout 2080 (morr) collect=0.40s update=1.26s elapsed=59.4m
  . rollout 2100 (morr) collect=0.42s update=1.35s elapsed=60.0m
  . rollout 2120 (morr) collect=0.41s update=1.23s elapsed=60.5m
  . rollout 2140 (morr) collect=0.39s update=1.22s elapsed=61.1m
  . rollout 2160 (morr) collect=0.41s update=1.26s elapsed=61.6m
  [interleaved] total_eps≈14752 | morr=0.90 | visu=0.77 | dyna=0.97 | visu=0.13 | above25=3 | score=8.77 | obj_ent=0.000 | 4.0 ep/s
  . rollout 2180 (morr) collect=0.39s update=1.22s elapsed=62.2m
  . rollout 2200 (morr) collect=0.40s update=1.25s elapsed=62.8m
  . rollout 2220 (morr) collect=0.40s update=1.24s elapsed=63.3m
  . rollout 2240 (morr) collect=0.40s update=1.25s elapsed=63.9m
  . rollout 2260 (morr) collect=0.44s update=1.31s elapsed=64.4m
  . rollout 2280 (morr) collect=0.42s update=1.22s elapsed=65.0m
  . rollout 2300 (morr) collect=0.41s update=1.25s elapsed=65.5m
  [interleaved] total_eps≈15735 | morr=1.00 | visu=0.90 | dyna=0.97 | visu=0.30 | above25=4 | score=11.17 | obj_ent=0.000 | 4.0 ep/s
  . rollout 2320 (morr) collect=0.39s update=1.25s elapsed=66.1m
  . rollout 2340 (morr) collect=0.41s update=1.24s elapsed=66.7m
  . rollout 2360 (morr) collect=0.39s update=1.25s elapsed=67.2m
  . rollout 2380 (morr) collect=0.40s update=1.23s elapsed=67.8m
  . rollout 2400 (morr) collect=0.40s update=1.36s elapsed=68.4m
  . rollout 2420 (morr) collect=0.42s update=1.27s elapsed=68.9m
  . rollout 2440 (morr) collect=0.40s update=1.30s elapsed=69.5m
  [interleaved] total_eps≈16719 | morr=0.83 | visu=1.00 | dyna=0.47 | visu=0.33 | above25=4 | score=10.63 | obj_ent=0.000 | 4.0 ep/s
  . rollout 2460 (morr) collect=0.40s update=1.21s elapsed=70.1m
  . rollout 2480 (morr) collect=0.40s update=1.32s elapsed=70.7m
  . rollout 2500 (morr) collect=0.41s update=1.25s elapsed=71.2m
  . rollout 2520 (morr) collect=0.40s update=1.23s elapsed=71.8m
  . rollout 2540 (morr) collect=0.39s update=1.25s elapsed=72.3m
  . rollout 2560 (morr) collect=0.39s update=1.22s elapsed=72.9m
  . rollout 2580 (morr) collect=0.41s update=1.27s elapsed=73.4m
  [interleaved] total_eps≈17702 | morr=1.00 | visu=1.00 | dyna=0.87 | visu=0.23 | above25=3 | score=9.10 | obj_ent=0.000 | 4.0 ep/s
  . rollout 2600 (morr) collect=0.40s update=1.23s elapsed=74.0m
  . rollout 2620 (morr) collect=0.39s update=1.22s elapsed=74.6m
  . rollout 2640 (morr) collect=0.45s update=1.39s elapsed=75.2m
  . rollout 2660 (morr) collect=0.41s update=1.22s elapsed=75.7m
  . rollout 2680 (morr) collect=0.41s update=1.24s elapsed=76.3m
  . rollout 2700 (morr) collect=0.40s update=1.23s elapsed=76.8m
  . rollout 2720 (morr) collect=0.40s update=1.27s elapsed=77.4m
  [interleaved] total_eps≈18685 | morr=1.00 | visu=1.00 | dyna=0.83 | visu=0.30 | above25=4 | score=11.13 | obj_ent=0.000 | 4.0 ep/s
  . rollout 2740 (morr) collect=0.40s update=1.23s elapsed=78.0m
  . rollout 2760 (morr) collect=0.40s update=1.22s elapsed=78.5m
  . rollout 2780 (morr) collect=0.39s update=1.28s elapsed=79.1m
  . rollout 2800 (morr) collect=0.40s update=1.23s elapsed=79.6m
  . rollout 2820 (morr) collect=0.38s update=1.24s elapsed=80.2m
  . rollout 2840 (morr) collect=0.40s update=1.23s elapsed=80.7m
  . rollout 2860 (morr) collect=0.38s update=1.30s elapsed=81.3m
  . rollout 2880 (morr) collect=0.39s update=1.23s elapsed=81.9m
  [interleaved] total_eps≈19668 | morr=0.73 | visu=0.97 | dyna=0.80 | visu=0.63 | above25=4 | score=11.13 | obj_ent=0.000 | 4.0 ep/s
  . rollout 2900 (morr) collect=0.40s update=1.23s elapsed=82.5m
  . rollout 2920 (morr) collect=0.39s update=1.23s elapsed=83.0m
  [restoring best model: sum=11.17]

======================================================================
PHASE 2: EVALUATION
======================================================================
  ✓ fixed-approach on morris_water_maze: success_rate=0.980
  ✓ fixed-approach on visual_foraging: success_rate=0.900
  ✓ fixed-approach on dynamic_obstacles: success_rate=0.850
  ✓ fixed-approach on visual_search: success_rate=0.210

  fixed-approach: multi-task avg=0.735, zero-shot avg=0.728
  Saved ablation report: results_ablation_fixed-approach/seed7/evaluation_report.json

✓ Experiment complete. Results saved to: results_ablation_fixed-approach/seed7
