Device: cpu

🔬 FULL EXPERIMENT — All tasks, both models

============================================================
MODEL PARAMETER COMPARISON
============================================================
  Augmented (PFC) model: 231,050 parameters
  Baseline (Fixed) model: 231,590 parameters
  Ratio: 1.00x
  Difference: 540 params
============================================================
  Estimated VRAM (model + optimizer):
    Augmented: ~2.6 MB
    Baseline:  ~2.7 MB
    Combined:  ~5.3 MB
============================================================

======================================================================
PHASE 1: TRAINING
======================================================================

  Interleaved training from scratch (shared optimizer, meta_mode=learned)...
  . rollout 0 (morr) collect=0.54s update=1.64s elapsed=0.0m
  . rollout 20 (morr) collect=0.56s update=1.64s elapsed=0.8m
  . rollout 40 (morr) collect=0.73s update=1.89s elapsed=1.5m
  . rollout 60 (morr) collect=0.60s update=1.70s elapsed=2.3m
  . rollout 80 (morr) collect=0.70s update=1.88s elapsed=3.2m
  . rollout 100 (morr) collect=0.57s update=1.65s elapsed=4.0m
  . rollout 120 (morr) collect=0.61s update=1.74s elapsed=4.8m
  . rollout 140 (morr) collect=0.69s update=1.83s elapsed=5.6m
  [interleaved] total_eps≈990 | morr=0.27 | visu=0.37 | dyna=0.40 | visu=0.10 | above25=3 | score=7.13 | obj_ent=0.911 | 2.8 ep/s
  . rollout 160 (morr) collect=0.68s update=1.81s elapsed=6.6m
  . rollout 180 (morr) collect=0.79s update=1.82s elapsed=7.4m
  . rollout 200 (morr) collect=0.66s update=1.68s elapsed=8.2m
  . rollout 220 (morr) collect=0.65s update=1.68s elapsed=9.0m
  . rollout 240 (morr) collect=0.67s update=1.61s elapsed=9.8m
  . rollout 260 (morr) collect=0.50s update=1.44s elapsed=10.5m
  . rollout 280 (morr) collect=0.56s update=1.99s elapsed=11.1m
  [interleaved] total_eps≈1973 | morr=0.40 | visu=0.33 | dyna=0.70 | visu=0.17 | above25=3 | score=7.60 | obj_ent=0.832 | 2.8 ep/s
  . rollout 300 (morr) collect=0.53s update=1.49s elapsed=12.0m
  . rollout 320 (morr) collect=0.52s update=1.70s elapsed=12.7m
  . rollout 340 (morr) collect=0.54s update=1.47s elapsed=13.4m
  . rollout 360 (morr) collect=0.48s update=1.42s elapsed=14.1m
  . rollout 380 (morr) collect=0.52s update=1.43s elapsed=14.8m
  . rollout 400 (morr) collect=0.50s update=1.45s elapsed=15.5m
  . rollout 420 (morr) collect=0.51s update=1.46s elapsed=16.1m
  [interleaved] total_eps≈2956 | morr=0.47 | visu=0.37 | dyna=0.87 | visu=0.03 | above25=3 | score=7.73 | obj_ent=0.898 | 2.9 ep/s
  . rollout 440 (morr) collect=0.52s update=1.75s elapsed=17.0m
  . rollout 460 (morr) collect=0.54s update=1.47s elapsed=17.7m
  . rollout 480 (morr) collect=0.63s update=1.62s elapsed=18.4m
  . rollout 500 (morr) collect=0.54s update=1.46s elapsed=19.1m
  . rollout 520 (morr) collect=0.54s update=1.53s elapsed=19.8m
  . rollout 540 (morr) collect=0.52s update=1.44s elapsed=20.5m
  . rollout 560 (morr) collect=0.54s update=1.41s elapsed=21.2m
  [interleaved] total_eps≈3939 | morr=0.33 | visu=0.40 | dyna=0.83 | visu=0.07 | above25=3 | score=7.63 | obj_ent=0.933 | 3.0 ep/s
  . rollout 580 (morr) collect=0.60s update=1.65s elapsed=22.0m
  . rollout 600 (morr) collect=0.53s update=1.44s elapsed=22.7m
  . rollout 620 (morr) collect=0.54s update=1.45s elapsed=23.4m
  . rollout 640 (morr) collect=0.56s update=1.50s elapsed=24.1m
  . rollout 660 (morr) collect=0.52s update=1.45s elapsed=24.8m
  . rollout 680 (morr) collect=0.51s update=1.88s elapsed=25.5m
  . rollout 700 (morr) collect=0.54s update=1.43s elapsed=26.2m
  . rollout 720 (morr) collect=0.56s update=1.48s elapsed=26.9m
  [interleaved] total_eps≈4922 | morr=0.47 | visu=0.60 | dyna=1.00 | visu=0.07 | above25=3 | score=8.13 | obj_ent=0.816 | 3.0 ep/s
  . rollout 740 (morr) collect=0.52s update=1.36s elapsed=27.6m
  . rollout 760 (morr) collect=0.49s update=1.35s elapsed=28.3m
  . rollout 780 (morr) collect=0.51s update=1.38s elapsed=28.9m
  . rollout 800 (morr) collect=0.49s update=1.35s elapsed=29.5m
  . rollout 820 (morr) collect=0.54s update=1.36s elapsed=30.1m
  . rollout 840 (morr) collect=0.50s update=1.35s elapsed=30.8m
  . rollout 860 (morr) collect=0.51s update=1.38s elapsed=31.4m
  [interleaved] total_eps≈5905 | morr=0.53 | visu=0.60 | dyna=0.57 | visu=0.13 | above25=3 | score=7.83 | obj_ent=0.828 | 3.1 ep/s
  . rollout 880 (morr) collect=0.51s update=1.35s elapsed=32.1m
  . rollout 900 (morr) collect=0.50s update=1.34s elapsed=32.8m
  . rollout 920 (morr) collect=0.52s update=1.36s elapsed=33.4m
  . rollout 940 (morr) collect=0.52s update=1.36s elapsed=34.0m
  . rollout 960 (morr) collect=0.56s update=1.37s elapsed=34.7m
  . rollout 980 (morr) collect=0.54s update=1.38s elapsed=35.3m
  . rollout 1000 (morr) collect=0.60s update=1.41s elapsed=35.9m
  [interleaved] total_eps≈6888 | morr=0.83 | visu=0.67 | dyna=0.87 | visu=0.20 | above25=3 | score=8.57 | obj_ent=0.780 | 3.2 ep/s
  . rollout 1020 (morr) collect=0.56s update=1.34s elapsed=36.7m
  . rollout 1040 (morr) collect=0.57s update=1.36s elapsed=37.3m
  . rollout 1060 (morr) collect=0.59s update=1.35s elapsed=37.9m
  . rollout 1080 (morr) collect=0.56s update=1.39s elapsed=38.6m
  . rollout 1100 (morr) collect=0.55s update=1.34s elapsed=39.2m
  . rollout 1120 (morr) collect=0.56s update=1.35s elapsed=39.8m
  . rollout 1140 (morr) collect=0.58s update=1.37s elapsed=40.4m
  [interleaved] total_eps≈7871 | morr=0.63 | visu=0.73 | dyna=0.80 | visu=0.23 | above25=3 | score=8.40 | obj_ent=0.821 | 3.2 ep/s
  . rollout 1160 (morr) collect=0.55s update=1.35s elapsed=41.2m
  . rollout 1180 (morr) collect=0.59s update=1.35s elapsed=41.8m
  . rollout 1200 (morr) collect=0.56s update=1.34s elapsed=42.4m
  . rollout 1220 (morr) collect=0.59s update=1.39s elapsed=43.1m
  . rollout 1240 (morr) collect=0.51s update=1.43s elapsed=43.7m
  . rollout 1260 (morr) collect=0.52s update=1.36s elapsed=44.3m
  . rollout 1280 (morr) collect=0.75s update=1.65s elapsed=45.1m
  [interleaved] total_eps≈8854 | morr=0.83 | visu=0.83 | dyna=0.90 | visu=0.23 | above25=3 | score=8.80 | obj_ent=0.838 | 3.2 ep/s
  . rollout 1300 (morr) collect=0.77s update=1.68s elapsed=46.0m
  . rollout 1320 (morr) collect=0.72s update=1.71s elapsed=46.8m
  . rollout 1340 (morr) collect=0.76s update=1.73s elapsed=47.6m
  . rollout 1360 (morr) collect=0.73s update=1.61s elapsed=48.4m
  . rollout 1380 (morr) collect=0.65s update=1.61s elapsed=49.2m
  . rollout 1400 (morr) collect=0.85s update=1.71s elapsed=49.9m
  . rollout 1420 (morr) collect=0.73s update=1.75s elapsed=50.7m
  . rollout 1440 (morr) collect=0.70s update=1.59s elapsed=51.4m
  [interleaved] total_eps≈9837 | morr=1.00 | visu=0.73 | dyna=0.80 | visu=0.17 | above25=3 | score=8.70 | obj_ent=0.770 | 3.2 ep/s
  . rollout 1460 (morr) collect=0.71s update=1.58s elapsed=52.3m
  . rollout 1480 (morr) collect=0.73s update=1.56s elapsed=53.0m
  . rollout 1500 (morr) collect=0.69s update=1.48s elapsed=53.8m
  . rollout 1520 (morr) collect=0.88s update=1.70s elapsed=54.7m
  . rollout 1540 (morr) collect=0.69s update=1.57s elapsed=55.5m
  . rollout 1560 (morr) collect=0.81s update=1.73s elapsed=56.2m
  . rollout 1580 (morr) collect=0.74s update=1.78s elapsed=57.0m
  [interleaved] total_eps≈10820 | morr=0.93 | visu=0.83 | dyna=0.90 | visu=0.20 | above25=3 | score=8.87 | obj_ent=0.766 | 3.1 ep/s
  . rollout 1600 (morr) collect=0.79s update=1.87s elapsed=58.1m
  . rollout 1620 (morr) collect=0.73s update=1.69s elapsed=58.9m
  . rollout 1640 (morr) collect=0.60s update=1.43s elapsed=59.8m
  . rollout 1660 (morr) collect=0.64s update=1.60s elapsed=60.5m
  . rollout 1680 (morr) collect=1.01s update=2.12s elapsed=61.4m
  . rollout 1700 (morr) collect=0.62s update=1.46s elapsed=62.2m
  . rollout 1720 (morr) collect=0.80s update=1.72s elapsed=62.9m
  [interleaved] total_eps≈11803 | morr=0.90 | visu=0.93 | dyna=0.87 | visu=0.13 | above25=3 | score=8.83 | obj_ent=0.763 | 3.1 ep/s
  . rollout 1740 (morr) collect=0.71s update=1.71s elapsed=63.7m
  . rollout 1760 (morr) collect=0.72s update=1.57s elapsed=64.5m
  . rollout 1780 (morr) collect=0.68s update=1.60s elapsed=65.2m
  . rollout 1800 (morr) collect=0.66s update=1.54s elapsed=65.9m
  . rollout 1820 (morr) collect=0.59s update=1.46s elapsed=66.6m
  . rollout 1840 (morr) collect=0.67s update=1.51s elapsed=67.4m
  . rollout 1860 (morr) collect=0.73s update=1.51s elapsed=68.1m
  [interleaved] total_eps≈12786 | morr=1.00 | visu=0.87 | dyna=0.67 | visu=0.20 | above25=3 | score=8.73 | obj_ent=0.843 | 3.1 ep/s
  . rollout 1880 (morr) collect=0.62s update=1.51s elapsed=68.9m
  . rollout 1900 (morr) collect=0.61s update=1.51s elapsed=69.7m
  . rollout 1920 (morr) collect=0.66s update=1.50s elapsed=70.4m
  . rollout 1940 (morr) collect=0.65s update=1.48s elapsed=71.1m
  . rollout 1960 (morr) collect=0.61s update=1.53s elapsed=71.8m
  . rollout 1980 (morr) collect=0.62s update=1.62s elapsed=72.5m
  . rollout 2000 (morr) collect=0.65s update=1.53s elapsed=73.2m
  [interleaved] total_eps≈13769 | morr=1.00 | visu=0.97 | dyna=0.80 | visu=0.13 | above25=3 | score=8.90 | obj_ent=0.739 | 3.1 ep/s
  . rollout 2020 (morr) collect=0.75s update=1.53s elapsed=74.0m
  . rollout 2040 (morr) collect=0.62s update=1.37s elapsed=74.7m
  . rollout 2060 (morr) collect=0.74s update=1.60s elapsed=75.4m
  . rollout 2080 (morr) collect=0.71s update=1.61s elapsed=76.2m
  . rollout 2100 (morr) collect=0.71s update=1.62s elapsed=76.9m
  . rollout 2120 (morr) collect=0.70s update=1.61s elapsed=77.7m
  . rollout 2140 (morr) collect=0.71s update=1.60s elapsed=78.5m
  . rollout 2160 (morr) collect=0.69s update=1.61s elapsed=79.2m
  [interleaved] total_eps≈14752 | morr=0.97 | visu=1.00 | dyna=0.80 | visu=0.13 | above25=3 | score=8.90 | obj_ent=0.790 | 3.1 ep/s
  . rollout 2180 (morr) collect=0.70s update=1.60s elapsed=80.0m
  . rollout 2200 (morr) collect=0.72s update=1.60s elapsed=80.8m
  . rollout 2220 (morr) collect=0.71s update=1.61s elapsed=81.6m
  . rollout 2240 (morr) collect=0.72s update=1.62s elapsed=82.3m
  . rollout 2260 (morr) collect=0.72s update=1.60s elapsed=83.1m
  . rollout 2280 (morr) collect=0.69s update=1.61s elapsed=83.8m
  . rollout 2300 (morr) collect=0.75s update=1.65s elapsed=84.6m
  [interleaved] total_eps≈15735 | morr=0.90 | visu=0.97 | dyna=0.90 | visu=0.30 | above25=4 | score=11.07 | obj_ent=0.709 | 3.1 ep/s
  . rollout 2320 (morr) collect=0.73s update=1.61s elapsed=85.4m
  . rollout 2340 (morr) collect=0.73s update=1.60s elapsed=86.2m
  . rollout 2360 (morr) collect=0.72s update=1.61s elapsed=87.0m
  . rollout 2380 (morr) collect=0.73s update=1.60s elapsed=87.7m
  . rollout 2400 (morr) collect=0.72s update=1.64s elapsed=88.5m
  . rollout 2420 (morr) collect=0.72s update=1.59s elapsed=89.2m
  . rollout 2440 (morr) collect=0.70s update=1.64s elapsed=90.0m
  [interleaved] total_eps≈16719 | morr=1.00 | visu=0.97 | dyna=0.87 | visu=0.23 | above25=3 | score=9.07 | obj_ent=0.708 | 3.1 ep/s
  . rollout 2460 (morr) collect=0.70s update=1.61s elapsed=90.8m
  . rollout 2480 (morr) collect=0.67s update=1.62s elapsed=91.6m
  . rollout 2500 (morr) collect=0.71s update=1.60s elapsed=92.3m
  . rollout 2520 (morr) collect=0.72s update=1.61s elapsed=93.1m
  . rollout 2540 (morr) collect=0.72s update=1.60s elapsed=93.9m
  . rollout 2560 (morr) collect=0.71s update=1.60s elapsed=94.6m
  . rollout 2580 (morr) collect=0.72s update=1.62s elapsed=95.4m
  [interleaved] total_eps≈17702 | morr=0.93 | visu=0.97 | dyna=0.73 | visu=0.40 | above25=4 | score=11.03 | obj_ent=0.732 | 3.1 ep/s
  . rollout 2600 (morr) collect=0.73s update=1.59s elapsed=96.2m
  . rollout 2620 (morr) collect=0.71s update=1.62s elapsed=97.0m
  . rollout 2640 (morr) collect=0.72s update=1.60s elapsed=97.7m
  . rollout 2660 (morr) collect=0.70s update=1.59s elapsed=98.5m
  . rollout 2680 (morr) collect=0.74s update=1.59s elapsed=99.3m
  . rollout 2700 (morr) collect=0.71s update=1.60s elapsed=100.0m
  . rollout 2720 (morr) collect=0.69s update=1.60s elapsed=100.8m
  [interleaved] total_eps≈18685 | morr=0.90 | visu=0.97 | dyna=0.77 | visu=0.40 | above25=4 | score=11.03 | obj_ent=0.632 | 3.1 ep/s
  . rollout 2740 (morr) collect=0.70s update=1.59s elapsed=101.6m
  . rollout 2760 (morr) collect=0.71s update=1.60s elapsed=102.4m
  . rollout 2780 (morr) collect=0.73s update=1.59s elapsed=103.1m
  . rollout 2800 (morr) collect=0.73s update=1.59s elapsed=103.9m
  . rollout 2820 (morr) collect=0.72s update=1.60s elapsed=104.6m
  . rollout 2840 (morr) collect=0.70s update=1.61s elapsed=105.4m
  . rollout 2860 (morr) collect=0.71s update=1.59s elapsed=106.2m
  . rollout 2880 (morr) collect=0.71s update=1.61s elapsed=106.9m
  [interleaved] total_eps≈19668 | morr=0.97 | visu=0.97 | dyna=0.80 | visu=0.40 | above25=4 | score=11.13 | obj_ent=0.685 | 3.1 ep/s
  . rollout 2900 (morr) collect=0.72s update=1.59s elapsed=107.7m
  . rollout 2920 (morr) collect=0.67s update=1.60s elapsed=108.5m
  ✓ augmented on morris_water_maze: success_rate=0.990
  ✓ augmented on visual_foraging: success_rate=1.000
  ✓ augmented on dynamic_obstacles: success_rate=0.780
  ✓ augmented on visual_search: success_rate=0.540

  Interleaved baseline training (shared model)...
  [baseline-interleaved] total_eps≈990 | morr=0.20 | visu=0.40 | dyna=0.07 | visu=0.10 | above25=1 | score=2.77 | 3.4 ep/s
  [baseline-interleaved] total_eps≈1973 | morr=0.27 | visu=0.43 | dyna=0.47 | visu=0.07 | above25=3 | score=7.23 | 3.6 ep/s
  [baseline-interleaved] total_eps≈2956 | morr=0.23 | visu=0.40 | dyna=0.17 | visu=0.10 | above25=1 | score=2.90 | 3.6 ep/s
  [baseline-interleaved] total_eps≈3939 | morr=0.17 | visu=0.43 | dyna=0.57 | visu=0.13 | above25=2 | score=5.30 | 3.6 ep/s
  [baseline-interleaved] total_eps≈4922 | morr=0.03 | visu=0.40 | dyna=0.50 | visu=0.07 | above25=2 | score=5.00 | 3.7 ep/s
  [baseline-interleaved] total_eps≈5905 | morr=0.07 | visu=0.73 | dyna=0.47 | visu=0.13 | above25=2 | score=5.40 | 3.7 ep/s
  [baseline-interleaved] total_eps≈6888 | morr=0.13 | visu=0.50 | dyna=0.67 | visu=0.03 | above25=2 | score=5.33 | 3.8 ep/s
  [baseline-interleaved] total_eps≈7871 | morr=0.13 | visu=0.63 | dyna=0.57 | visu=0.17 | above25=2 | score=5.50 | 3.8 ep/s
  [baseline-interleaved] total_eps≈8854 | morr=0.23 | visu=0.57 | dyna=0.50 | visu=0.17 | above25=2 | score=5.47 | 3.8 ep/s
  [baseline-interleaved] total_eps≈9837 | morr=0.23 | visu=0.60 | dyna=0.40 | visu=0.13 | above25=2 | score=5.37 | 3.8 ep/s
  [baseline-interleaved] total_eps≈10820 | morr=0.23 | visu=0.50 | dyna=0.67 | visu=0.13 | above25=2 | score=5.53 | 3.8 ep/s
  [baseline-interleaved] total_eps≈11803 | morr=0.10 | visu=0.67 | dyna=0.30 | visu=0.07 | above25=2 | score=5.13 | 3.8 ep/s
  [baseline-interleaved] total_eps≈12786 | morr=0.30 | visu=0.53 | dyna=0.67 | visu=0.17 | above25=3 | score=7.67 | 3.8 ep/s
  [baseline-interleaved] total_eps≈13769 | morr=0.17 | visu=0.63 | dyna=0.57 | visu=0.17 | above25=2 | score=5.53 | 3.8 ep/s
  [baseline-interleaved] total_eps≈14752 | morr=0.10 | visu=0.53 | dyna=0.73 | visu=0.07 | above25=2 | score=5.43 | 3.8 ep/s
  [baseline-interleaved] total_eps≈15735 | morr=0.13 | visu=0.57 | dyna=0.77 | visu=0.10 | above25=2 | score=5.57 | 3.8 ep/s
  [baseline-interleaved] total_eps≈16719 | morr=0.20 | visu=0.63 | dyna=0.73 | visu=0.17 | above25=2 | score=5.73 | 3.8 ep/s
  [baseline-interleaved] total_eps≈17702 | morr=0.27 | visu=0.63 | dyna=0.67 | visu=0.13 | above25=3 | score=7.70 | 3.8 ep/s
  [baseline-interleaved] total_eps≈18685 | morr=0.23 | visu=0.63 | dyna=0.60 | visu=0.17 | above25=2 | score=5.63 | 3.7 ep/s
  [baseline-interleaved] total_eps≈19668 | morr=0.30 | visu=0.77 | dyna=0.63 | visu=0.13 | above25=3 | score=7.83 | 3.7 ep/s
  ✓ baseline on morris_water_maze: success_rate=0.160
  ✓ baseline on visual_foraging: success_rate=0.540
  ✓ baseline on dynamic_obstacles: success_rate=0.540
  ✓ baseline on visual_search: success_rate=0.190

======================================================================
PHASE 2: GENERATING PLOTS
======================================================================
  Saved plot: results_main/seed42/comparison_morris_water_maze.png
  Saved plot: results_main/seed42/comparison_visual_foraging.png
  Saved plot: results_main/seed42/comparison_dynamic_obstacles.png
  Saved plot: results_main/seed42/comparison_visual_search.png
  Saved plot: results_main/seed42/final_comparison.png

======================================================================
PHASE 3: EVALUATION
======================================================================

======================================================================
RUNNING FULL GENERALIZABILITY EVALUATION
======================================================================

[1/5] Multi-task performance...
[2/5] Zero-shot transfer...
[3/5] Few-shot adaptation...
[4/5] Catastrophic forgetting...
[5/5] Strategy diversity analysis...

======================================================================
EVALUATION SUMMARY
======================================================================

Multi-task average success rate:
  Augmented (PFC):  0.825
  Baseline (Fixed): 0.325
  Delta:            +0.500

Zero-shot transfer (avg across tasks):
  Augmented: 0.802
  Baseline:  0.381

Few-shot adaptation on 'morris_water_maze':
  Augmented: 20 episodes
  Baseline:  58 episodes

Strategy diversity (augmented model):
  morris_water_maze: entropy=0.654, dist={'EXPLORE': np.float64(0.3183098591549296), 'APPROACH': np.float64(0.6769953051643193), 'EXPLOIT': np.float64(0.004694835680751174)}
  visual_foraging: entropy=0.835, dist={'EXPLORE': np.float64(0.37276933245208194), 'APPROACH': np.float64(0.05023132848645076), 'EXPLOIT': np.float64(0.5769993390614673)}
  dynamic_obstacles: entropy=0.453, dist={'EXPLORE': np.float64(0.8732310737258783), 'APPROACH': np.float64(0.09371598218703613), 'EXPLOIT': np.float64(0.0330529440870856)}
  visual_search: entropy=0.982, dist={'EXPLORE': np.float64(0.5357907253269917), 'APPROACH': np.float64(0.3152794292508918), 'EXPLOIT': np.float64(0.14892984542211654)}
======================================================================
  Saved plot: results_main/seed42/strategy_distribution.png

  Saved evaluation report: results_main/seed42/evaluation_report.json

✓ Experiment complete. Results saved to: results_main/seed42
