Device: cpu

🔬 ABLATION — meta_mode=random, seed=7

  Instantiated parameters: 231,050
  Parameters that train and act: 152,518
  (GRU meta-controller + meta-value head unused in this arm: 78,532 params)

======================================================================
PHASE 1: TRAINING
======================================================================

  Interleaved training from scratch (shared optimizer, meta_mode=random)...
  . rollout 0 (morr) collect=0.40s update=1.46s elapsed=0.0m
  . rollout 20 (morr) collect=0.45s update=1.34s elapsed=0.6m
  . rollout 40 (morr) collect=0.49s update=1.27s elapsed=1.3m
  . rollout 60 (morr) collect=0.39s update=1.46s elapsed=1.8m
  . rollout 80 (morr) collect=0.44s update=1.37s elapsed=2.4m
  . rollout 100 (morr) collect=0.40s update=1.29s elapsed=3.0m
  . rollout 120 (morr) collect=0.44s update=1.30s elapsed=3.6m
  . rollout 140 (morr) collect=0.37s update=1.26s elapsed=4.2m
  [interleaved] total_eps≈990 | morr=0.37 | visu=0.57 | dyna=0.77 | visu=0.13 | above25=3 | score=7.83 | obj_ent=0.000 | 3.7 ep/s
  . rollout 160 (morr) collect=0.37s update=1.24s elapsed=4.8m
  . rollout 180 (morr) collect=0.37s update=1.57s elapsed=5.4m
  . rollout 200 (morr) collect=0.43s update=1.35s elapsed=6.0m
  . rollout 220 (morr) collect=0.39s update=1.38s elapsed=6.6m
  . rollout 240 (morr) collect=0.38s update=1.28s elapsed=7.2m
  . rollout 260 (morr) collect=0.41s update=1.31s elapsed=7.8m
  . rollout 280 (morr) collect=0.41s update=1.37s elapsed=8.4m
  [interleaved] total_eps≈1973 | morr=0.60 | visu=0.40 | dyna=0.80 | visu=0.23 | above25=3 | score=8.03 | obj_ent=0.000 | 3.8 ep/s
  . rollout 300 (morr) collect=0.52s update=1.32s elapsed=9.1m
  . rollout 320 (morr) collect=0.43s update=1.41s elapsed=9.7m
  . rollout 340 (morr) collect=0.41s update=1.50s elapsed=10.3m
  . rollout 360 (morr) collect=0.41s update=1.32s elapsed=10.9m
  . rollout 380 (morr) collect=0.39s update=1.46s elapsed=11.5m
  . rollout 400 (morr) collect=0.39s update=1.34s elapsed=12.1m
  . rollout 420 (morr) collect=0.38s update=1.34s elapsed=12.7m
  [interleaved] total_eps≈2956 | morr=0.53 | visu=0.63 | dyna=0.80 | visu=0.23 | above25=3 | score=8.20 | obj_ent=0.000 | 3.8 ep/s
  . rollout 440 (morr) collect=0.37s update=1.23s elapsed=13.4m
  . rollout 460 (morr) collect=0.37s update=1.23s elapsed=13.9m
  . rollout 480 (morr) collect=0.41s update=1.41s elapsed=14.5m
  . rollout 500 (morr) collect=0.42s update=1.34s elapsed=15.1m
  . rollout 520 (morr) collect=0.43s update=1.37s elapsed=15.7m
  . rollout 540 (morr) collect=0.41s update=1.48s elapsed=16.4m
  . rollout 560 (morr) collect=0.47s update=1.50s elapsed=17.0m
  [interleaved] total_eps≈3939 | morr=0.47 | visu=0.63 | dyna=0.60 | visu=0.20 | above25=3 | score=7.90 | obj_ent=0.000 | 3.7 ep/s
  . rollout 580 (morr) collect=0.39s update=1.27s elapsed=17.7m
  . rollout 600 (morr) collect=0.37s update=1.24s elapsed=18.3m
  . rollout 620 (morr) collect=0.39s update=1.30s elapsed=18.9m
  . rollout 640 (morr) collect=0.37s update=1.23s elapsed=19.5m
  . rollout 660 (morr) collect=0.37s update=1.30s elapsed=20.0m
  . rollout 680 (morr) collect=0.38s update=1.27s elapsed=20.6m
  . rollout 700 (morr) collect=0.37s update=1.32s elapsed=21.1m
  . rollout 720 (morr) collect=0.39s update=1.26s elapsed=21.7m
  [interleaved] total_eps≈4922 | morr=0.33 | visu=0.53 | dyna=0.83 | visu=0.20 | above25=3 | score=7.90 | obj_ent=0.000 | 3.8 ep/s
  . rollout 740 (morr) collect=0.36s update=1.25s elapsed=22.4m
  . rollout 760 (morr) collect=0.38s update=1.31s elapsed=23.0m
  . rollout 780 (morr) collect=0.61s update=1.56s elapsed=23.6m
  . rollout 800 (morr) collect=0.49s update=1.41s elapsed=24.3m
  . rollout 820 (morr) collect=0.41s update=1.39s elapsed=24.9m
  . rollout 840 (morr) collect=0.43s update=1.47s elapsed=25.6m
  . rollout 860 (morr) collect=0.42s update=1.53s elapsed=26.2m
  [interleaved] total_eps≈5905 | morr=0.63 | visu=0.77 | dyna=0.73 | visu=0.17 | above25=3 | score=8.30 | obj_ent=0.000 | 3.7 ep/s
  . rollout 880 (morr) collect=0.49s update=1.51s elapsed=27.0m
  . rollout 900 (morr) collect=0.40s update=1.31s elapsed=27.6m
  . rollout 920 (morr) collect=0.53s update=1.72s elapsed=28.3m
  . rollout 940 (morr) collect=0.42s update=1.45s elapsed=28.9m
  . rollout 960 (morr) collect=0.42s update=1.32s elapsed=29.6m
  . rollout 980 (morr) collect=0.41s update=1.35s elapsed=30.2m
  . rollout 1000 (morr) collect=0.46s update=1.37s elapsed=30.8m
  [interleaved] total_eps≈6888 | morr=0.63 | visu=0.63 | dyna=0.73 | visu=0.23 | above25=3 | score=8.23 | obj_ent=0.000 | 3.7 ep/s
  . rollout 1020 (morr) collect=0.41s update=1.34s elapsed=31.6m
  . rollout 1040 (morr) collect=0.39s update=1.49s elapsed=32.2m
  . rollout 1060 (morr) collect=0.38s update=1.28s elapsed=32.8m
  . rollout 1080 (morr) collect=0.38s update=1.23s elapsed=33.3m
  . rollout 1100 (morr) collect=0.37s update=1.23s elapsed=33.9m
  . rollout 1120 (morr) collect=0.37s update=1.25s elapsed=34.4m
  . rollout 1140 (morr) collect=0.40s update=1.52s elapsed=35.0m
  [interleaved] total_eps≈7871 | morr=0.53 | visu=0.57 | dyna=0.93 | visu=0.10 | above25=3 | score=8.13 | obj_ent=0.000 | 3.7 ep/s
  . rollout 1160 (morr) collect=0.51s update=1.34s elapsed=35.7m
  . rollout 1180 (morr) collect=0.36s update=1.27s elapsed=36.3m
  . rollout 1200 (morr) collect=0.41s update=1.29s elapsed=36.8m
  . rollout 1220 (morr) collect=0.46s update=1.59s elapsed=37.5m
  . rollout 1240 (morr) collect=0.44s update=1.39s elapsed=38.1m
  . rollout 1260 (morr) collect=0.41s update=1.71s elapsed=38.8m
  . rollout 1280 (morr) collect=0.41s update=1.29s elapsed=39.4m
  [interleaved] total_eps≈8854 | morr=0.73 | visu=0.53 | dyna=0.87 | visu=0.20 | above25=3 | score=8.33 | obj_ent=0.000 | 3.7 ep/s
  . rollout 1300 (morr) collect=0.38s update=1.54s elapsed=40.1m
  . rollout 1320 (morr) collect=0.42s update=1.37s elapsed=40.8m
  . rollout 1340 (morr) collect=0.42s update=1.35s elapsed=41.4m
  . rollout 1360 (morr) collect=0.38s update=1.36s elapsed=42.0m
  . rollout 1380 (morr) collect=0.43s update=1.66s elapsed=42.7m
  . rollout 1400 (morr) collect=0.47s update=1.65s elapsed=43.4m
  . rollout 1420 (morr) collect=0.40s update=1.26s elapsed=44.0m
  . rollout 1440 (morr) collect=0.49s update=1.91s elapsed=44.6m
  [interleaved] total_eps≈9837 | morr=0.53 | visu=0.63 | dyna=0.93 | visu=0.23 | above25=3 | score=8.33 | obj_ent=0.000 | 3.7 ep/s
  . rollout 1460 (morr) collect=0.48s update=1.77s elapsed=45.5m
  . rollout 1480 (morr) collect=0.60s update=1.76s elapsed=46.2m
  . rollout 1500 (morr) collect=0.42s update=1.41s elapsed=46.8m
  . rollout 1520 (morr) collect=0.51s update=1.88s elapsed=47.5m
  . rollout 1540 (morr) collect=0.43s update=1.49s elapsed=48.2m
  . rollout 1560 (morr) collect=0.41s update=1.44s elapsed=48.9m
  . rollout 1580 (morr) collect=0.47s update=1.59s elapsed=49.6m
  [interleaved] total_eps≈10820 | morr=0.67 | visu=0.63 | dyna=0.77 | visu=0.27 | above25=4 | score=10.33 | obj_ent=0.000 | 3.6 ep/s
  . rollout 1600 (morr) collect=0.50s update=1.57s elapsed=50.4m
  . rollout 1620 (morr) collect=0.48s update=1.53s elapsed=51.1m
  . rollout 1640 (morr) collect=0.48s update=1.47s elapsed=51.7m
  . rollout 1660 (morr) collect=0.49s update=1.63s elapsed=52.4m
  . rollout 1680 (morr) collect=0.40s update=1.47s elapsed=53.1m
  . rollout 1700 (morr) collect=0.43s update=1.49s elapsed=53.8m
  . rollout 1720 (morr) collect=0.40s update=1.53s elapsed=54.4m
  [interleaved] total_eps≈11803 | morr=0.63 | visu=0.80 | dyna=0.97 | visu=0.30 | above25=4 | score=10.70 | obj_ent=0.000 | 3.6 ep/s
  . rollout 1740 (morr) collect=0.48s update=1.39s elapsed=55.2m
  . rollout 1760 (morr) collect=0.44s update=1.44s elapsed=55.9m
  . rollout 1780 (morr) collect=0.40s update=1.36s elapsed=56.5m
  . rollout 1800 (morr) collect=0.47s update=1.39s elapsed=57.1m
  . rollout 1820 (morr) collect=0.41s update=1.32s elapsed=57.8m
  . rollout 1840 (morr) collect=0.46s update=1.55s elapsed=58.5m
  . rollout 1860 (morr) collect=0.41s update=1.37s elapsed=59.1m
  [interleaved] total_eps≈12786 | morr=0.63 | visu=0.70 | dyna=0.93 | visu=0.37 | above25=4 | score=10.63 | obj_ent=0.000 | 3.6 ep/s
  . rollout 1880 (morr) collect=0.43s update=1.32s elapsed=59.9m
  . rollout 1900 (morr) collect=0.40s update=1.46s elapsed=60.5m
  . rollout 1920 (morr) collect=0.37s update=1.36s elapsed=61.2m
  . rollout 1940 (morr) collect=0.43s update=1.37s elapsed=61.8m
  . rollout 1960 (morr) collect=0.51s update=1.49s elapsed=62.5m
  . rollout 1980 (morr) collect=0.45s update=1.78s elapsed=63.1m
  . rollout 2000 (morr) collect=0.40s update=1.52s elapsed=63.8m
  [interleaved] total_eps≈13769 | morr=0.40 | visu=0.80 | dyna=0.83 | visu=0.10 | above25=3 | score=8.13 | obj_ent=0.000 | 3.6 ep/s
  . rollout 2020 (morr) collect=0.52s update=1.63s elapsed=64.6m
  . rollout 2040 (morr) collect=0.47s update=1.60s elapsed=65.3m
  . rollout 2060 (morr) collect=0.52s update=1.47s elapsed=66.0m
  . rollout 2080 (morr) collect=0.53s update=1.80s elapsed=66.7m
  . rollout 2100 (morr) collect=0.41s update=1.29s elapsed=67.4m
  . rollout 2120 (morr) collect=0.49s update=1.52s elapsed=68.1m
  . rollout 2140 (morr) collect=0.47s update=1.63s elapsed=68.8m
  . rollout 2160 (morr) collect=0.50s update=1.73s elapsed=69.5m
  [interleaved] total_eps≈14752 | morr=0.70 | visu=0.73 | dyna=0.97 | visu=0.23 | above25=3 | score=8.63 | obj_ent=0.000 | 3.5 ep/s
  . rollout 2180 (morr) collect=0.41s update=1.40s elapsed=70.3m
  . rollout 2200 (morr) collect=0.42s update=1.40s elapsed=71.0m
  . rollout 2220 (morr) collect=0.48s update=1.61s elapsed=71.7m
  . rollout 2240 (morr) collect=0.62s update=1.63s elapsed=72.4m
  . rollout 2260 (morr) collect=0.42s update=1.46s elapsed=73.1m
  . rollout 2280 (morr) collect=0.51s update=1.43s elapsed=73.8m
  . rollout 2300 (morr) collect=0.44s update=1.42s elapsed=74.4m
  [interleaved] total_eps≈15735 | morr=0.70 | visu=0.67 | dyna=0.97 | visu=0.27 | above25=4 | score=10.60 | obj_ent=0.000 | 3.5 ep/s
  . rollout 2320 (morr) collect=0.48s update=1.58s elapsed=75.2m
  . rollout 2340 (morr) collect=0.48s update=1.64s elapsed=75.9m
  . rollout 2360 (morr) collect=0.54s update=1.71s elapsed=76.6m
  . rollout 2380 (morr) collect=0.44s update=1.47s elapsed=77.3m
  . rollout 2400 (morr) collect=0.45s update=1.48s elapsed=78.0m
  . rollout 2420 (morr) collect=0.50s update=1.59s elapsed=78.7m
  . rollout 2440 (morr) collect=0.45s update=1.53s elapsed=79.3m
  [interleaved] total_eps≈16719 | morr=0.60 | visu=0.67 | dyna=0.93 | visu=0.03 | above25=3 | score=8.23 | obj_ent=0.000 | 3.5 ep/s
  . rollout 2460 (morr) collect=0.47s update=1.66s elapsed=80.1m
  . rollout 2480 (morr) collect=0.43s update=1.40s elapsed=80.8m
  . rollout 2500 (morr) collect=0.37s update=1.29s elapsed=81.5m
  . rollout 2520 (morr) collect=0.51s update=1.50s elapsed=82.2m
  . rollout 2540 (morr) collect=0.38s update=1.36s elapsed=82.8m
  . rollout 2560 (morr) collect=0.44s update=1.54s elapsed=83.5m
  . rollout 2580 (morr) collect=0.47s update=1.62s elapsed=84.2m
  [interleaved] total_eps≈17702 | morr=0.63 | visu=0.73 | dyna=0.97 | visu=0.20 | above25=3 | score=8.53 | obj_ent=0.000 | 3.5 ep/s
  . rollout 2600 (morr) collect=0.52s update=1.56s elapsed=85.0m
  . rollout 2620 (morr) collect=0.42s update=1.37s elapsed=85.7m
  . rollout 2640 (morr) collect=0.41s update=1.36s elapsed=86.3m
  . rollout 2660 (morr) collect=0.37s update=1.29s elapsed=86.9m
  . rollout 2680 (morr) collect=0.42s update=1.26s elapsed=87.5m
  . rollout 2700 (morr) collect=0.36s update=1.27s elapsed=88.0m
  . rollout 2720 (morr) collect=0.37s update=1.27s elapsed=88.6m
  [interleaved] total_eps≈18685 | morr=0.97 | visu=0.77 | dyna=0.63 | visu=0.20 | above25=3 | score=8.57 | obj_ent=0.000 | 3.5 ep/s
  . rollout 2740 (morr) collect=0.38s update=1.25s elapsed=89.2m
  . rollout 2760 (morr) collect=0.42s update=1.45s elapsed=89.9m
  . rollout 2780 (morr) collect=0.45s update=1.58s elapsed=90.5m
  . rollout 2800 (morr) collect=0.49s update=1.53s elapsed=91.2m
  . rollout 2820 (morr) collect=0.43s update=1.46s elapsed=91.8m
  . rollout 2840 (morr) collect=0.55s update=1.58s elapsed=92.6m
  . rollout 2860 (morr) collect=0.46s update=1.57s elapsed=93.3m
  . rollout 2880 (morr) collect=0.45s update=1.58s elapsed=93.9m
  [interleaved] total_eps≈19668 | morr=0.90 | visu=0.73 | dyna=0.83 | visu=0.17 | above25=3 | score=8.63 | obj_ent=0.000 | 3.5 ep/s
  . rollout 2900 (morr) collect=0.42s update=1.44s elapsed=94.6m
  . rollout 2920 (morr) collect=0.39s update=1.31s elapsed=95.3m
  [restoring best model: sum=10.70]

======================================================================
PHASE 2: EVALUATION
======================================================================
  ✓ random on morris_water_maze: success_rate=0.570
  ✓ random on visual_foraging: success_rate=0.720
  ✓ random on dynamic_obstacles: success_rate=0.920
  ✓ random on visual_search: success_rate=0.210

  random: multi-task avg=0.605, zero-shot avg=0.560
  Saved ablation report: results_ablation_random/seed7/evaluation_report.json

✓ Experiment complete. Results saved to: results_ablation_random/seed7
